<html>
<body>
<pre>
<h1>µVision Build Log</h1>
<h2>Tool Versions:</h2>
IDE-Version: ¦ÌVision V5.43.1.0
Copyright (C) 2025 ARM Ltd and ARM Germany GmbH. All rights reserved.
License Information: 12 12, 12, LIC=21E4T-R90QH-FWV2N-YKIZW-44UU2-4ESLP
 
Tool Versions:
Toolchain:       MDK-ARM Plus  Version: 5.43.0.0
Toolchain Path:  D:\01_Software\01\Keil_v5\ARM\ARMCLANG\Bin
C Compiler:      ArmClang.exe V6.24
Assembler:       Armasm.exe V6.24
Linker/Locator:  ArmLink.exe V6.24
Library Manager: ArmAr.exe V6.24
Hex Converter:   FromElf.exe V6.24
CPU DLL:         SARMCM3.DLL V5.43.0.0
Dialog DLL:      DCM.DLL V1.17.5.0
Target DLL:      STLink\ST-LINKIII-KEIL_SWO.dll V3.3.1.0
Dialog DLL:      TCM.DLL V1.56.6.0
 
<h2>Project:</h2>
D:\01_Software\02_Repository\STM32H7_Demo\MDK-ARM\STM32H7_Demo.uvprojx
Project File Date:  02/12/2026

<h2>Output:</h2>
*** Using Compiler 'V6.24', folder: 'D:\01_Software\01\Keil_v5\ARM\ARMCLANG\Bin'
Rebuild target 'STM32H7_Demo'
compiling main.c...
compiling tim.c...
compiling gpio.c...
compiling stm32h7xx_hal_cortex.c...
compiling stm32h7xx_hal_tim_ex.c...
compiling stm32h7xx_hal_msp.c...
compiling stm32h7xx_hal_rcc.c...
compiling usart.c...
compiling stm32h7xx_it.c...
compiling stm32h7xx_hal_flash_ex.c...
compiling stm32h7xx_hal_timebase_tim.c...
compiling stm32h7xx_hal_flash.c...
assembling startup_stm32h743xx.s...
compiling stm32h7xx_hal_gpio.c...
compiling stm32h7xx_hal_rcc_ex.c...
compiling stm32h7xx_hal_hsem.c...
compiling stm32h7xx_hal_tim.c...
compiling stm32h7xx_hal_dma_ex.c...
compiling stm32h7xx_hal_pwr.c...
compiling stm32h7xx_hal.c...
compiling stm32h7xx_hal_mdma.c...
compiling stm32h7xx_hal_pwr_ex.c...
compiling stm32h7xx_hal_dma.c...
compiling stm32h7xx_hal_i2c_ex.c...
compiling list.c...
compiling heap_4.c...
compiling tasks.c...
compiling stm32h7xx_hal_exti.c...
compiling stm32h7xx_hal_uart_ex.c...
compiling queue.c...
compiling system_stm32h7xx.c...
compiling port.c...
compiling stm32h7xx_hal_i2c.c...
compiling stm32h7xx_hal_uart.c...
linking...
Program Size: Code=37460 RO-data=1020 RW-data=24 ZI-data=22232  
FromELF: creating hex file...
"STM32H7_Demo\STM32H7_Demo.axf" - 0 Error(s), 0 Warning(s).

<h2>Software Packages used:</h2>

Package Vendor: ARM
                https://www.keil.com/pack/ARM.CMSIS.6.3.0.pack
                ARM::CMSIS@6.3.0
                CMSIS (Common Microcontroller Software Interface Standard)
   * Component: CORE Version: 6.2.0

Package Vendor: Keil
                https://www.keil.com/pack/Keil.STM32H7xx_DFP.4.1.3.pack
                Keil::STM32H7xx_DFP@4.1.3
                STMicroelectronics STM32H7 Series Device Support

<h2>Collection of Component include folders:</h2>
  ./RTE/_STM32H7_Demo
  D:/01_Software/01/Keil_v5/ARM/Packs/ARM/CMSIS/6.3.0/CMSIS/Core/Include

<h2>Collection of Component Files used:</h2>

   * Component: ARM::CMSIS:CORE@6.2.0
      Include file:  CMSIS/Core/Include/tz_context.h
Build Time Elapsed:  00:00:01
</pre>
</body>
</html>
