Component: Arm Compiler for Embedded 6.24 Tool: armlink [5f371500]

==============================================================================

Section Cross References

    startup_stm32h743xx.o(RESET) refers to startup_stm32h743xx.o(STACK) for __initial_sp
    startup_stm32h743xx.o(RESET) refers to startup_stm32h743xx.o(.text) for Reset_Handler
    startup_stm32h743xx.o(RESET) refers to stm32h7xx_it.o(.text.NMI_Handler) for NMI_Handler
    startup_stm32h743xx.o(RESET) refers to stm32h7xx_it.o(.text.HardFault_Handler) for HardFault_Handler
    startup_stm32h743xx.o(RESET) refers to stm32h7xx_it.o(.text.MemManage_Handler) for MemManage_Handler
    startup_stm32h743xx.o(RESET) refers to stm32h7xx_it.o(.text.BusFault_Handler) for BusFault_Handler
    startup_stm32h743xx.o(RESET) refers to stm32h7xx_it.o(.text.UsageFault_Handler) for UsageFault_Handler
    startup_stm32h743xx.o(RESET) refers to port.o(.text.SVC_Handler) for SVC_Handler
    startup_stm32h743xx.o(RESET) refers to stm32h7xx_it.o(.text.DebugMon_Handler) for DebugMon_Handler
    startup_stm32h743xx.o(RESET) refers to port.o(.text.PendSV_Handler) for PendSV_Handler
    startup_stm32h743xx.o(RESET) refers to port.o(.text.SysTick_Handler) for SysTick_Handler
    startup_stm32h743xx.o(RESET) refers to stm32h7xx_it.o(.text.TIM6_DAC_IRQHandler) for TIM6_DAC_IRQHandler
    startup_stm32h743xx.o(RESET) refers to stm32h7xx_it.o(.text.TIM7_IRQHandler) for TIM7_IRQHandler
    startup_stm32h743xx.o(.text) refers to system_stm32h7xx.o(.text.ExitRun0Mode) for ExitRun0Mode
    startup_stm32h743xx.o(.text) refers to system_stm32h7xx.o(.text.SystemInit) for SystemInit
    startup_stm32h743xx.o(.text) refers to entry.o(.ARM.Collect$$$$00000000) for __main
    main.o(.text.fputc) refers to usart.o(.bss.huart1) for huart1
    main.o(.text.fputc) refers to stm32h7xx_hal_uart.o(.text.HAL_UART_Transmit) for HAL_UART_Transmit
    main.o(.ARM.exidx.text.fputc) refers to main.o(.text.fputc) for [Anonymous Symbol]
    main.o(.text.fgetc) refers to usart.o(.bss.huart1) for huart1
    main.o(.text.fgetc) refers to stm32h7xx_hal_uart.o(.text.HAL_UART_Receive) for HAL_UART_Receive
    main.o(.ARM.exidx.text.fgetc) refers to main.o(.text.fgetc) for [Anonymous Symbol]
    main.o(.text.StartTask) refers to stm32h7xx_hal_gpio.o(.text.HAL_GPIO_TogglePin) for HAL_GPIO_TogglePin
    main.o(.text.StartTask) refers to tasks.o(.text.vTaskDelay) for vTaskDelay
    main.o(.ARM.exidx.text.StartTask) refers to main.o(.text.StartTask) for [Anonymous Symbol]
    main.o(.text.UsartTask) refers to strlen.o(.text) for strlen
    main.o(.text.UsartTask) refers to memseta.o(.text) for __aeabi_memclr
    main.o(.text.UsartTask) refers to main.o(.rodata.str1.1) for .L.str
    main.o(.text.UsartTask) refers to printfa.o(i.__0printf) for printf
    main.o(.text.UsartTask) refers to tasks.o(.text.vTaskListTasks) for vTaskListTasks
    main.o(.text.UsartTask) refers to tasks.o(.text.vTaskGetRunTimeStatistics) for vTaskGetRunTimeStatistics
    main.o(.text.UsartTask) refers to tasks.o(.text.vTaskDelay) for vTaskDelay
    main.o(.ARM.exidx.text.UsartTask) refers to main.o(.text.UsartTask) for [Anonymous Symbol]
    main.o(.text.main) refers to main.o(.text.MPU_Config) for MPU_Config
    main.o(.text.main) refers to stm32h7xx_hal.o(.text.HAL_Init) for HAL_Init
    main.o(.text.main) refers to main.o(.text.SystemClock_Config) for SystemClock_Config
    main.o(.text.main) refers to gpio.o(.text.MX_GPIO_Init) for MX_GPIO_Init
    main.o(.text.main) refers to usart.o(.text.MX_USART1_UART_Init) for MX_USART1_UART_Init
    main.o(.text.main) refers to tim.o(.text.MX_TIM1_Init) for MX_TIM1_Init
    main.o(.text.main) refers to tim.o(.text.MX_TIM7_Init) for MX_TIM7_Init
    main.o(.text.main) refers to tim.o(.bss.htim7) for htim7
    main.o(.text.main) refers to stm32h7xx_hal_tim.o(.text.HAL_TIM_Base_Start_IT) for HAL_TIM_Base_Start_IT
    main.o(.text.main) refers to main.o(.rodata.str1.1) for .L.str.4
    main.o(.text.main) refers to printfa.o(i.__0printf) for printf
    main.o(.text.main) refers to main.o(.text.StartTask) for StartTask
    main.o(.text.main) refers to tasks.o(.text.xTaskCreate) for xTaskCreate
    main.o(.text.main) refers to main.o(.text.UsartTask) for UsartTask
    main.o(.text.main) refers to tasks.o(.text.vTaskStartScheduler) for vTaskStartScheduler
    main.o(.ARM.exidx.text.main) refers to main.o(.text.main) for [Anonymous Symbol]
    main.o(.text.MPU_Config) refers to stm32h7xx_hal_cortex.o(.text.HAL_MPU_Disable) for HAL_MPU_Disable
    main.o(.text.MPU_Config) refers to stm32h7xx_hal_cortex.o(.text.HAL_MPU_ConfigRegion) for HAL_MPU_ConfigRegion
    main.o(.text.MPU_Config) refers to stm32h7xx_hal_cortex.o(.text.HAL_MPU_Enable) for HAL_MPU_Enable
    main.o(.ARM.exidx.text.MPU_Config) refers to main.o(.text.MPU_Config) for [Anonymous Symbol]
    main.o(.text.SystemClock_Config) refers to memseta.o(.text) for __aeabi_memclr4
[...]
    NVIC_EncodePriority                      0x08004b91   Thumb Code   108  stm32h7xx_hal_cortex.o(.text.NVIC_EncodePriority)
    [Anonymous Symbol]                       0x08004b90   Section        0  stm32h7xx_hal_cortex.o(.text.NVIC_EncodePriority)
    [Anonymous Symbol]                       0x08004c00   Section        0  port.o(.text.PendSV_Handler)
    pxCurrentTCBConst                        0x08004c60   Number         0  port.o(.text.PendSV_Handler)
    RCCEx_PLL2_Config                        0x08004c69   Thumb Code   458  stm32h7xx_hal_rcc_ex.o(.text.RCCEx_PLL2_Config)
    [Anonymous Symbol]                       0x08004c68   Section        0  stm32h7xx_hal_rcc_ex.o(.text.RCCEx_PLL2_Config)
    RCCEx_PLL3_Config                        0x08004e39   Thumb Code   458  stm32h7xx_hal_rcc_ex.o(.text.RCCEx_PLL3_Config)
    [Anonymous Symbol]                       0x08004e38   Section        0  stm32h7xx_hal_rcc_ex.o(.text.RCCEx_PLL3_Config)
    [Anonymous Symbol]                       0x08005010   Section        0  port.o(.text.SVC_Handler)
    pxCurrentTCBConst2                       0x08005030   Number         0  port.o(.text.SVC_Handler)
    [Anonymous Symbol]                       0x08005038   Section        0  main.o(.text.StartTask)
    [Anonymous Symbol]                       0x08005058   Section        0  port.o(.text.SysTick_Handler)
    [Anonymous Symbol]                       0x080050a0   Section        0  main.o(.text.SystemClock_Config)
    [Anonymous Symbol]                       0x08005188   Section        0  system_stm32h7xx.o(.text.SystemInit)
    [Anonymous Symbol]                       0x08005318   Section        0  stm32h7xx_it.o(.text.TIM6_DAC_IRQHandler)
    [Anonymous Symbol]                       0x08005328   Section        0  stm32h7xx_it.o(.text.TIM7_IRQHandler)
    [Anonymous Symbol]                       0x08005338   Section        0  stm32h7xx_hal_tim.o(.text.TIM_Base_SetConfig)
    TIM_OC1_SetConfig                        0x080054e1   Thumb Code   336  stm32h7xx_hal_tim.o(.text.TIM_OC1_SetConfig)
    [Anonymous Symbol]                       0x080054e0   Section        0  stm32h7xx_hal_tim.o(.text.TIM_OC1_SetConfig)
    [Anonymous Symbol]                       0x08005630   Section        0  stm32h7xx_hal_tim.o(.text.TIM_OC2_SetConfig)
    TIM_OC3_SetConfig                        0x080057a1   Thumb Code   362  stm32h7xx_hal_tim.o(.text.TIM_OC3_SetConfig)
    [Anonymous Symbol]                       0x080057a0   Section        0  stm32h7xx_hal_tim.o(.text.TIM_OC3_SetConfig)
    TIM_OC4_SetConfig                        0x08005911   Thumb Code   218  stm32h7xx_hal_tim.o(.text.TIM_OC4_SetConfig)
    [Anonymous Symbol]                       0x08005910   Section        0  stm32h7xx_hal_tim.o(.text.TIM_OC4_SetConfig)
    TIM_OC5_SetConfig                        0x080059f1   Thumb Code   208  stm32h7xx_hal_tim.o(.text.TIM_OC5_SetConfig)
    [Anonymous Symbol]                       0x080059f0   Section        0  stm32h7xx_hal_tim.o(.text.TIM_OC5_SetConfig)
    TIM_OC6_SetConfig                        0x08005ac1   Thumb Code   210  stm32h7xx_hal_tim.o(.text.TIM_OC6_SetConfig)
    [Anonymous Symbol]                       0x08005ac0   Section        0  stm32h7xx_hal_tim.o(.text.TIM_OC6_SetConfig)
    UARTEx_SetNbDataToProcess                0x08005b99   Thumb Code   134  stm32h7xx_hal_uart_ex.o(.text.UARTEx_SetNbDataToProcess)
    [Anonymous Symbol]                       0x08005b98   Section        0  stm32h7xx_hal_uart_ex.o(.text.UARTEx_SetNbDataToProcess)
    [Anonymous Symbol]                       0x08005c20   Section        0  stm32h7xx_hal_uart.o(.text.UART_AdvFeatureConfig)
    [Anonymous Symbol]                       0x08005d68   Section        0  stm32h7xx_hal_uart.o(.text.UART_CheckIdleState)
    UART_EndRxTransfer                       0x08005eb1   Thumb Code   158  stm32h7xx_hal_uart.o(.text.UART_EndRxTransfer)
    [Anonymous Symbol]                       0x08005eb0   Section        0  stm32h7xx_hal_uart.o(.text.UART_EndRxTransfer)
    [Anonymous Symbol]                       0x08005f50   Section        0  stm32h7xx_hal_uart.o(.text.UART_SetConfig)
    [Anonymous Symbol]                       0x08006878   Section        0  stm32h7xx_hal_uart.o(.text.UART_WaitOnFlagUntilTimeout)
    [Anonymous Symbol]                       0x08006988   Section        0  stm32h7xx_it.o(.text.UsageFault_Handler)
    [Anonymous Symbol]                       0x08006990   Section        0  main.o(.text.UsartTask)
    __NVIC_EnableIRQ                         0x08006a19   Thumb Code    48  stm32h7xx_hal_cortex.o(.text.__NVIC_EnableIRQ)
    [Anonymous Symbol]                       0x08006a18   Section        0  stm32h7xx_hal_cortex.o(.text.__NVIC_EnableIRQ)
    __NVIC_GetPriorityGrouping               0x08006a49   Thumb Code    16  stm32h7xx_hal_cortex.o(.text.__NVIC_GetPriorityGrouping)
    [Anonymous Symbol]                       0x08006a48   Section        0  stm32h7xx_hal_cortex.o(.text.__NVIC_GetPriorityGrouping)
    __NVIC_SetPriority                       0x08006a59   Thumb Code    66  stm32h7xx_hal_cortex.o(.text.__NVIC_SetPriority)
    [Anonymous Symbol]                       0x08006a58   Section        0  stm32h7xx_hal_cortex.o(.text.__NVIC_SetPriority)
    __NVIC_SetPriorityGrouping               0x08006aa1   Thumb Code    60  stm32h7xx_hal_cortex.o(.text.__NVIC_SetPriorityGrouping)
    [Anonymous Symbol]                       0x08006aa0   Section        0  stm32h7xx_hal_cortex.o(.text.__NVIC_SetPriorityGrouping)
    [Anonymous Symbol]                       0x08006ae0   Section        0  tasks.o(.text.eTaskGetState)
    [Anonymous Symbol]                       0x08006c18   Section        0  main.o(.text.fputc)
    [Anonymous Symbol]                       0x08006c40   Section        0  main.o(.text.main)
    prvAddCurrentTaskToDelayedList           0x08006cd9   Thumb Code   294  tasks.o(.text.prvAddCurrentTaskToDelayedList)
    [Anonymous Symbol]                       0x08006cd8   Section        0  tasks.o(.text.prvAddCurrentTaskToDelayedList)
    prvAddNewTaskToReadyList                 0x08006e01   Thumb Code   352  tasks.o(.text.prvAddNewTaskToReadyList)
    [Anonymous Symbol]                       0x08006e00   Section        0  tasks.o(.text.prvAddNewTaskToReadyList)
    prvCheckTasksWaitingTermination          0x08006f61   Thumb Code    90  tasks.o(.text.prvCheckTasksWaitingTermination)
    [Anonymous Symbol]                       0x08006f60   Section        0  tasks.o(.text.prvCheckTasksWaitingTermination)
    prvCreateIdleTasks                       0x08006fc1   Thumb Code   146  tasks.o(.text.prvCreateIdleTasks)
    [Anonymous Symbol]                       0x08006fc0   Section        0  tasks.o(.text.prvCreateIdleTasks)
    prvCreateTask                            0x08007059   Thumb Code   136  tasks.o(.text.prvCreateTask)
    [Anonymous Symbol]                       0x08007058   Section        0  tasks.o(.text.prvCreateTask)
    prvDeleteTCB                             0x080070e1   Thumb Code    24  tasks.o(.text.prvDeleteTCB)
    [Anonymous Symbol]                       0x080070e0   Section        0  tasks.o(.text.prvDeleteTCB)
    prvHeapInit                              0x080070f9   Thumb Code   170  heap_4.o(.text.prvHeapInit)
    [Anonymous Symbol]                       0x080070f8   Section        0  heap_4.o(.text.prvHeapInit)
    prvIdleTask                              0x080071a9   Thumb Code    56  tasks.o(.text.prvIdleTask)
    [Anonymous Symbol]                       0x080071a8   Section        0  tasks.o(.text.prvIdleTask)
    prvInitialiseNewTask                     0x080071e1   Thumb Code   300  tasks.o(.text.prvInitialiseNewTask)
    [Anonymous Symbol]                       0x080071e0   Section        0  tasks.o(.text.prvInitialiseNewTask)
    prvInitialiseTaskLists                   0x08007311   Thumb Code   142  tasks.o(.text.prvInitialiseTaskLists)
    [Anonymous Symbol]                       0x08007310   Section        0  tasks.o(.text.prvInitialiseTaskLists)
    prvInsertBlockIntoFreeList               0x080073a1   Thumb Code   298  heap_4.o(.text.prvInsertBlockIntoFreeList)
    [Anonymous Symbol]                       0x080073a0   Section        0  heap_4.o(.text.prvInsertBlockIntoFreeList)
    prvListTasksWithinSingleList             0x080074d1   Thumb Code   106  tasks.o(.text.prvListTasksWithinSingleList)
    [Anonymous Symbol]                       0x080074d0   Section        0  tasks.o(.text.prvListTasksWithinSingleList)
    prvPortStartFirstTask                    0x08007541   Thumb Code    40  port.o(.text.prvPortStartFirstTask)
    [Anonymous Symbol]                       0x08007540   Section        0  port.o(.text.prvPortStartFirstTask)
    prvResetNextTaskUnblockTime              0x08007569   Thumb Code    60  tasks.o(.text.prvResetNextTaskUnblockTime)
    [Anonymous Symbol]                       0x08007568   Section        0  tasks.o(.text.prvResetNextTaskUnblockTime)
    prvSnprintfReturnValueToCharsWritten     0x080075a9   Thumb Code    54  tasks.o(.text.prvSnprintfReturnValueToCharsWritten)
    [Anonymous Symbol]                       0x080075a8   Section        0  tasks.o(.text.prvSnprintfReturnValueToCharsWritten)
    prvTaskCheckFreeStackSpace               0x080075e1   Thumb Code    46  tasks.o(.text.prvTaskCheckFreeStackSpace)
    [Anonymous Symbol]                       0x080075e0   Section        0  tasks.o(.text.prvTaskCheckFreeStackSpace)
    prvTaskExitError                         0x08007611   Thumb Code    84  port.o(.text.prvTaskExitError)
    [Anonymous Symbol]                       0x08007610   Section        0  port.o(.text.prvTaskExitError)
    prvWriteNameToBuffer                     0x08007669   Thumb Code    70  tasks.o(.text.prvWriteNameToBuffer)
    [Anonymous Symbol]                       0x08007668   Section        0  tasks.o(.text.prvWriteNameToBuffer)
    [Anonymous Symbol]                       0x080076b0   Section        0  heap_4.o(.text.pvPortMalloc)
    [Anonymous Symbol]                       0x080079d0   Section        0  port.o(.text.pxPortInitialiseStack)
    [Anonymous Symbol]                       0x08007a30   Section        0  list.o(.text.uxListRemove)
    [Anonymous Symbol]                       0x08007a78   Section        0  tasks.o(.text.uxTaskGetSystemState)
    [Anonymous Symbol]                       0x08007ba0   Section        0  list.o(.text.vListInitialise)
    [Anonymous Symbol]                       0x08007bd0   Section        0  list.o(.text.vListInitialiseItem)
    [Anonymous Symbol]                       0x08007be0   Section        0  list.o(.text.vListInsert)
    vPortEnableVFP                           0x08007c51   Thumb Code    20  port.o(.text.vPortEnableVFP)
    [Anonymous Symbol]                       0x08007c50   Section        0  port.o(.text.vPortEnableVFP)
    [Anonymous Symbol]                       0x08007c68   Section        0  port.o(.text.vPortEnterCritical)
    [Anonymous Symbol]                       0x08007cc8   Section        0  port.o(.text.vPortExitCritical)
    [Anonymous Symbol]                       0x08007d18   Section        0  heap_4.o(.text.vPortFree)
    [Anonymous Symbol]                       0x08007e30   Section        0  port.o(.text.vPortSetupTimerInterrupt)
    [Anonymous Symbol]                       0x08007e78   Section        0  tasks.o(.text.vTaskDelay)
    [Anonymous Symbol]                       0x08007ef0   Section        0  tasks.o(.text.vTaskGetInfo)
    [Anonymous Symbol]                       0x08008028   Section        0  tasks.o(.text.vTaskGetRunTimeStatistics)
    [Anonymous Symbol]                       0x08008190   Section        0  tasks.o(.text.vTaskListTasks)
    [Anonymous Symbol]                       0x08008308   Section        0  tasks.o(.text.vTaskStartScheduler)
    [Anonymous Symbol]                       0x08008398   Section        0  tasks.o(.text.vTaskSuspendAll)
    __tagsym$$used.0                         0x080083a8   Number         0  tasks.o(.text.vTaskSwitchContext)
    [Anonymous Symbol]                       0x080083a8   Section        0  tasks.o(.text.vTaskSwitchContext)
    [Anonymous Symbol]                       0x080084e0   Section        0  port.o(.text.xPortStartScheduler)
    [Anonymous Symbol]                       0x08008688   Section        0  tasks.o(.text.xTaskCreate)
    [Anonymous Symbol]                       0x080086e0   Section        0  tasks.o(.text.xTaskIncrementTick)
    [Anonymous Symbol]                       0x08008958   Section        0  tasks.o(.text.xTaskResumeAll)
    i.__0printf                              0x08008bb0   Section        0  printfa.o(i.__0printf)
    i.__0snprintf                            0x08008bd0   Section        0  printfa.o(i.__0snprintf)
    i.__scatterload_copy                     0x08008c04   Section       14  handlers.o(i.__scatterload_copy)
    i.__scatterload_null                     0x08008c12   Section        2  handlers.o(i.__scatterload_null)
    i.__scatterload_zeroinit                 0x08008c14   Section       14  handlers.o(i.__scatterload_zeroinit)
    _fp_digits                               0x08008c25   Thumb Code   366  printfa.o(i._fp_digits)
    i._fp_digits                             0x08008c24   Section        0  printfa.o(i._fp_digits)
    _printf_core                             0x08008da9   Thumb Code  1744  printfa.o(i._printf_core)
    i._printf_core                           0x08008da8   Section        0  printfa.o(i._printf_core)
    _printf_post_padding                     0x08009485   Thumb Code    36  printfa.o(i._printf_post_padding)
    i._printf_post_padding                   0x08009484   Section        0  printfa.o(i._printf_post_padding)
    _printf_pre_padding                      0x080094a9   Thumb Code    46  printfa.o(i._printf_pre_padding)
    i._printf_pre_padding                    0x080094a8   Section        0  printfa.o(i._printf_pre_padding)
    _snputc                                  0x080094d7   Thumb Code    22  printfa.o(i._snputc)
    i._snputc                                0x080094d6   Section        0  printfa.o(i._snputc)
    UARTEx_SetNbDataToProcess.denominator    0x080094fc   Data           8  stm32h7xx_hal_uart_ex.o(.rodata.UARTEx_SetNbDataToProcess.denominator)
    [Anonymous Symbol]                       0x080094fc   Section        0  stm32h7xx_hal_uart_ex.o(.rodata.UARTEx_SetNbDataToProcess.denominator)
    UARTEx_SetNbDataToProcess.numerator      0x08009504   Data           8  stm32h7xx_hal_uart_ex.o(.rodata.UARTEx_SetNbDataToProcess.numerator)
    [Anonymous Symbol]                       0x08009504   Section        0  stm32h7xx_hal_uart_ex.o(.rodata.UARTEx_SetNbDataToProcess.numerator)
    .L.str.4                                 0x08009524   Data          10  main.o(.rodata.str1.1)
    [Anonymous Symbol]                       0x08009524   Section        0  main.o(.rodata.str1.1)
    .L.str                                   0x0800952e   Data          52  main.o(.rodata.str1.1)
    .L.str.2                                 0x08009562   Data           5  main.o(.rodata.str1.1)
    .L.str.3                                 0x08009567   Data          51  main.o(.rodata.str1.1)
    .L.str.5                                 0x0800959a   Data          15  main.o(.rodata.str1.1)
    .L.str.1                                 0x080095a9   Data          65  main.o(.rodata.str1.1)
    .L.str.7                                 0x080095ea   Data          10  main.o(.rodata.str1.1)
    .L.str.6                                 0x080095f4   Data          10  main.o(.rodata.str1.1)
    .L.str.2                                 0x080095fe   Data          12  tasks.o(.rodata.str1.1)
    [Anonymous Symbol]                       0x080095fe   Section        0  tasks.o(.rodata.str1.1)
    .L.str.1                                 0x0800960a   Data          12  tasks.o(.rodata.str1.1)
    .L.str                                   0x08009616   Data          15  tasks.o(.rodata.str1.1)
    .L.str.3                                 0x08009625   Data           5  tasks.o(.rodata.str1.1)
    uxTopUsedPriority                        0x0800962c   Data           4  tasks.o(.rodata.uxTopUsedPriority)
    [Anonymous Symbol]                       0x0800962c   Section        0  tasks.o(.rodata.uxTopUsedPriority)
    .data                                    0x24000000   Section        4  stdout.o(.data)
    uxCriticalNesting                        0x24000014   Data           4  port.o(.data.uxCriticalNesting)
    [Anonymous Symbol]                       0x24000014   Section        0  port.o(.data.uxCriticalNesting)
    __tagsym$$used.1                         0x24000190   Number         0  tasks.o(.bss.pxCurrentTCB)
    pxDelayedTaskList                        0x24000194   Data           4  tasks.o(.bss.pxDelayedTaskList)
    [Anonymous Symbol]                       0x24000194   Section        0  tasks.o(.bss.pxDelayedTaskList)
    pxEnd                                    0x24000198   Data           4  heap_4.o(.bss.pxEnd)
    [Anonymous Symbol]                       0x24000198   Section        0  heap_4.o(.bss.pxEnd)
    pxOverflowDelayedTaskList                0x2400019c   Data           4  tasks.o(.bss.pxOverflowDelayedTaskList)
    [Anonymous Symbol]                       0x2400019c   Section        0  tasks.o(.bss.pxOverflowDelayedTaskList)
    pxReadyTasksLists                        0x240001a0   Data         140  tasks.o(.bss.pxReadyTasksLists)
    [Anonymous Symbol]                       0x240001a0   Section        0  tasks.o(.bss.pxReadyTasksLists)
    ucHeap                                   0x2400022c   Data       20480  heap_4.o(.bss.ucHeap)
    [Anonymous Symbol]                       0x2400022c   Section        0  heap_4.o(.bss.ucHeap)
    ucMaxSysCallPriority                     0x2400522c   Data           1  port.o(.bss.ucMaxSysCallPriority)
    [Anonymous Symbol]                       0x2400522c   Section        0  port.o(.bss.ucMaxSysCallPriority)
    ulMaxPRIGROUPValue                       0x24005234   Data           4  port.o(.bss.ulMaxPRIGROUPValue)
    [Anonymous Symbol]                       0x24005234   Section        0  port.o(.bss.ulMaxPRIGROUPValue)
    ulTaskSwitchedInTime                     0x24005238   Data           4  tasks.o(.bss.ulTaskSwitchedInTime)
    [Anonymous Symbol]                       0x24005238   Section        0  tasks.o(.bss.ulTaskSwitchedInTime)
    ulTotalRunTime                           0x2400523c   Data           4  tasks.o(.bss.ulTotalRunTime)
    [Anonymous Symbol]                       0x2400523c   Section        0  tasks.o(.bss.ulTotalRunTime)
    uxCurrentNumberOfTasks                   0x24005244   Data           4  tasks.o(.bss.uxCurrentNumberOfTasks)
    [Anonymous Symbol]                       0x24005244   Section        0  tasks.o(.bss.uxCurrentNumberOfTasks)
    uxDeletedTasksWaitingCleanUp             0x24005248   Data           4  tasks.o(.bss.uxDeletedTasksWaitingCleanUp)
    [Anonymous Symbol]                       0x24005248   Section        0  tasks.o(.bss.uxDeletedTasksWaitingCleanUp)
    uxSchedulerSuspended                     0x2400524c   Data           4  tasks.o(.bss.uxSchedulerSuspended)
    [Anonymous Symbol]                       0x2400524c   Section        0  tasks.o(.bss.uxSchedulerSuspended)
    uxTaskNumber                             0x24005250   Data           4  tasks.o(.bss.uxTaskNumber)
    [Anonymous Symbol]                       0x24005250   Section        0  tasks.o(.bss.uxTaskNumber)
    uxTopReadyPriority                       0x24005254   Data           4  tasks.o(.bss.uxTopReadyPriority)
    [Anonymous Symbol]                       0x24005254   Section        0  tasks.o(.bss.uxTopReadyPriority)
    xDelayedTaskList1                        0x24005258   Data          20  tasks.o(.bss.xDelayedTaskList1)
    [Anonymous Symbol]                       0x24005258   Section        0  tasks.o(.bss.xDelayedTaskList1)
    xDelayedTaskList2                        0x2400526c   Data          20  tasks.o(.bss.xDelayedTaskList2)
    [Anonymous Symbol]                       0x2400526c   Section        0  tasks.o(.bss.xDelayedTaskList2)
    xFreeBytesRemaining                      0x24005280   Data           4  heap_4.o(.bss.xFreeBytesRemaining)
    [Anonymous Symbol]                       0x24005280   Section        0  heap_4.o(.bss.xFreeBytesRemaining)
    xIdleTaskHandles                         0x24005284   Data           4  tasks.o(.bss.xIdleTaskHandles)
    [Anonymous Symbol]                       0x24005284   Section        0  tasks.o(.bss.xIdleTaskHandles)
    xMinimumEverFreeBytesRemaining           0x24005288   Data           4  heap_4.o(.bss.xMinimumEverFreeBytesRemaining)
    [Anonymous Symbol]                       0x24005288   Section        0  heap_4.o(.bss.xMinimumEverFreeBytesRemaining)
    xNextTaskUnblockTime                     0x2400528c   Data           4  tasks.o(.bss.xNextTaskUnblockTime)
    [Anonymous Symbol]                       0x2400528c   Section        0  tasks.o(.bss.xNextTaskUnblockTime)
    xNumOfOverflows                          0x24005290   Data           4  tasks.o(.bss.xNumOfOverflows)
    [Anonymous Symbol]                       0x24005290   Section        0  tasks.o(.bss.xNumOfOverflows)
    xNumberOfSuccessfulAllocations           0x24005294   Data           4  heap_4.o(.bss.xNumberOfSuccessfulAllocations)
    [Anonymous Symbol]                       0x24005294   Section        0  heap_4.o(.bss.xNumberOfSuccessfulAllocations)
    xNumberOfSuccessfulFrees                 0x24005298   Data           4  heap_4.o(.bss.xNumberOfSuccessfulFrees)
    [Anonymous Symbol]                       0x24005298   Section        0  heap_4.o(.bss.xNumberOfSuccessfulFrees)
    xPendedTicks                             0x2400529c   Data           4  tasks.o(.bss.xPendedTicks)
    [Anonymous Symbol]                       0x2400529c   Section        0  tasks.o(.bss.xPendedTicks)
    xPendingReadyList                        0x240052a0   Data          20  tasks.o(.bss.xPendingReadyList)
    [Anonymous Symbol]                       0x240052a0   Section        0  tasks.o(.bss.xPendingReadyList)
    xSchedulerRunning                        0x240052b4   Data           4  tasks.o(.bss.xSchedulerRunning)
    [Anonymous Symbol]                       0x240052b4   Section        0  tasks.o(.bss.xSchedulerRunning)
    xStart                                   0x240052b8   Data           8  heap_4.o(.bss.xStart)
    [Anonymous Symbol]                       0x240052b8   Section        0  heap_4.o(.bss.xStart)
    xSuspendedTaskList                       0x240052c0   Data          20  tasks.o(.bss.xSuspendedTaskList)
    [Anonymous Symbol]                       0x240052c0   Section        0  tasks.o(.bss.xSuspendedTaskList)
    xTasksWaitingTermination                 0x240052d4   Data          20  tasks.o(.bss.xTasksWaitingTermination)
    [Anonymous Symbol]                       0x240052d4   Section        0  tasks.o(.bss.xTasksWaitingTermination)
    xTickCount                               0x240052e8   Data           4  tasks.o(.bss.xTickCount)
    [Anonymous Symbol]                       0x240052e8   Section        0  tasks.o(.bss.xTickCount)
    xYieldPendings                           0x240052ec   Data           4  tasks.o(.bss.xYieldPendings)
    [Anonymous Symbol]                       0x240052ec   Section        0  tasks.o(.bss.xYieldPendings)
    STACK                                    0x240052f0   Section     1024  startup_stm32h743xx.o(STACK)

    Global Symbols

    Symbol Name                              Value     Ov Type        Size  Object(Section)

    BuildAttributes$$THM_ISAv4$E$P$D$K$B$S$7EM$VFPv5_D16$PE$PLD8$A:L22UL41UL21$X:L11$S22US41US21$IEEE1$IW$~IW$USESV6$~STKCKD$USESV7$~SHL$OSPACE$ROPI$EBA8$MICROLIB$REQ8$PRES8$EABIv2 0x00000000   Number         0  anon$$obj.o ABSOLUTE
    __cpp_initialize__aeabi_                  - Undefined Weak Reference
    __cxa_finalize                            - Undefined Weak Reference
    __decompress                              - Undefined Weak Reference
    _clock_init                               - Undefined Weak Reference
    _microlib_exit                            - Undefined Weak Reference
    __Vectors_Size                           0x00000298   Number         0  startup_stm32h743xx.o ABSOLUTE
    __Vectors                                0x08000000   Data           4  startup_stm32h743xx.o(RESET)
    __Vectors_End                            0x08000298   Data           0  startup_stm32h743xx.o(RESET)
    __main                                   0x08000299   Thumb Code     0  entry.o(.ARM.Collect$$$$00000000)
    _main_stk                                0x08000299   Thumb Code     0  entry2.o(.ARM.Collect$$$$00000001)
    _main_scatterload                        0x0800029d   Thumb Code     0  entry5.o(.ARM.Collect$$$$00000004)
    __main_after_scatterload                 0x080002a1   Thumb Code     0  entry5.o(.ARM.Collect$$$$00000004)
    _main_clock                              0x080002a1   Thumb Code     0  entry7b.o(.ARM.Collect$$$$00000008)
    _main_cpp_init                           0x080002a1   Thumb Code     0  entry8b.o(.ARM.Collect$$$$0000000A)
    _main_init                               0x080002a1   Thumb Code     0  entry9a.o(.ARM.Collect$$$$0000000B)
    __rt_final_cpp                           0x080002a9   Thumb Code     0  entry10a.o(.ARM.Collect$$$$0000000D)
    __rt_final_exit                          0x080002a9   Thumb Code     0  entry11a.o(.ARM.Collect$$$$0000000F)
    Reset_Handler                            0x080002ad   Thumb Code    12  startup_stm32h743xx.o(.text)
    ADC3_IRQHandler                          0x080002cb   Thumb Code     0  startup_stm32h743xx.o(.text)
    ADC_IRQHandler                           0x080002cb   Thumb Code     0  startup_stm32h743xx.o(.text)
    BDMA_Channel0_IRQHandler                 0x080002cb   Thumb Code     0  startup_stm32h743xx.o(.text)
    BDMA_Channel1_IRQHandler                 0x080002cb   Thumb Code     0  startup_stm32h743xx.o(.text)
    BDMA_Channel2_IRQHandler                 0x080002cb   Thumb Code     0  startup_stm32h743xx.o(.text)
    BDMA_Channel3_IRQHandler                 0x080002cb   Thumb Code     0  startup_stm32h743xx.o(.text)
    BDMA_Channel4_IRQHandler                 0x080002cb   Thumb Code     0  startup_stm32h743xx.o(.text)
    BDMA_Channel5_IRQHandler                 0x080002cb   Thumb Code     0  startup_stm32h743xx.o(.text)
    BDMA_Channel6_IRQHandler                 0x080002cb   Thumb Code     0  startup_stm32h743xx.o(.text)
    BDMA_Channel7_IRQHandler                 0x080002cb   Thumb Code     0  startup_stm32h743xx.o(.text)
    CEC_IRQHandler                           0x080002cb   Thumb Code     0  startup_stm32h743xx.o(.text)
    COMP1_IRQHandler                         0x080002cb   Thumb Code     0  startup_stm32h743xx.o(.text)
    CRS_IRQHandler                           0x080002cb   Thumb Code     0  startup_stm32h743xx.o(.text)
    DCMI_IRQHandler                          0x080002cb   Thumb Code     0  startup_stm32h743xx.o(.text)
    DFSDM1_FLT0_IRQHandler                   0x080002cb   Thumb Code     0  startup_stm32h743xx.o(.text)
    DFSDM1_FLT1_IRQHandler                   0x080002cb   Thumb Code     0  startup_stm32h743xx.o(.text)
    DFSDM1_FLT2_IRQHandler                   0x080002cb   Thumb Code     0  startup_stm32h743xx.o(.text)
    DFSDM1_FLT3_IRQHandler                   0x080002cb   Thumb Code     0  startup_stm32h743xx.o(.text)
    DMA1_Stream0_IRQHandler                  0x080002cb   Thumb Code     0  startup_stm32h743xx.o(.text)
    DMA1_Stream1_IRQHandler                  0x080002cb   Thumb Code     0  startup_stm32h743xx.o(.text)
    DMA1_Stream2_IRQHandler                  0x080002cb   Thumb Code     0  startup_stm32h743xx.o(.text)
    DMA1_Stream3_IRQHandler                  0x080002cb   Thumb Code     0  startup_stm32h743xx.o(.text)
    DMA1_Stream4_IRQHandler                  0x080002cb   Thumb Code     0  startup_stm32h743xx.o(.text)
    DMA1_Stream5_IRQHandler                  0x080002cb   Thumb Code     0  startup_stm32h743xx.o(.text)
    DMA1_Stream6_IRQHandler                  0x080002cb   Thumb Code     0  startup_stm32h743xx.o(.text)
    DMA1_Stream7_IRQHandler                  0x080002cb   Thumb Code     0  startup_stm32h743xx.o(.text)
    DMA2D_IRQHandler                         0x080002cb   Thumb Code     0  startup_stm32h743xx.o(.text)
    DMA2_Stream0_IRQHandler                  0x080002cb   Thumb Code     0  startup_stm32h743xx.o(.text)
    DMA2_Stream1_IRQHandler                  0x080002cb   Thumb Code     0  startup_stm32h743xx.o(.text)
    DMA2_Stream2_IRQHandler                  0x080002cb   Thumb Code     0  startup_stm32h743xx.o(.text)
    DMA2_Stream3_IRQHandler                  0x080002cb   Thumb Code     0  startup_stm32h743xx.o(.text)
    DMA2_Stream4_IRQHandler                  0x080002cb   Thumb Code     0  startup_stm32h743xx.o(.text)
    DMA2_Stream5_IRQHandler                  0x080002cb   Thumb Code     0  startup_stm32h743xx.o(.text)
    DMA2_Stream6_IRQHandler                  0x080002cb   Thumb Code     0  startup_stm32h743xx.o(.text)
    DMA2_Stream7_IRQHandler                  0x080002cb   Thumb Code     0  startup_stm32h743xx.o(.text)
    DMAMUX1_OVR_IRQHandler                   0x080002cb   Thumb Code     0  startup_stm32h743xx.o(.text)
    DMAMUX2_OVR_IRQHandler                   0x080002cb   Thumb Code     0  startup_stm32h743xx.o(.text)
    ECC_IRQHandler                           0x080002cb   Thumb Code     0  startup_stm32h743xx.o(.text)
    ETH_IRQHandler                           0x080002cb   Thumb Code     0  startup_stm32h743xx.o(.text)
    ETH_WKUP_IRQHandler                      0x080002cb   Thumb Code     0  startup_stm32h743xx.o(.text)
    EXTI0_IRQHandler                         0x080002cb   Thumb Code     0  startup_stm32h743xx.o(.text)
    EXTI15_10_IRQHandler                     0x080002cb   Thumb Code     0  startup_stm32h743xx.o(.text)
    EXTI1_IRQHandler                         0x080002cb   Thumb Code     0  startup_stm32h743xx.o(.text)
    EXTI2_IRQHandler                         0x080002cb   Thumb Code     0  startup_stm32h743xx.o(.text)
    EXTI3_IRQHandler                         0x080002cb   Thumb Code     0  startup_stm32h743xx.o(.text)
    EXTI4_IRQHandler                         0x080002cb   Thumb Code     0  startup_stm32h743xx.o(.text)
    EXTI9_5_IRQHandler                       0x080002cb   Thumb Code     0  startup_stm32h743xx.o(.text)
    FDCAN1_IT0_IRQHandler                    0x080002cb   Thumb Code     0  startup_stm32h743xx.o(.text)
    FDCAN1_IT1_IRQHandler                    0x080002cb   Thumb Code     0  startup_stm32h743xx.o(.text)
    FDCAN2_IT0_IRQHandler                    0x080002cb   Thumb Code     0  startup_stm32h743xx.o(.text)
    FDCAN2_IT1_IRQHandler                    0x080002cb   Thumb Code     0  startup_stm32h743xx.o(.text)
    FDCAN_CAL_IRQHandler                     0x080002cb   Thumb Code     0  startup_stm32h743xx.o(.text)
    FLASH_IRQHandler                         0x080002cb   Thumb Code     0  startup_stm32h743xx.o(.text)
    FMC_IRQHandler                           0x080002cb   Thumb Code     0  startup_stm32h743xx.o(.text)
    FPU_IRQHandler                           0x080002cb   Thumb Code     0  startup_stm32h743xx.o(.text)
    HRTIM1_FLT_IRQHandler                    0x080002cb   Thumb Code     0  startup_stm32h743xx.o(.text)
    HRTIM1_Master_IRQHandler                 0x080002cb   Thumb Code     0  startup_stm32h743xx.o(.text)
    HRTIM1_TIMA_IRQHandler                   0x080002cb   Thumb Code     0  startup_stm32h743xx.o(.text)
    HRTIM1_TIMB_IRQHandler                   0x080002cb   Thumb Code     0  startup_stm32h743xx.o(.text)
    HRTIM1_TIMC_IRQHandler                   0x080002cb   Thumb Code     0  startup_stm32h743xx.o(.text)
    HRTIM1_TIMD_IRQHandler                   0x080002cb   Thumb Code     0  startup_stm32h743xx.o(.text)
    HRTIM1_TIME_IRQHandler                   0x080002cb   Thumb Code     0  startup_stm32h743xx.o(.text)
    HSEM1_IRQHandler                         0x080002cb   Thumb Code     0  startup_stm32h743xx.o(.text)
    I2C1_ER_IRQHandler                       0x080002cb   Thumb Code     0  startup_stm32h743xx.o(.text)
    I2C1_EV_IRQHandler                       0x080002cb   Thumb Code     0  startup_stm32h743xx.o(.text)
    I2C2_ER_IRQHandler                       0x080002cb   Thumb Code     0  startup_stm32h743xx.o(.text)
    I2C2_EV_IRQHandler                       0x080002cb   Thumb Code     0  startup_stm32h743xx.o(.text)
    I2C3_ER_IRQHandler                       0x080002cb   Thumb Code     0  startup_stm32h743xx.o(.text)
    I2C3_EV_IRQHandler                       0x080002cb   Thumb Code     0  startup_stm32h743xx.o(.text)
    I2C4_ER_IRQHandler                       0x080002cb   Thumb Code     0  startup_stm32h743xx.o(.text)
    I2C4_EV_IRQHandler                       0x080002cb   Thumb Code     0  startup_stm32h743xx.o(.text)
    JPEG_IRQHandler                          0x080002cb   Thumb Code     0  startup_stm32h743xx.o(.text)
    LPTIM1_IRQHandler                        0x080002cb   Thumb Code     0  startup_stm32h743xx.o(.text)
    LPTIM2_IRQHandler                        0x080002cb   Thumb Code     0  startup_stm32h743xx.o(.text)
    LPTIM3_IRQHandler                        0x080002cb   Thumb Code     0  startup_stm32h743xx.o(.text)
    LPTIM4_IRQHandler                        0x080002cb   Thumb Code     0  startup_stm32h743xx.o(.text)
    LPTIM5_IRQHandler                        0x080002cb   Thumb Code     0  startup_stm32h743xx.o(.text)
    LPUART1_IRQHandler                       0x080002cb   Thumb Code     0  startup_stm32h743xx.o(.text)
    LTDC_ER_IRQHandler                       0x080002cb   Thumb Code     0  startup_stm32h743xx.o(.text)
    LTDC_IRQHandler                          0x080002cb   Thumb Code     0  startup_stm32h743xx.o(.text)
    MDIOS_IRQHandler                         0x080002cb   Thumb Code     0  startup_stm32h743xx.o(.text)
    MDIOS_WKUP_IRQHandler                    0x080002cb   Thumb Code     0  startup_stm32h743xx.o(.text)
    MDMA_IRQHandler                          0x080002cb   Thumb Code     0  startup_stm32h743xx.o(.text)
    OTG_FS_EP1_IN_IRQHandler                 0x080002cb   Thumb Code     0  startup_stm32h743xx.o(.text)
    OTG_FS_EP1_OUT_IRQHandler                0x080002cb   Thumb Code     0  startup_stm32h743xx.o(.text)
    OTG_FS_IRQHandler                        0x080002cb   Thumb Code     0  startup_stm32h743xx.o(.text)
    OTG_FS_WKUP_IRQHandler                   0x080002cb   Thumb Code     0  startup_stm32h743xx.o(.text)
    OTG_HS_EP1_IN_IRQHandler                 0x080002cb   Thumb Code     0  startup_stm32h743xx.o(.text)
    OTG_HS_EP1_OUT_IRQHandler                0x080002cb   Thumb Code     0  startup_stm32h743xx.o(.text)
    OTG_HS_IRQHandler                        0x080002cb   Thumb Code     0  startup_stm32h743xx.o(.text)
    OTG_HS_WKUP_IRQHandler                   0x080002cb   Thumb Code     0  startup_stm32h743xx.o(.text)
    PVD_AVD_IRQHandler                       0x080002cb   Thumb Code     0  startup_stm32h743xx.o(.text)
    QUADSPI_IRQHandler                       0x080002cb   Thumb Code     0  startup_stm32h743xx.o(.text)
    RCC_IRQHandler                           0x080002cb   Thumb Code     0  startup_stm32h743xx.o(.text)
    RNG_IRQHandler                           0x080002cb   Thumb Code     0  startup_stm32h743xx.o(.text)
    RTC_Alarm_IRQHandler                     0x080002cb   Thumb Code     0  startup_stm32h743xx.o(.text)
    RTC_WKUP_IRQHandler                      0x080002cb   Thumb Code     0  startup_stm32h743xx.o(.text)
    SAI1_IRQHandler                          0x080002cb   Thumb Code     0  startup_stm32h743xx.o(.text)
    SAI2_IRQHandler                          0x080002cb   Thumb Code     0  startup_stm32h743xx.o(.text)
    SAI3_IRQHandler                          0x080002cb   Thumb Code     0  startup_stm32h743xx.o(.text)
    SAI4_IRQHandler                          0x080002cb   Thumb Code     0  startup_stm32h743xx.o(.text)
    SDMMC1_IRQHandler                        0x080002cb   Thumb Code     0  startup_stm32h743xx.o(.text)
    SDMMC2_IRQHandler                        0x080002cb   Thumb Code     0  startup_stm32h743xx.o(.text)
    SPDIF_RX_IRQHandler                      0x080002cb   Thumb Code     0  startup_stm32h743xx.o(.text)
    SPI1_IRQHandler                          0x080002cb   Thumb Code     0  startup_stm32h743xx.o(.text)
    SPI2_IRQHandler                          0x080002cb   Thumb Code     0  startup_stm32h743xx.o(.text)
    SPI3_IRQHandler                          0x080002cb   Thumb Code     0  startup_stm32h743xx.o(.text)
    SPI4_IRQHandler                          0x080002cb   Thumb Code     0  startup_stm32h743xx.o(.text)
    SPI5_IRQHandler                          0x080002cb   Thumb Code     0  startup_stm32h743xx.o(.text)
    SPI6_IRQHandler                          0x080002cb   Thumb Code     0  startup_stm32h743xx.o(.text)
    SWPMI1_IRQHandler                        0x080002cb   Thumb Code     0  startup_stm32h743xx.o(.text)
    TAMP_STAMP_IRQHandler                    0x080002cb   Thumb Code     0  startup_stm32h743xx.o(.text)
    TIM15_IRQHandler                         0x080002cb   Thumb Code     0  startup_stm32h743xx.o(.text)
    TIM16_IRQHandler                         0x080002cb   Thumb Code     0  startup_stm32h743xx.o(.text)
    TIM17_IRQHandler                         0x080002cb   Thumb Code     0  startup_stm32h743xx.o(.text)
    TIM1_BRK_IRQHandler                      0x080002cb   Thumb Code     0  startup_stm32h743xx.o(.text)
    TIM1_CC_IRQHandler                       0x080002cb   Thumb Code     0  startup_stm32h743xx.o(.text)
    TIM1_TRG_COM_IRQHandler                  0x080002cb   Thumb Code     0  startup_stm32h743xx.o(.text)
    TIM1_UP_IRQHandler                       0x080002cb   Thumb Code     0  startup_stm32h743xx.o(.text)
    TIM2_IRQHandler                          0x080002cb   Thumb Code     0  startup_stm32h743xx.o(.text)
    TIM3_IRQHandler                          0x080002cb   Thumb Code     0  startup_stm32h743xx.o(.text)
    TIM4_IRQHandler                          0x080002cb   Thumb Code     0  startup_stm32h743xx.o(.text)
    TIM5_IRQHandler                          0x080002cb   Thumb Code     0  startup_stm32h743xx.o(.text)
    TIM8_BRK_TIM12_IRQHandler                0x080002cb   Thumb Code     0  startup_stm32h743xx.o(.text)
    TIM8_CC_IRQHandler                       0x080002cb   Thumb Code     0  startup_stm32h743xx.o(.text)
    TIM8_TRG_COM_TIM14_IRQHandler            0x080002cb   Thumb Code     0  startup_stm32h743xx.o(.text)
    TIM8_UP_TIM13_IRQHandler                 0x080002cb   Thumb Code     0  startup_stm32h743xx.o(.text)
    UART4_IRQHandler                         0x080002cb   Thumb Code     0  startup_stm32h743xx.o(.text)
    UART5_IRQHandler                         0x080002cb   Thumb Code     0  startup_stm32h743xx.o(.text)
    UART7_IRQHandler                         0x080002cb   Thumb Code     0  startup_stm32h743xx.o(.text)
    UART8_IRQHandler                         0x080002cb   Thumb Code     0  startup_stm32h743xx.o(.text)
    USART1_IRQHandler                        0x080002cb   Thumb Code     0  startup_stm32h743xx.o(.text)
    USART2_IRQHandler                        0x080002cb   Thumb Code     0  startup_stm32h743xx.o(.text)
    USART3_IRQHandler                        0x080002cb   Thumb Code     0  startup_stm32h743xx.o(.text)
    USART6_IRQHandler                        0x080002cb   Thumb Code     0  startup_stm32h743xx.o(.text)
    WAKEUP_PIN_IRQHandler                    0x080002cb   Thumb Code     0  startup_stm32h743xx.o(.text)
    WWDG_IRQHandler                          0x080002cb   Thumb Code     0  startup_stm32h743xx.o(.text)
    __aeabi_uldivmod                         0x080002d9   Thumb Code    98  uldiv.o(.text)
    __aeabi_memset                           0x0800033b   Thumb Code    14  memseta.o(.text)
    __aeabi_memset4                          0x0800033b   Thumb Code     0  memseta.o(.text)
    __aeabi_memset8                          0x0800033b   Thumb Code     0  memseta.o(.text)
    __aeabi_memclr                           0x08000349   Thumb Code     4  memseta.o(.text)
    __aeabi_memclr4                          0x08000349   Thumb Code     0  memseta.o(.text)
    __aeabi_memclr8                          0x08000349   Thumb Code     0  memseta.o(.text)
    _memset$wrapper                          0x0800034d   Thumb Code    18  memseta.o(.text)
    strlen                                   0x0800035f   Thumb Code    14  strlen.o(.text)
    strcpy                                   0x0800036d   Thumb Code    18  strcpy.o(.text)
    __aeabi_uidiv                            0x0800037f   Thumb Code     0  uidiv.o(.text)
    __aeabi_uidivmod                         0x0800037f   Thumb Code    44  uidiv.o(.text)
    __aeabi_llsl                             0x080003ab   Thumb Code    30  llshl.o(.text)
    _ll_shift_l                              0x080003ab   Thumb Code     0  llshl.o(.text)
    __aeabi_llsr                             0x080003c9   Thumb Code    32  llushr.o(.text)
    _ll_ushift_r                             0x080003c9   Thumb Code     0  llushr.o(.text)
    __I$use$fp                               0x080003e9   Thumb Code     0  iusefp.o(.text)
    __aeabi_dadd                             0x080003e9   Thumb Code   322  dadd.o(.text)
    __aeabi_dsub                             0x0800052b   Thumb Code     6  dadd.o(.text)
    __aeabi_drsub                            0x08000531   Thumb Code     6  dadd.o(.text)
    __aeabi_dmul                             0x08000537   Thumb Code   228  dmul.o(.text)
    __aeabi_ddiv                             0x0800061b   Thumb Code   222  ddiv.o(.text)
    __aeabi_d2ulz                            0x080006f9   Thumb Code    48  dfixul.o(.text)
    __aeabi_cdrcmple                         0x08000729   Thumb Code    48  cdrcmple.o(.text)
    __scatterload                            0x08000759   Thumb Code    38  init.o(.text)
    __scatterload_rt2                        0x08000759   Thumb Code     0  init.o(.text)
    __aeabi_lasr                             0x08000789   Thumb Code    36  llsshr.o(.text)
    _ll_sshift_r                             0x08000789   Thumb Code     0  llsshr.o(.text)
    _double_round                            0x080007ad   Thumb Code    30  depilogue.o(.text)
    _double_epilogue                         0x080007cb   Thumb Code   156  depilogue.o(.text)
    BusFault_Handler                         0x08000869   Thumb Code     4  stm32h7xx_it.o(.text.BusFault_Handler)
    DebugMon_Handler                         0x08000871   Thumb Code     2  stm32h7xx_it.o(.text.DebugMon_Handler)
    Error_Handler                            0x08000879   Thumb Code    14  main.o(.text.Error_Handler)
    ExitRun0Mode                             0x08000889   Thumb Code    40  system_stm32h7xx.o(.text.ExitRun0Mode)
    HAL_GPIO_Init                            0x080008b1   Thumb Code   964  stm32h7xx_hal_gpio.o(.text.HAL_GPIO_Init)
    HAL_GPIO_TogglePin                       0x08000c79   Thumb Code    38  stm32h7xx_hal_gpio.o(.text.HAL_GPIO_TogglePin)
    HAL_GPIO_WritePin                        0x08000ca1   Thumb Code    46  stm32h7xx_hal_gpio.o(.text.HAL_GPIO_WritePin)
    HAL_GetREVID                             0x08000cd1   Thumb Code    14  stm32h7xx_hal.o(.text.HAL_GetREVID)
    HAL_GetTick                              0x08000ce1   Thumb Code    12  stm32h7xx_hal.o(.text.HAL_GetTick)
    HAL_IncTick                              0x08000cf1   Thumb Code    26  stm32h7xx_hal.o(.text.HAL_IncTick)
    HAL_Init                                 0x08000d11   Thumb Code   122  stm32h7xx_hal.o(.text.HAL_Init)
    HAL_InitTick                             0x08000d91   Thumb Code   220  stm32h7xx_hal_timebase_tim.o(.text.HAL_InitTick)
    HAL_MPU_ConfigRegion                     0x08000e71   Thumb Code   128  stm32h7xx_hal_cortex.o(.text.HAL_MPU_ConfigRegion)
    HAL_MPU_Disable                          0x08000ef1   Thumb Code    34  stm32h7xx_hal_cortex.o(.text.HAL_MPU_Disable)
    HAL_MPU_Enable                           0x08000f19   Thumb Code    48  stm32h7xx_hal_cortex.o(.text.HAL_MPU_Enable)
    HAL_MspInit                              0x08000f49   Thumb Code    36  stm32h7xx_hal_msp.o(.text.HAL_MspInit)
    HAL_NVIC_EnableIRQ                       0x08000f71   Thumb Code    20  stm32h7xx_hal_cortex.o(.text.HAL_NVIC_EnableIRQ)
    HAL_NVIC_SetPriority                     0x08000f89   Thumb Code    46  stm32h7xx_hal_cortex.o(.text.HAL_NVIC_SetPriority)
    HAL_NVIC_SetPriorityGrouping             0x08000fb9   Thumb Code    16  stm32h7xx_hal_cortex.o(.text.HAL_NVIC_SetPriorityGrouping)
    HAL_PWREx_ConfigSupply                   0x08000fc9   Thumb Code   162  stm32h7xx_hal_pwr_ex.o(.text.HAL_PWREx_ConfigSupply)
    HAL_RCCEx_GetD3PCLK1Freq                 0x08001071   Thumb Code    38  stm32h7xx_hal_rcc_ex.o(.text.HAL_RCCEx_GetD3PCLK1Freq)
    HAL_RCCEx_GetPLL2ClockFreq               0x08001099   Thumb Code   648  stm32h7xx_hal_rcc_ex.o(.text.HAL_RCCEx_GetPLL2ClockFreq)
    HAL_RCCEx_GetPLL3ClockFreq               0x08001331   Thumb Code   648  stm32h7xx_hal_rcc_ex.o(.text.HAL_RCCEx_GetPLL3ClockFreq)
    HAL_RCCEx_PeriphCLKConfig                0x080015c9   Thumb Code  4256  stm32h7xx_hal_rcc_ex.o(.text.HAL_RCCEx_PeriphCLKConfig)
    HAL_RCC_ClockConfig                      0x08002669   Thumb Code  1176  stm32h7xx_hal_rcc.o(.text.HAL_RCC_ClockConfig)
    HAL_RCC_GetClockConfig                   0x08002b01   Thumb Code   136  stm32h7xx_hal_rcc.o(.text.HAL_RCC_GetClockConfig)
    HAL_RCC_GetHCLKFreq                      0x08002b89   Thumb Code    86  stm32h7xx_hal_rcc.o(.text.HAL_RCC_GetHCLKFreq)
    HAL_RCC_GetPCLK1Freq                     0x08002be1   Thumb Code    38  stm32h7xx_hal_rcc.o(.text.HAL_RCC_GetPCLK1Freq)
    HAL_RCC_GetPCLK2Freq                     0x08002c09   Thumb Code    38  stm32h7xx_hal_rcc.o(.text.HAL_RCC_GetPCLK2Freq)
    HAL_RCC_GetSysClockFreq                  0x08002c31   Thumb Code   748  stm32h7xx_hal_rcc.o(.text.HAL_RCC_GetSysClockFreq)
    HAL_RCC_OscConfig                        0x08002f31   Thumb Code  2904  stm32h7xx_hal_rcc.o(.text.HAL_RCC_OscConfig)
    HAL_SYSCFG_AnalogSwitchConfig            0x08003a89   Thumb Code    30  stm32h7xx_hal.o(.text.HAL_SYSCFG_AnalogSwitchConfig)
    HAL_TIMEx_Break2Callback                 0x08003aa9   Thumb Code     8  stm32h7xx_hal_tim_ex.o(.text.HAL_TIMEx_Break2Callback)
    HAL_TIMEx_BreakCallback                  0x08003ab1   Thumb Code     8  stm32h7xx_hal_tim_ex.o(.text.HAL_TIMEx_BreakCallback)
    HAL_TIMEx_CommutCallback                 0x08003ab9   Thumb Code     8  stm32h7xx_hal_tim_ex.o(.text.HAL_TIMEx_CommutCallback)
    HAL_TIMEx_ConfigBreakDeadTime            0x08003ac1   Thumb Code   274  stm32h7xx_hal_tim_ex.o(.text.HAL_TIMEx_ConfigBreakDeadTime)
    HAL_TIMEx_MasterConfigSynchronization    0x08003bd9   Thumb Code   344  stm32h7xx_hal_tim_ex.o(.text.HAL_TIMEx_MasterConfigSynchronization)
    HAL_TIM_Base_Init                        0x08003d31   Thumb Code   168  stm32h7xx_hal_tim.o(.text.HAL_TIM_Base_Init)
    HAL_TIM_Base_MspInit                     0x08003dd9   Thumb Code    78  tim.o(.text.HAL_TIM_Base_MspInit)
    HAL_TIM_Base_Start_IT                    0x08003e29   Thumb Code   260  stm32h7xx_hal_tim.o(.text.HAL_TIM_Base_Start_IT)
    HAL_TIM_IC_CaptureCallback               0x08003f31   Thumb Code     8  stm32h7xx_hal_tim.o(.text.HAL_TIM_IC_CaptureCallback)
    HAL_TIM_IRQHandler                       0x08003f39   Thumb Code   592  stm32h7xx_hal_tim.o(.text.HAL_TIM_IRQHandler)
    HAL_TIM_MspPostInit                      0x08004189   Thumb Code   102  tim.o(.text.HAL_TIM_MspPostInit)
    HAL_TIM_OC_ConfigChannel                 0x080041f1   Thumb Code   196  stm32h7xx_hal_tim.o(.text.HAL_TIM_OC_ConfigChannel)
    HAL_TIM_OC_DelayElapsedCallback          0x080042b9   Thumb Code     8  stm32h7xx_hal_tim.o(.text.HAL_TIM_OC_DelayElapsedCallback)
    HAL_TIM_OC_Init                          0x080042c1   Thumb Code   168  stm32h7xx_hal_tim.o(.text.HAL_TIM_OC_Init)
    HAL_TIM_OC_MspInit                       0x08004369   Thumb Code    56  tim.o(.text.HAL_TIM_OC_MspInit)
    HAL_TIM_PWM_PulseFinishedCallback        0x080043a1   Thumb Code     8  stm32h7xx_hal_tim.o(.text.HAL_TIM_PWM_PulseFinishedCallback)
    HAL_TIM_PeriodElapsedCallback            0x080043a9   Thumb Code    68  main.o(.text.HAL_TIM_PeriodElapsedCallback)
    HAL_TIM_TriggerCallback                  0x080043f1   Thumb Code     8  stm32h7xx_hal_tim.o(.text.HAL_TIM_TriggerCallback)
    HAL_UARTEx_DisableFifoMode               0x080043f9   Thumb Code   124  stm32h7xx_hal_uart_ex.o(.text.HAL_UARTEx_DisableFifoMode)
    HAL_UARTEx_SetRxFifoThreshold            0x08004479   Thumb Code   140  stm32h7xx_hal_uart_ex.o(.text.HAL_UARTEx_SetRxFifoThreshold)
    HAL_UARTEx_SetTxFifoThreshold            0x08004509   Thumb Code   140  stm32h7xx_hal_uart_ex.o(.text.HAL_UARTEx_SetTxFifoThreshold)
    HAL_UART_Init                            0x08004599   Thumb Code   170  stm32h7xx_hal_uart.o(.text.HAL_UART_Init)
    HAL_UART_MspInit                         0x08004649   Thumb Code   170  usart.o(.text.HAL_UART_MspInit)
    HAL_UART_Transmit                        0x080046f9   Thumb Code   312  stm32h7xx_hal_uart.o(.text.HAL_UART_Transmit)
    HardFault_Handler                        0x08004831   Thumb Code     4  stm32h7xx_it.o(.text.HardFault_Handler)
    MX_GPIO_Init                             0x08004891   Thumb Code   270  gpio.o(.text.MX_GPIO_Init)
    MX_TIM1_Init                             0x080049a1   Thumb Code   234  tim.o(.text.MX_TIM1_Init)
    MX_TIM7_Init                             0x08004a91   Thumb Code    92  tim.o(.text.MX_TIM7_Init)
    MX_USART1_UART_Init                      0x08004af1   Thumb Code   142  usart.o(.text.MX_USART1_UART_Init)
    MemManage_Handler                        0x08004b81   Thumb Code     4  stm32h7xx_it.o(.text.MemManage_Handler)
    NMI_Handler                              0x08004b89   Thumb Code     4  stm32h7xx_it.o(.text.NMI_Handler)
    PendSV_Handler                           0x08004c01   Thumb Code   100  port.o(.text.PendSV_Handler)
    SVC_Handler                              0x08005011   Thumb Code    36  port.o(.text.SVC_Handler)
    StartTask                                0x08005039   Thumb Code    28  main.o(.text.StartTask)
    SysTick_Handler                          0x08005059   Thumb Code    66  port.o(.text.SysTick_Handler)
    SystemClock_Config                       0x080050a1   Thumb Code   228  main.o(.text.SystemClock_Config)
    SystemInit                               0x08005189   Thumb Code   396  system_stm32h7xx.o(.text.SystemInit)
    TIM6_DAC_IRQHandler                      0x08005319   Thumb Code    16  stm32h7xx_it.o(.text.TIM6_DAC_IRQHandler)
    TIM7_IRQHandler                          0x08005329   Thumb Code    16  stm32h7xx_it.o(.text.TIM7_IRQHandler)
    TIM_Base_SetConfig                       0x08005339   Thumb Code   420  stm32h7xx_hal_tim.o(.text.TIM_Base_SetConfig)
    TIM_OC2_SetConfig                        0x08005631   Thumb Code   364  stm32h7xx_hal_tim.o(.text.TIM_OC2_SetConfig)
    UART_AdvFeatureConfig                    0x08005c21   Thumb Code   328  stm32h7xx_hal_uart.o(.text.UART_AdvFeatureConfig)
    UART_CheckIdleState                      0x08005d69   Thumb Code   326  stm32h7xx_hal_uart.o(.text.UART_CheckIdleState)
    UART_SetConfig                           0x08005f51   Thumb Code  2338  stm32h7xx_hal_uart.o(.text.UART_SetConfig)
    UART_WaitOnFlagUntilTimeout              0x08006879   Thumb Code   268  stm32h7xx_hal_uart.o(.text.UART_WaitOnFlagUntilTimeout)
    UsageFault_Handler                       0x08006989   Thumb Code     4  stm32h7xx_it.o(.text.UsageFault_Handler)
    UsartTask                                0x08006991   Thumb Code   136  main.o(.text.UsartTask)
    eTaskGetState                            0x08006ae1   Thumb Code   308  tasks.o(.text.eTaskGetState)
    fputc                                    0x08006c19   Thumb Code    34  main.o(.text.fputc)
    main                                     0x08006c41   Thumb Code   152  main.o(.text.main)
    pvPortMalloc                             0x080076b1   Thumb Code   796  heap_4.o(.text.pvPortMalloc)
    pxPortInitialiseStack                    0x080079d1   Thumb Code    94  port.o(.text.pxPortInitialiseStack)
    uxListRemove                             0x08007a31   Thumb Code    72  list.o(.text.uxListRemove)
    uxTaskGetSystemState                     0x08007a79   Thumb Code   290  tasks.o(.text.uxTaskGetSystemState)
    vListInitialise                          0x08007ba1   Thumb Code    46  list.o(.text.vListInitialise)
    vListInitialiseItem                      0x08007bd1   Thumb Code    14  list.o(.text.vListInitialiseItem)
    vListInsert                              0x08007be1   Thumb Code   106  list.o(.text.vListInsert)
    vPortEnterCritical                       0x08007c69   Thumb Code    94  port.o(.text.vPortEnterCritical)
    vPortExitCritical                        0x08007cc9   Thumb Code    78  port.o(.text.vPortExitCritical)
    vPortFree                                0x08007d19   Thumb Code   278  heap_4.o(.text.vPortFree)
    vPortSetupTimerInterrupt                 0x08007e31   Thumb Code    68  port.o(.text.vPortSetupTimerInterrupt)
    vTaskDelay                               0x08007e79   Thumb Code   116  tasks.o(.text.vTaskDelay)
    vTaskGetInfo                             0x08007ef1   Thumb Code   310  tasks.o(.text.vTaskGetInfo)
    vTaskGetRunTimeStatistics                0x08008029   Thumb Code   358  tasks.o(.text.vTaskGetRunTimeStatistics)
    vTaskListTasks                           0x08008191   Thumb Code   370  tasks.o(.text.vTaskListTasks)
    vTaskStartScheduler                      0x08008309   Thumb Code   144  tasks.o(.text.vTaskStartScheduler)
    vTaskSuspendAll                          0x08008399   Thumb Code    16  tasks.o(.text.vTaskSuspendAll)
    vTaskSwitchContext                       0x080083a9   Thumb Code   310  tasks.o(.text.vTaskSwitchContext)
    xPortStartScheduler                      0x080084e1   Thumb Code   424  port.o(.text.xPortStartScheduler)
    xTaskCreate                              0x08008689   Thumb Code    82  tasks.o(.text.xTaskCreate)
    xTaskIncrementTick                       0x080086e1   Thumb Code   632  tasks.o(.text.xTaskIncrementTick)
    xTaskResumeAll                           0x08008959   Thumb Code   598  tasks.o(.text.xTaskResumeAll)
    __0printf                                0x08008bb1   Thumb Code    22  printfa.o(i.__0printf)
    __1printf                                0x08008bb1   Thumb Code     0  printfa.o(i.__0printf)
    __2printf                                0x08008bb1   Thumb Code     0  printfa.o(i.__0printf)
    __c89printf                              0x08008bb1   Thumb Code     0  printfa.o(i.__0printf)
    printf                                   0x08008bb1   Thumb Code     0  printfa.o(i.__0printf)
    __0snprintf                              0x08008bd1   Thumb Code    48  printfa.o(i.__0snprintf)
    __1snprintf                              0x08008bd1   Thumb Code     0  printfa.o(i.__0snprintf)
    __2snprintf                              0x08008bd1   Thumb Code     0  printfa.o(i.__0snprintf)
    __c89snprintf                            0x08008bd1   Thumb Code     0  printfa.o(i.__0snprintf)
    snprintf                                 0x08008bd1   Thumb Code     0  printfa.o(i.__0snprintf)
    __scatterload_copy                       0x08008c05   Thumb Code    14  handlers.o(i.__scatterload_copy)
    __scatterload_null                       0x08008c13   Thumb Code     2  handlers.o(i.__scatterload_null)
    __scatterload_zeroinit                   0x08008c15   Thumb Code    14  handlers.o(i.__scatterload_zeroinit)
    D1CorePrescTable                         0x080094ec   Data          16  system_stm32h7xx.o(.rodata.D1CorePrescTable)
    UARTPrescTable                           0x0800950c   Data          24  stm32h7xx_hal_uart.o(.rodata.UARTPrescTable)
    Region$$Table$$Base                      0x08009630   Number         0  anon$$obj.o(Region$$Table)
    Region$$Table$$Limit                     0x08009650   Number         0  anon$$obj.o(Region$$Table)
    __stdout                                 0x24000000   Data           4  stdout.o(.data)
    SystemCoreClock                          0x24000004   Data           4  system_stm32h7xx.o(.data.SystemCoreClock)
    SystemD2Clock                            0x24000008   Data           4  system_stm32h7xx.o(.data.SystemD2Clock)
    uwTickFreq                               0x2400000c   Data           1  stm32h7xx_hal.o(.data.uwTickFreq)
    uwTickPrio                               0x24000010   Data           4  stm32h7xx_hal.o(.data.uwTickPrio)
    htim1                                    0x24000018   Data          76  tim.o(.bss.htim1)
    htim6                                    0x24000064   Data          76  stm32h7xx_hal_timebase_tim.o(.bss.htim6)
    htim7                                    0x240000b0   Data          76  tim.o(.bss.htim7)
    huart1                                   0x240000fc   Data         148  usart.o(.bss.huart1)
    pxCurrentTCB                             0x24000190   Data           4  tasks.o(.bss.pxCurrentTCB)
    ulHighFrequencyTimerTicks                0x24005230   Data           4  main.o(.bss.ulHighFrequencyTimerTicks)
    uwTick                                   0x24005240   Data           4  stm32h7xx_hal.o(.bss.uwTick)
    __initial_sp                             0x240056f0   Data           0  startup_stm32h743xx.o(STACK)



==============================================================================

Memory Map of the image

  Image Entry point : 0x08000299

  Load Region LR_IROM1 (Base: 0x08000000, Size: 0x00009668, Max: 0x00200000, ABSOLUTE)

    Execution Region ER_IROM1 (Exec base: 0x08000000, Load base: 0x08000000, Size: 0x00009650, Max: 0x00200000, ABSOLUTE)

    Exec Addr    Load Addr    Size         Type   Attr      Idx    E Section Name        Object

    0x08000000   0x08000000   0x00000298   Data   RO            3    RESET               startup_stm32h743xx.o
    0x08000298   0x08000298   0x00000000   Code   RO         1919  * .ARM.Collect$$$$00000000  mc_w.l(entry.o)
    0x08000298   0x08000298   0x00000004   Code   RO         1962    .ARM.Collect$$$$00000001  mc_w.l(entry2.o)
    0x0800029c   0x0800029c   0x00000004   Code   RO         1965    .ARM.Collect$$$$00000004  mc_w.l(entry5.o)
    0x080002a0   0x080002a0   0x00000000   Code   RO         1967    .ARM.Collect$$$$00000008  mc_w.l(entry7b.o)
    0x080002a0   0x080002a0   0x00000000   Code   RO         1969    .ARM.Collect$$$$0000000A  mc_w.l(entry8b.o)
    0x080002a0   0x080002a0   0x00000008   Code   RO         1970    .ARM.Collect$$$$0000000B  mc_w.l(entry9a.o)
    0x080002a8   0x080002a8   0x00000000   Code   RO         1972    .ARM.Collect$$$$0000000D  mc_w.l(entry10a.o)
    0x080002a8   0x080002a8   0x00000000   Code   RO         1974    .ARM.Collect$$$$0000000F  mc_w.l(entry11a.o)
    0x080002a8   0x080002a8   0x00000004   Code   RO         1963    .ARM.Collect$$$$00002712  mc_w.l(entry2.o)
    0x080002ac   0x080002ac   0x0000002c   Code   RO            4    .text               startup_stm32h743xx.o
    0x080002d8   0x080002d8   0x00000062   Code   RO         1922    .text               mc_w.l(uldiv.o)
    0x0800033a   0x0800033a   0x00000024   Code   RO         1926    .text               mc_w.l(memseta.o)
    0x0800035e   0x0800035e   0x0000000e   Code   RO         1928    .text               mc_w.l(strlen.o)
    0x0800036c   0x0800036c   0x00000012   Code   RO         1930    .text               mc_w.l(strcpy.o)
    0x0800037e   0x0800037e   0x0000002c   Code   RO         1986    .text               mc_w.l(uidiv.o)
    0x080003aa   0x080003aa   0x0000001e   Code   RO         1988    .text               mc_w.l(llshl.o)
    0x080003c8   0x080003c8   0x00000020   Code   RO         1990    .text               mc_w.l(llushr.o)
    0x080003e8   0x080003e8   0x00000000   Code   RO         1992    .text               mc_w.l(iusefp.o)
    0x080003e8   0x080003e8   0x0000014e   Code   RO         1993    .text               mf_w.l(dadd.o)
    0x08000536   0x08000536   0x000000e4   Code   RO         1995    .text               mf_w.l(dmul.o)
    0x0800061a   0x0800061a   0x000000de   Code   RO         1997    .text               mf_w.l(ddiv.o)
    0x080006f8   0x080006f8   0x00000030   Code   RO         1999    .text               mf_w.l(dfixul.o)
    0x08000728   0x08000728   0x00000030   Code   RO         2001    .text               mf_w.l(cdrcmple.o)
    0x08000758   0x08000758   0x00000030   Code   RO         2003    .text               mc_w.l(init.o)
    0x08000788   0x08000788   0x00000024   Code   RO         2005    .text               mc_w.l(llsshr.o)
    0x080007ac   0x080007ac   0x000000ba   Code   RO         2007    .text               mf_w.l(depilogue.o)
    0x08000866   0x08000866   0x00000002   PAD
    0x08000868   0x08000868   0x00000004   Code   RO           90    .text.BusFault_Handler  stm32h7xx_it.o
    0x0800086c   0x0800086c   0x00000004   PAD
    0x08000870   0x08000870   0x00000002   Code   RO           94    .text.DebugMon_Handler  stm32h7xx_it.o
    0x08000872   0x08000872   0x00000006   PAD
    0x08000878   0x08000878   0x0000000e   Code   RO           25    .text.Error_Handler  main.o
    0x08000886   0x08000886   0x00000002   PAD
    0x08000888   0x08000888   0x00000028   Code   RO         1563    .text.ExitRun0Mode  system_stm32h7xx.o
    0x080008b0   0x080008b0   0x000003c4   Code   RO          751    .text.HAL_GPIO_Init  stm32h7xx_hal_gpio.o
    0x08000c74   0x08000c74   0x00000004   PAD
    0x08000c78   0x08000c78   0x00000026   Code   RO          759    .text.HAL_GPIO_TogglePin  stm32h7xx_hal_gpio.o
    0x08000c9e   0x08000c9e   0x00000002   PAD
    0x08000ca0   0x08000ca0   0x0000002e   Code   RO          757    .text.HAL_GPIO_WritePin  stm32h7xx_hal_gpio.o
    0x08000cce   0x08000cce   0x00000002   PAD
    0x08000cd0   0x08000cd0   0x0000000e   Code   RO         1075    .text.HAL_GetREVID  stm32h7xx_hal.o
    0x08000cde   0x08000cde   0x00000002   PAD
    0x08000ce0   0x08000ce0   0x0000000c   Code   RO         1059    .text.HAL_GetTick   stm32h7xx_hal.o
    0x08000cec   0x08000cec   0x00000004   PAD
    0x08000cf0   0x08000cf0   0x0000001a   Code   RO         1057    .text.HAL_IncTick   stm32h7xx_hal.o
    0x08000d0a   0x08000d0a   0x00000006   PAD
    0x08000d10   0x08000d10   0x0000007a   Code   RO         1047    .text.HAL_Init      stm32h7xx_hal.o
    0x08000d8a   0x08000d8a   0x00000006   PAD
    0x08000d90   0x08000d90   0x000000dc   Code   RO          115    .text.HAL_InitTick  stm32h7xx_hal_timebase_tim.o
    0x08000e6c   0x08000e6c   0x00000004   PAD
    0x08000e70   0x08000e70   0x00000080   Code   RO          513    .text.HAL_MPU_ConfigRegion  stm32h7xx_hal_cortex.o
    0x08000ef0   0x08000ef0   0x00000022   Code   RO          505    .text.HAL_MPU_Disable  stm32h7xx_hal_cortex.o
    0x08000f12   0x08000f12   0x00000006   PAD
    0x08000f18   0x08000f18   0x00000030   Code   RO          507    .text.HAL_MPU_Enable  stm32h7xx_hal_cortex.o
    0x08000f48   0x08000f48   0x00000024   Code   RO          107    .text.HAL_MspInit   stm32h7xx_hal_msp.o
    0x08000f6c   0x08000f6c   0x00000004   PAD
    0x08000f70   0x08000f70   0x00000014   Code   RO          489    .text.HAL_NVIC_EnableIRQ  stm32h7xx_hal_cortex.o
    0x08000f84   0x08000f84   0x00000004   PAD
    0x08000f88   0x08000f88   0x0000002e   Code   RO          481    .text.HAL_NVIC_SetPriority  stm32h7xx_hal_cortex.o
    0x08000fb6   0x08000fb6   0x00000002   PAD
    0x08000fb8   0x08000fb8   0x00000010   Code   RO          477    .text.HAL_NVIC_SetPriorityGrouping  stm32h7xx_hal_cortex.o
    0x08000fc8   0x08000fc8   0x000000a2   Code   RO          960    .text.HAL_PWREx_ConfigSupply  stm32h7xx_hal_pwr_ex.o
    0x0800106a   0x0800106a   0x00000006   PAD
    0x08001070   0x08001070   0x00000026   Code   RO          605    .text.HAL_RCCEx_GetD3PCLK1Freq  stm32h7xx_hal_rcc_ex.o
    0x08001096   0x08001096   0x00000002   PAD
    0x08001098   0x08001098   0x00000298   Code   RO          601    .text.HAL_RCCEx_GetPLL2ClockFreq  stm32h7xx_hal_rcc_ex.o
    0x08001330   0x08001330   0x00000298   Code   RO          603    .text.HAL_RCCEx_GetPLL3ClockFreq  stm32h7xx_hal_rcc_ex.o
    0x080015c8   0x080015c8   0x000010a0   Code   RO          589    .text.HAL_RCCEx_PeriphCLKConfig  stm32h7xx_hal_rcc_ex.o
    0x08002668   0x08002668   0x00000498   Code   RO          558    .text.HAL_RCC_ClockConfig  stm32h7xx_hal_rcc.o
    0x08002b00   0x08002b00   0x00000088   Code   RO          576    .text.HAL_RCC_GetClockConfig  stm32h7xx_hal_rcc.o
    0x08002b88   0x08002b88   0x00000056   Code   RO          568    .text.HAL_RCC_GetHCLKFreq  stm32h7xx_hal_rcc.o
    0x08002bde   0x08002bde   0x00000002   PAD
    0x08002be0   0x08002be0   0x00000026   Code   RO          570    .text.HAL_RCC_GetPCLK1Freq  stm32h7xx_hal_rcc.o
    0x08002c06   0x08002c06   0x00000002   PAD
    0x08002c08   0x08002c08   0x00000026   Code   RO          572    .text.HAL_RCC_GetPCLK2Freq  stm32h7xx_hal_rcc.o
    0x08002c2e   0x08002c2e   0x00000002   PAD
    0x08002c30   0x08002c30   0x000002fc   Code   RO          560    .text.HAL_RCC_GetSysClockFreq  stm32h7xx_hal_rcc.o
    0x08002f2c   0x08002f2c   0x00000004   PAD
    0x08002f30   0x08002f30   0x00000b58   Code   RO          556    .text.HAL_RCC_OscConfig  stm32h7xx_hal_rcc.o
    0x08003a88   0x08003a88   0x0000001e   Code   RO         1097    .text.HAL_SYSCFG_AnalogSwitchConfig  stm32h7xx_hal.o
    0x08003aa6   0x08003aa6   0x00000002   PAD
    0x08003aa8   0x08003aa8   0x00000008   Code   RO          464    .text.HAL_TIMEx_Break2Callback  stm32h7xx_hal_tim_ex.o
    0x08003ab0   0x08003ab0   0x00000008   Code   RO          462    .text.HAL_TIMEx_BreakCallback  stm32h7xx_hal_tim_ex.o
    0x08003ab8   0x08003ab8   0x00000008   Code   RO          458    .text.HAL_TIMEx_CommutCallback  stm32h7xx_hal_tim_ex.o
    0x08003ac0   0x08003ac0   0x00000112   Code   RO          448    .text.HAL_TIMEx_ConfigBreakDeadTime  stm32h7xx_hal_tim_ex.o
    0x08003bd2   0x08003bd2   0x00000006   PAD
    0x08003bd8   0x08003bd8   0x00000158   Code   RO          446    .text.HAL_TIMEx_MasterConfigSynchronization  stm32h7xx_hal_tim_ex.o
    0x08003d30   0x08003d30   0x000000a8   Code   RO          129    .text.HAL_TIM_Base_Init  stm32h7xx_hal_tim.o
    0x08003dd8   0x08003dd8   0x0000004e   Code   RO           55    .text.HAL_TIM_Base_MspInit  tim.o
    0x08003e26   0x08003e26   0x00000002   PAD
    0x08003e28   0x08003e28   0x00000104   Code   RO          143    .text.HAL_TIM_Base_Start_IT  stm32h7xx_hal_tim.o
    0x08003f2c   0x08003f2c   0x00000004   PAD
    0x08003f30   0x08003f30   0x00000008   Code   RO          265    .text.HAL_TIM_IC_CaptureCallback  stm32h7xx_hal_tim.o
    0x08003f38   0x08003f38   0x00000250   Code   RO          263    .text.HAL_TIM_IRQHandler  stm32h7xx_hal_tim.o
    0x08004188   0x08004188   0x00000066   Code   RO           49    .text.HAL_TIM_MspPostInit  tim.o
    0x080041ee   0x080041ee   0x00000002   PAD
    0x080041f0   0x080041f0   0x000000c4   Code   RO          275    .text.HAL_TIM_OC_ConfigChannel  stm32h7xx_hal_tim.o
    0x080042b4   0x080042b4   0x00000004   PAD
    0x080042b8   0x080042b8   0x00000008   Code   RO          267    .text.HAL_TIM_OC_DelayElapsedCallback  stm32h7xx_hal_tim.o
    0x080042c0   0x080042c0   0x000000a8   Code   RO          157    .text.HAL_TIM_OC_Init  stm32h7xx_hal_tim.o
    0x08004368   0x08004368   0x00000038   Code   RO           53    .text.HAL_TIM_OC_MspInit  tim.o
    0x080043a0   0x080043a0   0x00000008   Code   RO          269    .text.HAL_TIM_PWM_PulseFinishedCallback  stm32h7xx_hal_tim.o
    0x080043a8   0x080043a8   0x00000044   Code   RO           27    .text.HAL_TIM_PeriodElapsedCallback  main.o
    0x080043ec   0x080043ec   0x00000004   PAD
    0x080043f0   0x080043f0   0x00000008   Code   RO          273    .text.HAL_TIM_TriggerCallback  stm32h7xx_hal_tim.o
    0x080043f8   0x080043f8   0x0000007c   Code   RO         1536    .text.HAL_UARTEx_DisableFifoMode  stm32h7xx_hal_uart_ex.o
    0x08004474   0x08004474   0x00000004   PAD
    0x08004478   0x08004478   0x0000008c   Code   RO         1540    .text.HAL_UARTEx_SetRxFifoThreshold  stm32h7xx_hal_uart_ex.o
    0x08004504   0x08004504   0x00000004   PAD
    0x08004508   0x08004508   0x0000008c   Code   RO         1538    .text.HAL_UARTEx_SetTxFifoThreshold  stm32h7xx_hal_uart_ex.o
    0x08004594   0x08004594   0x00000004   PAD
    0x08004598   0x08004598   0x000000aa   Code   RO         1366    .text.HAL_UART_Init  stm32h7xx_hal_uart.o
    0x08004642   0x08004642   0x00000006   PAD
    0x08004648   0x08004648   0x000000aa   Code   RO           72    .text.HAL_UART_MspInit  usart.o
    0x080046f2   0x080046f2   0x00000006   PAD
    0x080046f8   0x080046f8   0x00000138   Code   RO         1386    .text.HAL_UART_Transmit  stm32h7xx_hal_uart.o
    0x08004830   0x08004830   0x00000004   Code   RO           86    .text.HardFault_Handler  stm32h7xx_it.o
    0x08004834   0x08004834   0x00000004   PAD
    0x08004838   0x08004838   0x00000056   Code   RO           21    .text.MPU_Config    main.o
    0x0800488e   0x0800488e   0x00000002   PAD
    0x08004890   0x08004890   0x0000010e   Code   RO           39    .text.MX_GPIO_Init  gpio.o
    0x0800499e   0x0800499e   0x00000002   PAD
    0x080049a0   0x080049a0   0x000000ea   Code   RO           47    .text.MX_TIM1_Init  tim.o
    0x08004a8a   0x08004a8a   0x00000006   PAD
    0x08004a90   0x08004a90   0x0000005c   Code   RO           51    .text.MX_TIM7_Init  tim.o
    0x08004aec   0x08004aec   0x00000004   PAD
    0x08004af0   0x08004af0   0x0000008e   Code   RO           70    .text.MX_USART1_UART_Init  usart.o
    0x08004b7e   0x08004b7e   0x00000002   PAD
    0x08004b80   0x08004b80   0x00000004   Code   RO           88    .text.MemManage_Handler  stm32h7xx_it.o
    0x08004b84   0x08004b84   0x00000004   PAD
    0x08004b88   0x08004b88   0x00000004   Code   RO           84    .text.NMI_Handler   stm32h7xx_it.o
    0x08004b8c   0x08004b8c   0x00000004   PAD
    0x08004b90   0x08004b90   0x0000006c   Code   RO          487    .text.NVIC_EncodePriority  stm32h7xx_hal_cortex.o
    0x08004bfc   0x08004bfc   0x00000004   PAD
    0x08004c00   0x08004c00   0x00000064   Code   RO         1892    .text.PendSV_Handler  port.o
    0x08004c64   0x08004c64   0x00000004   PAD
    0x08004c68   0x08004c68   0x000001ca   Code   RO          591    .text.RCCEx_PLL2_Config  stm32h7xx_hal_rcc_ex.o
    0x08004e32   0x08004e32   0x00000006   PAD
    0x08004e38   0x08004e38   0x000001ca   Code   RO          593    .text.RCCEx_PLL3_Config  stm32h7xx_hal_rcc_ex.o
    0x08005002   0x08005002   0x0000000e   PAD
    0x08005010   0x08005010   0x00000024   Code   RO         1888    .text.SVC_Handler   port.o
    0x08005034   0x08005034   0x00000004   PAD
    0x08005038   0x08005038   0x0000001c   Code   RO           15    .text.StartTask     main.o
    0x08005054   0x08005054   0x00000004   PAD
    0x08005058   0x08005058   0x00000042   Code   RO         1906    .text.SysTick_Handler  port.o
    0x0800509a   0x0800509a   0x00000006   PAD
    0x080050a0   0x080050a0   0x000000e4   Code   RO           23    .text.SystemClock_Config  main.o
    0x08005184   0x08005184   0x00000004   PAD
    0x08005188   0x08005188   0x0000018c   Code   RO         1559    .text.SystemInit    system_stm32h7xx.o
    0x08005314   0x08005314   0x00000004   PAD
    0x08005318   0x08005318   0x00000010   Code   RO           96    .text.TIM6_DAC_IRQHandler  stm32h7xx_it.o
    0x08005328   0x08005328   0x00000010   Code   RO           98    .text.TIM7_IRQHandler  stm32h7xx_it.o
    0x08005338   0x08005338   0x000001a4   Code   RO          133    .text.TIM_Base_SetConfig  stm32h7xx_hal_tim.o
    0x080054dc   0x080054dc   0x00000004   PAD
    0x080054e0   0x080054e0   0x00000150   Code   RO          277    .text.TIM_OC1_SetConfig  stm32h7xx_hal_tim.o
    0x08005630   0x08005630   0x0000016c   Code   RO          279    .text.TIM_OC2_SetConfig  stm32h7xx_hal_tim.o
    0x0800579c   0x0800579c   0x00000004   PAD
    0x080057a0   0x080057a0   0x0000016a   Code   RO          281    .text.TIM_OC3_SetConfig  stm32h7xx_hal_tim.o
    0x0800590a   0x0800590a   0x00000006   PAD
    0x08005910   0x08005910   0x000000da   Code   RO          283    .text.TIM_OC4_SetConfig  stm32h7xx_hal_tim.o
    0x080059ea   0x080059ea   0x00000006   PAD
    0x080059f0   0x080059f0   0x000000d0   Code   RO          285    .text.TIM_OC5_SetConfig  stm32h7xx_hal_tim.o
    0x08005ac0   0x08005ac0   0x000000d2   Code   RO          287    .text.TIM_OC6_SetConfig  stm32h7xx_hal_tim.o
    0x08005b92   0x08005b92   0x00000006   PAD
    0x08005b98   0x08005b98   0x00000086   Code   RO         1534    .text.UARTEx_SetNbDataToProcess  stm32h7xx_hal_uart_ex.o
    0x08005c1e   0x08005c1e   0x00000002   PAD
    0x08005c20   0x08005c20   0x00000148   Code   RO         1370    .text.UART_AdvFeatureConfig  stm32h7xx_hal_uart.o
    0x08005d68   0x08005d68   0x00000146   Code   RO         1374    .text.UART_CheckIdleState  stm32h7xx_hal_uart.o
    0x08005eae   0x08005eae   0x00000002   PAD
    0x08005eb0   0x08005eb0   0x0000009e   Code   RO         1426    .text.UART_EndRxTransfer  stm32h7xx_hal_uart.o
    0x08005f4e   0x08005f4e   0x00000002   PAD
    0x08005f50   0x08005f50   0x00000922   Code   RO         1372    .text.UART_SetConfig  stm32h7xx_hal_uart.o
    0x08006872   0x08006872   0x00000006   PAD
    0x08006878   0x08006878   0x0000010c   Code   RO         1388    .text.UART_WaitOnFlagUntilTimeout  stm32h7xx_hal_uart.o
    0x08006984   0x08006984   0x00000004   PAD
    0x08006988   0x08006988   0x00000004   Code   RO           92    .text.UsageFault_Handler  stm32h7xx_it.o
    0x0800698c   0x0800698c   0x00000004   PAD
    0x08006990   0x08006990   0x00000088   Code   RO           17    .text.UsartTask     main.o
    0x08006a18   0x08006a18   0x00000030   Code   RO          491    .text.__NVIC_EnableIRQ  stm32h7xx_hal_cortex.o
    0x08006a48   0x08006a48   0x00000010   Code   RO          483    .text.__NVIC_GetPriorityGrouping  stm32h7xx_hal_cortex.o
    0x08006a58   0x08006a58   0x00000042   Code   RO          485    .text.__NVIC_SetPriority  stm32h7xx_hal_cortex.o
    0x08006a9a   0x08006a9a   0x00000006   PAD
    0x08006aa0   0x08006aa0   0x0000003c   Code   RO          479    .text.__NVIC_SetPriorityGrouping  stm32h7xx_hal_cortex.o
    0x08006adc   0x08006adc   0x00000004   PAD
    0x08006ae0   0x08006ae0   0x00000134   Code   RO         1597    .text.eTaskGetState  tasks.o
    0x08006c14   0x08006c14   0x00000004   PAD
    0x08006c18   0x08006c18   0x00000022   Code   RO           11    .text.fputc         main.o
    0x08006c3a   0x08006c3a   0x00000006   PAD
    0x08006c40   0x08006c40   0x00000098   Code   RO           19    .text.main          main.o
    0x08006cd8   0x08006cd8   0x00000126   Code   RO         1591    .text.prvAddCurrentTaskToDelayedList  tasks.o
    0x08006dfe   0x08006dfe   0x00000002   PAD
    0x08006e00   0x08006e00   0x00000160   Code   RO         1579    .text.prvAddNewTaskToReadyList  tasks.o
    0x08006f60   0x08006f60   0x0000005a   Code   RO         1625    .text.prvCheckTasksWaitingTermination  tasks.o
    0x08006fba   0x08006fba   0x00000006   PAD
    0x08006fc0   0x08006fc0   0x00000092   Code   RO         1621    .text.prvCreateIdleTasks  tasks.o
    0x08007052   0x08007052   0x00000006   PAD
    0x08007058   0x08007058   0x00000088   Code   RO         1577    .text.prvCreateTask  tasks.o
    0x080070e0   0x080070e0   0x00000018   Code   RO         1585    .text.prvDeleteTCB  tasks.o
    0x080070f8   0x080070f8   0x000000aa   Code   RO         1852    .text.prvHeapInit   heap_4.o
    0x080071a2   0x080071a2   0x00000006   PAD
    0x080071a8   0x080071a8   0x00000038   Code   RO         1715    .text.prvIdleTask   tasks.o
    0x080071e0   0x080071e0   0x0000012c   Code   RO         1711    .text.prvInitialiseNewTask  tasks.o
    0x0800730c   0x0800730c   0x00000004   PAD
    0x08007310   0x08007310   0x0000008e   Code   RO         1713    .text.prvInitialiseTaskLists  tasks.o
    0x0800739e   0x0800739e   0x00000002   PAD
    0x080073a0   0x080073a0   0x0000012a   Code   RO         1856    .text.prvInsertBlockIntoFreeList  heap_4.o
    0x080074ca   0x080074ca   0x00000006   PAD
    0x080074d0   0x080074d0   0x0000006a   Code   RO         1639    .text.prvListTasksWithinSingleList  tasks.o
    0x0800753a   0x0800753a   0x00000006   PAD
    0x08007540   0x08007540   0x00000028   Code   RO         1898    .text.prvPortStartFirstTask  port.o
    0x08007568   0x08007568   0x0000003c   Code   RO         1583    .text.prvResetNextTaskUnblockTime  tasks.o
    0x080075a4   0x080075a4   0x00000004   PAD
    0x080075a8   0x080075a8   0x00000036   Code   RO         1683    .text.prvSnprintfReturnValueToCharsWritten  tasks.o
    0x080075de   0x080075de   0x00000002   PAD
    0x080075e0   0x080075e0   0x0000002e   Code   RO         1665    .text.prvTaskCheckFreeStackSpace  tasks.o
    0x0800760e   0x0800760e   0x00000002   PAD
    0x08007610   0x08007610   0x00000054   Code   RO         1886    .text.prvTaskExitError  port.o
    0x08007664   0x08007664   0x00000004   PAD
    0x08007668   0x08007668   0x00000046   Code   RO         1681    .text.prvWriteNameToBuffer  tasks.o
    0x080076ae   0x080076ae   0x00000002   PAD
    0x080076b0   0x080076b0   0x0000031c   Code   RO         1850    .text.pvPortMalloc  heap_4.o
    0x080079cc   0x080079cc   0x00000004   PAD
    0x080079d0   0x080079d0   0x0000005e   Code   RO         1884    .text.pxPortInitialiseStack  port.o
    0x08007a2e   0x08007a2e   0x00000002   PAD
    0x08007a30   0x08007a30   0x00000048   Code   RO         1757    .text.uxListRemove  list.o
    0x08007a78   0x08007a78   0x00000122   Code   RO         1637    .text.uxTaskGetSystemState  tasks.o
    0x08007b9a   0x08007b9a   0x00000006   PAD
    0x08007ba0   0x08007ba0   0x0000002e   Code   RO         1749    .text.vListInitialise  list.o
    0x08007bce   0x08007bce   0x00000002   PAD
    0x08007bd0   0x08007bd0   0x0000000e   Code   RO         1751    .text.vListInitialiseItem  list.o
    0x08007bde   0x08007bde   0x00000002   PAD
    0x08007be0   0x08007be0   0x0000006a   Code   RO         1755    .text.vListInsert   list.o
    0x08007c4a   0x08007c4a   0x00000006   PAD
    0x08007c50   0x08007c50   0x00000014   Code   RO         1896    .text.vPortEnableVFP  port.o
    0x08007c64   0x08007c64   0x00000004   PAD
    0x08007c68   0x08007c68   0x0000005e   Code   RO         1902    .text.vPortEnterCritical  port.o
    0x08007cc6   0x08007cc6   0x00000002   PAD
    0x08007cc8   0x08007cc8   0x0000004e   Code   RO         1904    .text.vPortExitCritical  port.o
    0x08007d16   0x08007d16   0x00000002   PAD
    0x08007d18   0x08007d18   0x00000116   Code   RO         1854    .text.vPortFree     heap_4.o
    0x08007e2e   0x08007e2e   0x00000002   PAD
    0x08007e30   0x08007e30   0x00000044   Code   RO         1894    .text.vPortSetupTimerInterrupt  port.o
    0x08007e74   0x08007e74   0x00000004   PAD
    0x08007e78   0x08007e78   0x00000074   Code   RO         1595    .text.vTaskDelay    tasks.o
    0x08007eec   0x08007eec   0x00000004   PAD
    0x08007ef0   0x08007ef0   0x00000136   Code   RO         1663    .text.vTaskGetInfo  tasks.o
    0x08008026   0x08008026   0x00000002   PAD
    0x08008028   0x08008028   0x00000166   Code   RO         1685    .text.vTaskGetRunTimeStatistics  tasks.o
    0x0800818e   0x0800818e   0x00000002   PAD
    0x08008190   0x08008190   0x00000172   Code   RO         1679    .text.vTaskListTasks  tasks.o
    0x08008302   0x08008302   0x00000006   PAD
    0x08008308   0x08008308   0x00000090   Code   RO         1619    .text.vTaskStartScheduler  tasks.o
    0x08008398   0x08008398   0x00000010   Code   RO         1589    .text.vTaskSuspendAll  tasks.o
    0x080083a8   0x080083a8   0x00000136   Code   RO         1611    .text.vTaskSwitchContext  tasks.o
    0x080084de   0x080084de   0x00000002   PAD
    0x080084e0   0x080084e0   0x000001a8   Code   RO         1890    .text.xPortStartScheduler  port.o
    0x08008688   0x08008688   0x00000052   Code   RO         1575    .text.xTaskCreate   tasks.o
    0x080086da   0x080086da   0x00000006   PAD
    0x080086e0   0x080086e0   0x00000278   Code   RO         1627    .text.xTaskIncrementTick  tasks.o
    0x08008958   0x08008958   0x00000256   Code   RO         1593    .text.xTaskResumeAll  tasks.o
    0x08008bae   0x08008bae   0x00000002   PAD
    0x08008bb0   0x08008bb0   0x00000020   Code   RO         1935    i.__0printf         mc_w.l(printfa.o)
    0x08008bd0   0x08008bd0   0x00000034   Code   RO         1936    i.__0snprintf       mc_w.l(printfa.o)
    0x08008c04   0x08008c04   0x0000000e   Code   RO         2011    i.__scatterload_copy  mc_w.l(handlers.o)
    0x08008c12   0x08008c12   0x00000002   Code   RO         2012    i.__scatterload_null  mc_w.l(handlers.o)
    0x08008c14   0x08008c14   0x0000000e   Code   RO         2013    i.__scatterload_zeroinit  mc_w.l(handlers.o)
    0x08008c22   0x08008c22   0x00000002   PAD
    0x08008c24   0x08008c24   0x00000184   Code   RO         1942    i._fp_digits        mc_w.l(printfa.o)
    0x08008da8   0x08008da8   0x000006dc   Code   RO         1943    i._printf_core      mc_w.l(printfa.o)
    0x08009484   0x08009484   0x00000024   Code   RO         1944    i._printf_post_padding  mc_w.l(printfa.o)
    0x080094a8   0x080094a8   0x0000002e   Code   RO         1945    i._printf_pre_padding  mc_w.l(printfa.o)
    0x080094d6   0x080094d6   0x00000016   Code   RO         1946    i._snputc           mc_w.l(printfa.o)
    0x080094ec   0x080094ec   0x00000010   Data   RO         1567    .rodata.D1CorePrescTable  system_stm32h7xx.o
    0x080094fc   0x080094fc   0x00000008   Data   RO         1551    .rodata.UARTEx_SetNbDataToProcess.denominator  stm32h7xx_hal_uart_ex.o
    0x08009504   0x08009504   0x00000008   Data   RO         1550    .rodata.UARTEx_SetNbDataToProcess.numerator  stm32h7xx_hal_uart_ex.o
    0x0800950c   0x0800950c   0x00000018   Data   RO         1506    .rodata.UARTPrescTable  stm32h7xx_hal_uart.o
    0x08009524   0x08009524   0x000000da   Data   RO           30    .rodata.str1.1      main.o
    0x080095fe   0x080095fe   0x0000002c   Data   RO         1739    .rodata.str1.1      tasks.o
    0x0800962a   0x0800962a   0x00000002   PAD
    0x0800962c   0x0800962c   0x00000004   Data   RO         1734    .rodata.uxTopUsedPriority  tasks.o
    0x08009630   0x08009630   0x00000020   Data   RO         2010    Region$$Table       anon$$obj.o


    Execution Region RW_IRAM1 (Exec base: 0x20000000, Load base: 0x08009650, Size: 0x00000000, Max: 0x00020000, ABSOLUTE)

    **** No section assigned to this execution region ****


    Execution Region RW_IRAM2 (Exec base: 0x24000000, Load base: 0x08009650, Size: 0x000056f0, Max: 0x00080000, ABSOLUTE)

    Exec Addr    Load Addr    Size         Type   Attr      Idx    E Section Name        Object

    0x24000000   0x08009650   0x00000004   Data   RW         1976    .data               mc_w.l(stdout.o)
    0x24000004   0x08009654   0x00000004   Data   RW         1565    .data.SystemCoreClock  system_stm32h7xx.o
    0x24000008   0x08009658   0x00000004   Data   RW         1566    .data.SystemD2Clock  system_stm32h7xx.o
    0x2400000c   0x0800965c   0x00000001   Data   RW         1144    .data.uwTickFreq    stm32h7xx_hal.o
    0x2400000d   0x0800965d   0x00000003   PAD
    0x24000010   0x08009660   0x00000004   Data   RW         1143    .data.uwTickPrio    stm32h7xx_hal.o
    0x24000014   0x08009664   0x00000004   Data   RW         1912    .data.uxCriticalNesting  port.o
    0x24000018        -       0x0000004c   Zero   RW           61    .bss.htim1          tim.o
    0x24000064        -       0x0000004c   Zero   RW          121    .bss.htim6          stm32h7xx_hal_timebase_tim.o
    0x240000b0        -       0x0000004c   Zero   RW           62    .bss.htim7          tim.o
    0x240000fc        -       0x00000094   Zero   RW           76    .bss.huart1         usart.o
    0x24000190        -       0x00000004   Zero   RW         1717    .bss.pxCurrentTCB   tasks.o
    0x24000194        -       0x00000004   Zero   RW         1727    .bss.pxDelayedTaskList  tasks.o
    0x24000198        -       0x00000004   Zero   RW         1870    .bss.pxEnd          heap_4.o
    0x2400019c        -       0x00000004   Zero   RW         1728    .bss.pxOverflowDelayedTaskList  tasks.o
    0x240001a0        -       0x0000008c   Zero   RW         1718    .bss.pxReadyTasksLists  tasks.o
    0x2400022c        -       0x00005000   Zero   RW         1873    .bss.ucHeap         heap_4.o
    0x2400522c        -       0x00000001   Zero   RW         1910    .bss.ucMaxSysCallPriority  port.o
    0x2400522d   0x08009668   0x00000003   PAD
    0x24005230        -       0x00000004   Zero   RW           29    .bss.ulHighFrequencyTimerTicks  main.o
    0x24005234        -       0x00000004   Zero   RW         1911    .bss.ulMaxPRIGROUPValue  port.o
    0x24005238        -       0x00000004   Zero   RW         1738    .bss.ulTaskSwitchedInTime  tasks.o
    0x2400523c        -       0x00000004   Zero   RW         1737    .bss.ulTotalRunTime  tasks.o
    0x24005240        -       0x00000004   Zero   RW         1145    .bss.uwTick         stm32h7xx_hal.o
    0x24005244        -       0x00000004   Zero   RW         1724    .bss.uxCurrentNumberOfTasks  tasks.o
    0x24005248        -       0x00000004   Zero   RW         1723    .bss.uxDeletedTasksWaitingCleanUp  tasks.o
    0x2400524c        -       0x00000004   Zero   RW         1725    .bss.uxSchedulerSuspended  tasks.o
    0x24005250        -       0x00000004   Zero   RW         1720    .bss.uxTaskNumber   tasks.o
    0x24005254        -       0x00000004   Zero   RW         1719    .bss.uxTopReadyPriority  tasks.o
    0x24005258        -       0x00000014   Zero   RW         1740    .bss.xDelayedTaskList1  tasks.o
    0x2400526c        -       0x00000014   Zero   RW         1741    .bss.xDelayedTaskList2  tasks.o
    0x24005280        -       0x00000004   Zero   RW         1871    .bss.xFreeBytesRemaining  heap_4.o
    0x24005284        -       0x00000004   Zero   RW         1733    .bss.xIdleTaskHandles  tasks.o
    0x24005288        -       0x00000004   Zero   RW         1874    .bss.xMinimumEverFreeBytesRemaining  heap_4.o
    0x2400528c        -       0x00000004   Zero   RW         1732    .bss.xNextTaskUnblockTime  tasks.o
    0x24005290        -       0x00000004   Zero   RW         1736    .bss.xNumOfOverflows  tasks.o
    0x24005294        -       0x00000004   Zero   RW         1875    .bss.xNumberOfSuccessfulAllocations  heap_4.o
    0x24005298        -       0x00000004   Zero   RW         1876    .bss.xNumberOfSuccessfulFrees  heap_4.o
    0x2400529c        -       0x00000004   Zero   RW         1735    .bss.xPendedTicks   tasks.o
    0x240052a0        -       0x00000014   Zero   RW         1729    .bss.xPendingReadyList  tasks.o
    0x240052b4        -       0x00000004   Zero   RW         1721    .bss.xSchedulerRunning  tasks.o
    0x240052b8        -       0x00000008   Zero   RW         1872    .bss.xStart         heap_4.o
    0x240052c0        -       0x00000014   Zero   RW         1730    .bss.xSuspendedTaskList  tasks.o
    0x240052d4        -       0x00000014   Zero   RW         1722    .bss.xTasksWaitingTermination  tasks.o
    0x240052e8        -       0x00000004   Zero   RW         1726    .bss.xTickCount     tasks.o
    0x240052ec        -       0x00000004   Zero   RW         1731    .bss.xYieldPendings  tasks.o
    0x240052f0        -       0x00000400   Zero   RW            1    STACK               startup_stm32h743xx.o


==============================================================================

Image component sizes


      Code (inc. data)   RO Data    RW Data    ZI Data      Debug   Object Name

       270          0          0          0          0       2993   gpio.o
      1542          0          0          0      20508       4966   heap_4.o
       238          0          0          0          0       2095   list.o
       746          0        218          0          4       8484   main.o
      1104         16          0          4          5       3923   port.o
        44         12        664          0       1024        840   startup_stm32h743xx.o
       204          0          0          5          4      13778   stm32h7xx_hal.o
       590          0          0          0          0      11584   stm32h7xx_hal_cortex.o
      1048          0          0          0          0       7027   stm32h7xx_hal_gpio.o
        36          0          0          0          0       2239   stm32h7xx_hal_msp.o
       162          0          0          0          0      10391   stm32h7xx_hal_pwr_ex.o
      5142         66          0          0          0      11943   stm32h7xx_hal_rcc.o
      6538         96          0          0          0      19301   stm32h7xx_hal_rcc_ex.o
      3534         22          0          0          0      37567   stm32h7xx_hal_tim.o
       642          0          0          0          0      17502   stm32h7xx_hal_tim_ex.o
       220          0          0          0         76       9674   stm32h7xx_hal_timebase_tim.o
      3900        258         24          0          0      29302   stm32h7xx_hal_uart.o
       538          0         16          0          0       8902   stm32h7xx_hal_uart_ex.o
        54          0          0          0          0        956   stm32h7xx_it.o
       436          0         16          8          0       6208   system_stm32h7xx.o
      5410          6         48          0        308      28889   tasks.o
       562          0          0          0        152      11180   tim.o
       312          0          0          0        148       8053   usart.o

    ----------------------------------------------------------------------
     33652        492       1020         20      22232     257797   Object Totals
         0          0         32          0          0          0   (incl. Generated)
       380         16          2          3          3          0   (incl. Padding)

    ----------------------------------------------------------------------

      Code (inc. data)   RO Data    RW Data    ZI Data      Debug   Library Member Name

         0          0          0          0          0          0   entry.o
         0          0          0          0          0          0   entry10a.o
         0          0          0          0          0          0   entry11a.o
         8          4          0          0          0          0   entry2.o
         4          0          0          0          0          0   entry5.o
         0          0          0          0          0          0   entry7b.o
         0          0          0          0          0          0   entry8b.o
         8          4          0          0          0          0   entry9a.o
        30          0          0          0          0          0   handlers.o
        48         10          0          0          0         68   init.o
         0          0          0          0          0          0   iusefp.o
        30          0          0          0          0         68   llshl.o
        36          0          0          0          0         68   llsshr.o
        32          0          0          0          0         68   llushr.o
        36          0          0          0          0        108   memseta.o
      2332         94          0          0          0        608   printfa.o
         0          0          0          4          0          0   stdout.o
        18          0          0          0          0         68   strcpy.o
        14          0          0          0          0         68   strlen.o
        44          0          0          0          0         80   uidiv.o
        98          0          0          0          0         92   uldiv.o
        48          0          0          0          0         68   cdrcmple.o
       334          0          0          0          0        148   dadd.o
       222          0          0          0          0        100   ddiv.o
       186          0          0          0          0        176   depilogue.o
        48          0          0          0          0         68   dfixul.o
       228          0          0          0          0         96   dmul.o

    ----------------------------------------------------------------------
      3808        112          0          4          0       1952   Library Totals
         4          0          0          0          0          0   (incl. Padding)

    ----------------------------------------------------------------------

      Code (inc. data)   RO Data    RW Data    ZI Data      Debug   Library Name

      2738        112          0          4          0       1296   mc_w.l
      1066          0          0          0          0        656   mf_w.l

    ----------------------------------------------------------------------
      3808        112          0          4          0       1952   Library Totals

    ----------------------------------------------------------------------

==============================================================================


      Code (inc. data)   RO Data    RW Data    ZI Data      Debug   

     37460        604       1020         24      22232     258545   Grand Totals
     37460        604       1020         24      22232     258545   ELF Image Totals
     37460        604       1020         24          0          0   ROM Totals

==============================================================================

    Total RO  Size (Code + RO Data)                38480 (  37.58kB)
    Total RW  Size (RW Data + ZI Data)             22256 (  21.73kB)
    Total ROM Size (Code + RO Data + RW Data)      38504 (  37.60kB)

==============================================================================

