Component: Arm Compiler for Embedded 6.24 Tool: armlink [5f371500]

==============================================================================

Section Cross References

    startup_stm32h743xx.o(RESET) refers to startup_stm32h743xx.o(STACK) for __initial_sp
    startup_stm32h743xx.o(RESET) refers to startup_stm32h743xx.o(.text) for Reset_Handler
    startup_stm32h743xx.o(RESET) refers to stm32h7xx_it.o(.text.NMI_Handler) for NMI_Handler
    startup_stm32h743xx.o(RESET) refers to stm32h7xx_it.o(.text.HardFault_Handler) for HardFault_Handler
    startup_stm32h743xx.o(RESET) refers to stm32h7xx_it.o(.text.MemManage_Handler) for MemManage_Handler
    startup_stm32h743xx.o(RESET) refers to stm32h7xx_it.o(.text.BusFault_Handler) for BusFault_Handler
    startup_stm32h743xx.o(RESET) refers to stm32h7xx_it.o(.text.UsageFault_Handler) for UsageFault_Handler
    startup_stm32h743xx.o(RESET) refers to port.o(.text.SVC_Handler) for SVC_Handler
    startup_stm32h743xx.o(RESET) refers to stm32h7xx_it.o(.text.DebugMon_Handler) for DebugMon_Handler
    startup_stm32h743xx.o(RESET) refers to port.o(.text.PendSV_Handler) for PendSV_Handler
    startup_stm32h743xx.o(RESET) refers to port.o(.text.SysTick_Handler) for SysTick_Handler
    startup_stm32h743xx.o(RESET) refers to main.o(.text.EXTI1_IRQHandler) for EXTI1_IRQHandler
    startup_stm32h743xx.o(RESET) refers to stm32h7xx_it.o(.text.TIM6_DAC_IRQHandler) for TIM6_DAC_IRQHandler
    startup_stm32h743xx.o(RESET) refers to stm32h7xx_it.o(.text.TIM7_IRQHandler) for TIM7_IRQHandler
    startup_stm32h743xx.o(.text) refers to system_stm32h7xx.o(.text.ExitRun0Mode) for ExitRun0Mode
    startup_stm32h743xx.o(.text) refers to system_stm32h7xx.o(.text.SystemInit) for SystemInit
    startup_stm32h743xx.o(.text) refers to entry.o(.ARM.Collect$$$$00000000) for __main
    main.o(.text.fputc) refers to usart.o(.bss.huart1) for huart1
    main.o(.text.fputc) refers to stm32h7xx_hal_uart.o(.text.HAL_UART_Transmit) for HAL_UART_Transmit
    main.o(.ARM.exidx.text.fputc) refers to main.o(.text.fputc) for [Anonymous Symbol]
    main.o(.text.fgetc) refers to usart.o(.bss.huart1) for huart1
    main.o(.text.fgetc) refers to stm32h7xx_hal_uart.o(.text.HAL_UART_Receive) for HAL_UART_Receive
    main.o(.ARM.exidx.text.fgetc) refers to main.o(.text.fgetc) for [Anonymous Symbol]
    main.o(.text.StartTask) refers to stm32h7xx_hal_gpio.o(.text.HAL_GPIO_TogglePin) for HAL_GPIO_TogglePin
    main.o(.text.StartTask) refers to tasks.o(.text.vTaskDelay) for vTaskDelay
    main.o(.ARM.exidx.text.StartTask) refers to main.o(.text.StartTask) for [Anonymous Symbol]
    main.o(.text.UsartTask) refers to strlen.o(.text) for strlen
    main.o(.text.UsartTask) refers to memseta.o(.text) for __aeabi_memclr
    main.o(.text.UsartTask) refers to main.o(.rodata.str1.1) for .L.str
    main.o(.text.UsartTask) refers to printfa.o(i.__0printf) for printf
    main.o(.text.UsartTask) refers to tasks.o(.text.vTaskListTasks) for vTaskListTasks
    main.o(.text.UsartTask) refers to tasks.o(.text.vTaskGetRunTimeStatistics) for vTaskGetRunTimeStatistics
    main.o(.text.UsartTask) refers to tasks.o(.text.vTaskDelay) for vTaskDelay
    main.o(.ARM.exidx.text.UsartTask) refers to main.o(.text.UsartTask) for [Anonymous Symbol]
    main.o(.text.Set_GPIO_EXTI) refers to stm32h7xx_hal_gpio.o(.text.HAL_GPIO_Init) for HAL_GPIO_Init
    main.o(.text.Set_GPIO_EXTI) refers to stm32h7xx_hal_cortex.o(.text.HAL_NVIC_SetPriority) for HAL_NVIC_SetPriority
    main.o(.text.Set_GPIO_EXTI) refers to stm32h7xx_hal_cortex.o(.text.HAL_NVIC_EnableIRQ) for HAL_NVIC_EnableIRQ
    main.o(.ARM.exidx.text.Set_GPIO_EXTI) refers to main.o(.text.Set_GPIO_EXTI) for [Anonymous Symbol]
    main.o(.text.Set_GPIO_OUTPUT) refers to stm32h7xx_hal_gpio.o(.text.HAL_GPIO_WritePin) for HAL_GPIO_WritePin
    main.o(.text.Set_GPIO_OUTPUT) refers to stm32h7xx_hal_gpio.o(.text.HAL_GPIO_Init) for HAL_GPIO_Init
    main.o(.ARM.exidx.text.Set_GPIO_OUTPUT) refers to main.o(.text.Set_GPIO_OUTPUT) for [Anonymous Symbol]
    main.o(.text.SwitchTo_EXTI) refers to stm32h7xx_hal_gpio.o(.text.HAL_GPIO_DeInit) for HAL_GPIO_DeInit
    main.o(.text.SwitchTo_EXTI) refers to main.o(.text.Set_GPIO_EXTI) for Set_GPIO_EXTI
    main.o(.ARM.exidx.text.SwitchTo_EXTI) refers to main.o(.text.SwitchTo_EXTI) for [Anonymous Symbol]
    main.o(.text.SwitchTo_Output) refers to stm32h7xx_hal_gpio.o(.text.HAL_GPIO_DeInit) for HAL_GPIO_DeInit
    main.o(.text.SwitchTo_Output) refers to main.o(.text.Set_GPIO_OUTPUT) for Set_GPIO_OUTPUT
    main.o(.ARM.exidx.text.SwitchTo_Output) refers to main.o(.text.SwitchTo_Output) for [Anonymous Symbol]
    main.o(.text.EXTI1_IRQHandler) refers to main.o(.bss.flag) for flag
    main.o(.ARM.exidx.text.EXTI1_IRQHandler) refers to main.o(.text.EXTI1_IRQHandler) for [Anonymous Symbol]
    main.o(.text.main) refers to main.o(.text.MPU_Config) for MPU_Config
    main.o(.text.main) refers to stm32h7xx_hal.o(.text.HAL_Init) for HAL_Init
[...]
    Removing port.o(.ARM.exidx.text.prvTaskExitError), (8 bytes).
    Removing port.o(.ARM.exidx.text.SVC_Handler), (8 bytes).
    Removing port.o(.text.xPortStartScheduler), (424 bytes).
    Removing port.o(.ARM.exidx.text.xPortStartScheduler), (8 bytes).
    Removing port.o(.ARM.exidx.text.PendSV_Handler), (8 bytes).
    Removing port.o(.text.vPortSetupTimerInterrupt), (68 bytes).
    Removing port.o(.ARM.exidx.text.vPortSetupTimerInterrupt), (8 bytes).
    Removing port.o(.text.vPortEnableVFP), (20 bytes).
    Removing port.o(.ARM.exidx.text.vPortEnableVFP), (8 bytes).
    Removing port.o(.text.prvPortStartFirstTask), (40 bytes).
    Removing port.o(.ARM.exidx.text.prvPortStartFirstTask), (8 bytes).
    Removing port.o(.text.vPortEndScheduler), (50 bytes).
    Removing port.o(.ARM.exidx.text.vPortEndScheduler), (8 bytes).
    Removing port.o(.text.vPortEnterCritical), (94 bytes).
    Removing port.o(.ARM.exidx.text.vPortEnterCritical), (8 bytes).
    Removing port.o(.text.vPortExitCritical), (78 bytes).
    Removing port.o(.ARM.exidx.text.vPortExitCritical), (8 bytes).
    Removing port.o(.ARM.exidx.text.SysTick_Handler), (8 bytes).
    Removing port.o(.text.vPortValidateInterruptPriority), (140 bytes).
    Removing port.o(.ARM.exidx.text.vPortValidateInterruptPriority), (8 bytes).
    Removing port.o(.bss.ucMaxSysCallPriority), (1 bytes).
    Removing port.o(.bss.ulMaxPRIGROUPValue), (4 bytes).
    Removing port.o(.data.uxCriticalNesting), (4 bytes).

1704 unused section(s) (total 196325 bytes) removed from the image.

==============================================================================

Image Symbol Table

    Local Symbols

    Symbol Name                              Value     Ov Type        Size  Object(Section)

    ../clib/division.s                       0x00000000   Number         0  aeabi_sdiv.o ABSOLUTE
    ../clib/microlib/division.c              0x00000000   Number         0  uldiv.o ABSOLUTE
    ../clib/microlib/division.c              0x00000000   Number         0  uidiv.o ABSOLUTE
    ../clib/microlib/init/entry.s            0x00000000   Number         0  entry.o ABSOLUTE
    ../clib/microlib/init/entry.s            0x00000000   Number         0  entry2.o ABSOLUTE
    ../clib/microlib/init/entry.s            0x00000000   Number         0  entry5.o ABSOLUTE
    ../clib/microlib/init/entry.s            0x00000000   Number         0  entry7a.o ABSOLUTE
    ../clib/microlib/init/entry.s            0x00000000   Number         0  entry7b.o ABSOLUTE
    ../clib/microlib/init/entry.s            0x00000000   Number         0  entry8a.o ABSOLUTE
    ../clib/microlib/init/entry.s            0x00000000   Number         0  entry8b.o ABSOLUTE
    ../clib/microlib/init/entry.s            0x00000000   Number         0  entry9a.o ABSOLUTE
    ../clib/microlib/init/entry.s            0x00000000   Number         0  entry9b.o ABSOLUTE
    ../clib/microlib/init/entry.s            0x00000000   Number         0  entry10a.o ABSOLUTE
    ../clib/microlib/init/entry.s            0x00000000   Number         0  entry10b.o ABSOLUTE
    ../clib/microlib/init/entry.s            0x00000000   Number         0  entry11a.o ABSOLUTE
    ../clib/microlib/init/entry.s            0x00000000   Number         0  entry11b.o ABSOLUTE
    ../clib/microlib/longlong.c              0x00000000   Number         0  llshl.o ABSOLUTE
    ../clib/microlib/longlong.c              0x00000000   Number         0  llushr.o ABSOLUTE
    ../clib/microlib/longlong.c              0x00000000   Number         0  llsshr.o ABSOLUTE
    ../clib/microlib/printf/printf.c         0x00000000   Number         0  printfa.o ABSOLUTE
    ../clib/microlib/stdio/streams.c         0x00000000   Number         0  stdout.o ABSOLUTE
    ../clib/microlib/string/memcpy.c         0x00000000   Number         0  memcpya.o ABSOLUTE
    ../clib/microlib/string/memcpy.c         0x00000000   Number         0  memcpyb.o ABSOLUTE
    ../clib/microlib/string/memset.c         0x00000000   Number         0  memseta.o ABSOLUTE
    ../clib/microlib/string/strcpy.c         0x00000000   Number         0  strcpy.o ABSOLUTE
    ../clib/microlib/string/strlen.c         0x00000000   Number         0  strlen.o ABSOLUTE
    ../clib/microlib/stubs.s                 0x00000000   Number         0  iusefp.o ABSOLUTE
    ../fplib/microlib/fpadd.c                0x00000000   Number         0  dadd.o ABSOLUTE
    ../fplib/microlib/fpdiv.c                0x00000000   Number         0  ddiv.o ABSOLUTE
    ../fplib/microlib/fpepilogue.c           0x00000000   Number         0  depilogue.o ABSOLUTE
    ../fplib/microlib/fpfix.c                0x00000000   Number         0  dfixul.o ABSOLUTE
    ../fplib/microlib/fpmul.c                0x00000000   Number         0  dmul.o ABSOLUTE
    cdrcmple.s                               0x00000000   Number         0  cdrcmple.o ABSOLUTE
    dc.s                                     0x00000000   Number         0  dc.o ABSOLUTE
    gpio.c                                   0x00000000   Number         0  gpio.o ABSOLUTE
    handlers.s                               0x00000000   Number         0  handlers.o ABSOLUTE
    heap_4.c                                 0x00000000   Number         0  heap_4.o ABSOLUTE
    init.s                                   0x00000000   Number         0  init.o ABSOLUTE
    list.c                                   0x00000000   Number         0  list.o ABSOLUTE
    main.c                                   0x00000000   Number         0  main.o ABSOLUTE
    port.c                                   0x00000000   Number         0  port.o ABSOLUTE
    queue.c                                  0x00000000   Number         0  queue.o ABSOLUTE
    spi.c                                    0x00000000   Number         0  spi.o ABSOLUTE
    startup_stm32h743xx.s                    0x00000000   Number         0  startup_stm32h743xx.o ABSOLUTE
    stm32h7xx_hal.c                          0x00000000   Number         0  stm32h7xx_hal.o ABSOLUTE
    stm32h7xx_hal_cortex.c                   0x00000000   Number         0  stm32h7xx_hal_cortex.o ABSOLUTE
    stm32h7xx_hal_dma.c                      0x00000000   Number         0  stm32h7xx_hal_dma.o ABSOLUTE
    stm32h7xx_hal_dma_ex.c                   0x00000000   Number         0  stm32h7xx_hal_dma_ex.o ABSOLUTE
    stm32h7xx_hal_exti.c                     0x00000000   Number         0  stm32h7xx_hal_exti.o ABSOLUTE
    stm32h7xx_hal_flash.c                    0x00000000   Number         0  stm32h7xx_hal_flash.o ABSOLUTE
    stm32h7xx_hal_flash_ex.c                 0x00000000   Number         0  stm32h7xx_hal_flash_ex.o ABSOLUTE
    stm32h7xx_hal_gpio.c                     0x00000000   Number         0  stm32h7xx_hal_gpio.o ABSOLUTE
    stm32h7xx_hal_hsem.c                     0x00000000   Number         0  stm32h7xx_hal_hsem.o ABSOLUTE
    stm32h7xx_hal_i2c.c                      0x00000000   Number         0  stm32h7xx_hal_i2c.o ABSOLUTE
    stm32h7xx_hal_i2c_ex.c                   0x00000000   Number         0  stm32h7xx_hal_i2c_ex.o ABSOLUTE
    stm32h7xx_hal_mdma.c                     0x00000000   Number         0  stm32h7xx_hal_mdma.o ABSOLUTE
    stm32h7xx_hal_msp.c                      0x00000000   Number         0  stm32h7xx_hal_msp.o ABSOLUTE
    stm32h7xx_hal_pwr.c                      0x00000000   Number         0  stm32h7xx_hal_pwr.o ABSOLUTE
    stm32h7xx_hal_pwr_ex.c                   0x00000000   Number         0  stm32h7xx_hal_pwr_ex.o ABSOLUTE
    stm32h7xx_hal_rcc.c                      0x00000000   Number         0  stm32h7xx_hal_rcc.o ABSOLUTE
    stm32h7xx_hal_rcc_ex.c                   0x00000000   Number         0  stm32h7xx_hal_rcc_ex.o ABSOLUTE
    stm32h7xx_hal_spi.c                      0x00000000   Number         0  stm32h7xx_hal_spi.o ABSOLUTE
    stm32h7xx_hal_spi_ex.c                   0x00000000   Number         0  stm32h7xx_hal_spi_ex.o ABSOLUTE
    stm32h7xx_hal_tim.c                      0x00000000   Number         0  stm32h7xx_hal_tim.o ABSOLUTE
    stm32h7xx_hal_tim_ex.c                   0x00000000   Number         0  stm32h7xx_hal_tim_ex.o ABSOLUTE
    stm32h7xx_hal_timebase_tim.c             0x00000000   Number         0  stm32h7xx_hal_timebase_tim.o ABSOLUTE
    stm32h7xx_hal_uart.c                     0x00000000   Number         0  stm32h7xx_hal_uart.o ABSOLUTE
    stm32h7xx_hal_uart_ex.c                  0x00000000   Number         0  stm32h7xx_hal_uart_ex.o ABSOLUTE
    stm32h7xx_it.c                           0x00000000   Number         0  stm32h7xx_it.o ABSOLUTE
    system_stm32h7xx.c                       0x00000000   Number         0  system_stm32h7xx.o ABSOLUTE
    tasks.c                                  0x00000000   Number         0  tasks.o ABSOLUTE
    tim.c                                    0x00000000   Number         0  tim.o ABSOLUTE
    usart.c                                  0x00000000   Number         0  usart.o ABSOLUTE
    RESET                                    0x08000000   Section      664  startup_stm32h743xx.o(RESET)
    .ARM.Collect$$$$00000000                 0x08000298   Section        0  entry.o(.ARM.Collect$$$$00000000)
    .ARM.Collect$$$$00000001                 0x08000298   Section        4  entry2.o(.ARM.Collect$$$$00000001)
    .ARM.Collect$$$$00000004                 0x0800029c   Section        4  entry5.o(.ARM.Collect$$$$00000004)
    .ARM.Collect$$$$00000008                 0x080002a0   Section        0  entry7b.o(.ARM.Collect$$$$00000008)
    .ARM.Collect$$$$0000000A                 0x080002a0   Section        0  entry8b.o(.ARM.Collect$$$$0000000A)
    .ARM.Collect$$$$0000000B                 0x080002a0   Section        8  entry9a.o(.ARM.Collect$$$$0000000B)
    __lit__00000000                          0x080002a8   Data           4  entry2.o(.ARM.Collect$$$$00002712)
    .ARM.Collect$$$$0000000D                 0x080002a8   Section        0  entry10a.o(.ARM.Collect$$$$0000000D)
    .ARM.Collect$$$$0000000F                 0x080002a8   Section        0  entry11a.o(.ARM.Collect$$$$0000000F)
    .ARM.Collect$$$$00002712                 0x080002a8   Section        4  entry2.o(.ARM.Collect$$$$00002712)
    $v0                                      0x080002ac   Number         0  startup_stm32h743xx.o(.text)
    .text                                    0x080002ac   Section       44  startup_stm32h743xx.o(.text)
    .text                                    0x080002d8   Section        0  uldiv.o(.text)
    .text                                    0x0800033a   Section        0  memseta.o(.text)
    .text                                    0x0800035e   Section        0  uidiv.o(.text)
    .text                                    0x0800038a   Section        0  llshl.o(.text)
    .text                                    0x080003a8   Section        0  llushr.o(.text)
    .text                                    0x080003c8   Section        0  iusefp.o(.text)
    .text                                    0x080003c8   Section        0  dadd.o(.text)
    .text                                    0x08000516   Section        0  dmul.o(.text)
    .text                                    0x080005fa   Section        0  ddiv.o(.text)
    .text                                    0x080006d8   Section        0  dfixul.o(.text)
    .text                                    0x08000708   Section       48  cdrcmple.o(.text)
    .text                                    0x08000738   Section       48  init.o(.text)
    .text                                    0x08000768   Section        0  llsshr.o(.text)
    .text                                    0x0800078c   Section        0  depilogue.o(.text)
    [Anonymous Symbol]                       0x08000848   Section        0  stm32h7xx_it.o(.text.BusFault_Handler)
    [Anonymous Symbol]                       0x08000850   Section        0  stm32h7xx_it.o(.text.DebugMon_Handler)
    [Anonymous Symbol]                       0x08000858   Section        0  main.o(.text.EXTI1_IRQHandler)
    [Anonymous Symbol]                       0x08000888   Section        0  main.o(.text.Error_Handler)
    [Anonymous Symbol]                       0x08000898   Section        0  system_stm32h7xx.o(.text.ExitRun0Mode)
    [Anonymous Symbol]                       0x080008c0   Section        0  stm32h7xx_hal.o(.text.HAL_Delay)
    [Anonymous Symbol]                       0x08000908   Section        0  stm32h7xx_hal_gpio.o(.text.HAL_GPIO_DeInit)
    [Anonymous Symbol]                       0x08000b50   Section        0  stm32h7xx_hal_gpio.o(.text.HAL_GPIO_Init)
    [Anonymous Symbol]                       0x08000f18   Section        0  stm32h7xx_hal_gpio.o(.text.HAL_GPIO_TogglePin)
    [Anonymous Symbol]                       0x08000f40   Section        0  stm32h7xx_hal_gpio.o(.text.HAL_GPIO_WritePin)
    [Anonymous Symbol]                       0x08000f70   Section        0  stm32h7xx_hal.o(.text.HAL_GetREVID)
    [Anonymous Symbol]                       0x08000f80   Section        0  stm32h7xx_hal.o(.text.HAL_GetTick)
    [Anonymous Symbol]                       0x08000f90   Section        0  stm32h7xx_hal.o(.text.HAL_IncTick)
    [Anonymous Symbol]                       0x08000fb0   Section        0  stm32h7xx_hal.o(.text.HAL_Init)
    [Anonymous Symbol]                       0x08001030   Section        0  stm32h7xx_hal_timebase_tim.o(.text.HAL_InitTick)
    [Anonymous Symbol]                       0x08001110   Section        0  stm32h7xx_hal_cortex.o(.text.HAL_MPU_ConfigRegion)
    [Anonymous Symbol]                       0x08001190   Section        0  stm32h7xx_hal_cortex.o(.text.HAL_MPU_Disable)
    [Anonymous Symbol]                       0x080011b8   Section        0  stm32h7xx_hal_cortex.o(.text.HAL_MPU_Enable)
    [Anonymous Symbol]                       0x080011e8   Section        0  stm32h7xx_hal_msp.o(.text.HAL_MspInit)
    [Anonymous Symbol]                       0x08001210   Section        0  stm32h7xx_hal_cortex.o(.text.HAL_NVIC_EnableIRQ)
    [Anonymous Symbol]                       0x08001228   Section        0  stm32h7xx_hal_cortex.o(.text.HAL_NVIC_SetPriority)
    [Anonymous Symbol]                       0x08001258   Section        0  stm32h7xx_hal_cortex.o(.text.HAL_NVIC_SetPriorityGrouping)
    [Anonymous Symbol]                       0x08001268   Section        0  stm32h7xx_hal_pwr_ex.o(.text.HAL_PWREx_ConfigSupply)
    [Anonymous Symbol]                       0x08001310   Section        0  stm32h7xx_hal_rcc_ex.o(.text.HAL_RCCEx_GetD3PCLK1Freq)
    [Anonymous Symbol]                       0x08001338   Section        0  stm32h7xx_hal_rcc_ex.o(.text.HAL_RCCEx_GetPLL2ClockFreq)
    [Anonymous Symbol]                       0x080015d0   Section        0  stm32h7xx_hal_rcc_ex.o(.text.HAL_RCCEx_GetPLL3ClockFreq)
    [Anonymous Symbol]                       0x08001868   Section        0  stm32h7xx_hal_rcc_ex.o(.text.HAL_RCCEx_PeriphCLKConfig)
    [Anonymous Symbol]                       0x08002908   Section        0  stm32h7xx_hal_rcc.o(.text.HAL_RCC_ClockConfig)
    [Anonymous Symbol]                       0x08002da0   Section        0  stm32h7xx_hal_rcc.o(.text.HAL_RCC_GetClockConfig)
    [Anonymous Symbol]                       0x08002e28   Section        0  stm32h7xx_hal_rcc.o(.text.HAL_RCC_GetHCLKFreq)
    [Anonymous Symbol]                       0x08002e80   Section        0  stm32h7xx_hal_rcc.o(.text.HAL_RCC_GetPCLK1Freq)
    [Anonymous Symbol]                       0x08002ea8   Section        0  stm32h7xx_hal_rcc.o(.text.HAL_RCC_GetPCLK2Freq)
    [Anonymous Symbol]                       0x08002ed0   Section        0  stm32h7xx_hal_rcc.o(.text.HAL_RCC_GetSysClockFreq)
    [Anonymous Symbol]                       0x080031d0   Section        0  stm32h7xx_hal_rcc.o(.text.HAL_RCC_OscConfig)
    [Anonymous Symbol]                       0x08003d28   Section        0  stm32h7xx_hal_spi.o(.text.HAL_SPI_Init)
    [Anonymous Symbol]                       0x08003fc0   Section        0  spi.o(.text.HAL_SPI_MspInit)
    [Anonymous Symbol]                       0x08004068   Section        0  stm32h7xx_hal.o(.text.HAL_SYSCFG_AnalogSwitchConfig)
    [Anonymous Symbol]                       0x08004088   Section        0  stm32h7xx_hal_tim_ex.o(.text.HAL_TIMEx_Break2Callback)
    [Anonymous Symbol]                       0x08004090   Section        0  stm32h7xx_hal_tim_ex.o(.text.HAL_TIMEx_BreakCallback)
    [Anonymous Symbol]                       0x08004098   Section        0  stm32h7xx_hal_tim_ex.o(.text.HAL_TIMEx_CommutCallback)
    [Anonymous Symbol]                       0x080040a0   Section        0  stm32h7xx_hal_tim_ex.o(.text.HAL_TIMEx_ConfigBreakDeadTime)
    [Anonymous Symbol]                       0x080041b8   Section        0  stm32h7xx_hal_tim_ex.o(.text.HAL_TIMEx_MasterConfigSynchronization)
    [Anonymous Symbol]                       0x08004310   Section        0  stm32h7xx_hal_tim.o(.text.HAL_TIM_Base_Init)
    [Anonymous Symbol]                       0x080043b8   Section        0  tim.o(.text.HAL_TIM_Base_MspInit)
    [Anonymous Symbol]                       0x08004408   Section        0  stm32h7xx_hal_tim.o(.text.HAL_TIM_Base_Start_IT)
    [Anonymous Symbol]                       0x08004510   Section        0  stm32h7xx_hal_tim.o(.text.HAL_TIM_IC_CaptureCallback)
    [Anonymous Symbol]                       0x08004518   Section        0  stm32h7xx_hal_tim.o(.text.HAL_TIM_IRQHandler)
    [Anonymous Symbol]                       0x08004768   Section        0  tim.o(.text.HAL_TIM_MspPostInit)
    [Anonymous Symbol]                       0x080047d0   Section        0  stm32h7xx_hal_tim.o(.text.HAL_TIM_OC_ConfigChannel)
    [Anonymous Symbol]                       0x08004898   Section        0  stm32h7xx_hal_tim.o(.text.HAL_TIM_OC_DelayElapsedCallback)
    [Anonymous Symbol]                       0x080048a0   Section        0  stm32h7xx_hal_tim.o(.text.HAL_TIM_OC_Init)
    [Anonymous Symbol]                       0x08004948   Section        0  tim.o(.text.HAL_TIM_OC_MspInit)
    [Anonymous Symbol]                       0x08004980   Section        0  stm32h7xx_hal_tim.o(.text.HAL_TIM_PWM_PulseFinishedCallback)
    [Anonymous Symbol]                       0x08004988   Section        0  main.o(.text.HAL_TIM_PeriodElapsedCallback)
    [Anonymous Symbol]                       0x080049d0   Section        0  stm32h7xx_hal_tim.o(.text.HAL_TIM_TriggerCallback)
    [Anonymous Symbol]                       0x080049d8   Section        0  stm32h7xx_hal_uart_ex.o(.text.HAL_UARTEx_DisableFifoMode)
    [Anonymous Symbol]                       0x08004a58   Section        0  stm32h7xx_hal_uart_ex.o(.text.HAL_UARTEx_SetRxFifoThreshold)
    [Anonymous Symbol]                       0x08004ae8   Section        0  stm32h7xx_hal_uart_ex.o(.text.HAL_UARTEx_SetTxFifoThreshold)
    [Anonymous Symbol]                       0x08004b78   Section        0  stm32h7xx_hal_uart.o(.text.HAL_UART_Init)
    [Anonymous Symbol]                       0x08004c28   Section        0  usart.o(.text.HAL_UART_MspInit)
    [Anonymous Symbol]                       0x08004cd8   Section        0  stm32h7xx_hal_uart.o(.text.HAL_UART_Transmit)
    [Anonymous Symbol]                       0x08004e10   Section        0  stm32h7xx_it.o(.text.HardFault_Handler)
    MPU_Config                               0x08004e19   Thumb Code    86  main.o(.text.MPU_Config)
    [Anonymous Symbol]                       0x08004e18   Section        0  main.o(.text.MPU_Config)
    [Anonymous Symbol]                       0x08004e70   Section        0  gpio.o(.text.MX_GPIO_Init)
    [Anonymous Symbol]                       0x08004f80   Section        0  spi.o(.text.MX_SPI1_Init)
    [Anonymous Symbol]                       0x08004fe8   Section        0  tim.o(.text.MX_TIM1_Init)
    [Anonymous Symbol]                       0x080050d8   Section        0  tim.o(.text.MX_TIM7_Init)
    [Anonymous Symbol]                       0x08005138   Section        0  usart.o(.text.MX_USART1_UART_Init)
    [Anonymous Symbol]                       0x080051c8   Section        0  stm32h7xx_it.o(.text.MemManage_Handler)
    [Anonymous Symbol]                       0x080051d0   Section        0  stm32h7xx_it.o(.text.NMI_Handler)
    NVIC_EncodePriority                      0x080051d9   Thumb Code   108  stm32h7xx_hal_cortex.o(.text.NVIC_EncodePriority)
    [Anonymous Symbol]                       0x080051d8   Section        0  stm32h7xx_hal_cortex.o(.text.NVIC_EncodePriority)
    [Anonymous Symbol]                       0x08005250   Section        0  port.o(.text.PendSV_Handler)
    pxCurrentTCBConst                        0x080052b0   Number         0  port.o(.text.PendSV_Handler)
    RCCEx_PLL2_Config                        0x080052b9   Thumb Code   458  stm32h7xx_hal_rcc_ex.o(.text.RCCEx_PLL2_Config)
    [Anonymous Symbol]                       0x080052b8   Section        0  stm32h7xx_hal_rcc_ex.o(.text.RCCEx_PLL2_Config)
    RCCEx_PLL3_Config                        0x08005489   Thumb Code   458  stm32h7xx_hal_rcc_ex.o(.text.RCCEx_PLL3_Config)
    [Anonymous Symbol]                       0x08005488   Section        0  stm32h7xx_hal_rcc_ex.o(.text.RCCEx_PLL3_Config)
    SPI_GetPacketSize                        0x08005659   Thumb Code    42  stm32h7xx_hal_spi.o(.text.SPI_GetPacketSize)
    [Anonymous Symbol]                       0x08005658   Section        0  stm32h7xx_hal_spi.o(.text.SPI_GetPacketSize)
    [Anonymous Symbol]                       0x08005690   Section        0  port.o(.text.SVC_Handler)
    pxCurrentTCBConst2                       0x080056b0   Number         0  port.o(.text.SVC_Handler)
    [Anonymous Symbol]                       0x080056b8   Section        0  main.o(.text.Set_GPIO_EXTI)
    [Anonymous Symbol]                       0x08005718   Section        0  main.o(.text.Set_GPIO_OUTPUT)
    [Anonymous Symbol]                       0x08005778   Section        0  main.o(.text.SwitchTo_EXTI)
    [Anonymous Symbol]                       0x08005790   Section        0  port.o(.text.SysTick_Handler)
    [Anonymous Symbol]                       0x080057d8   Section        0  main.o(.text.SystemClock_Config)
    [Anonymous Symbol]                       0x080058c0   Section        0  system_stm32h7xx.o(.text.SystemInit)
    [Anonymous Symbol]                       0x08005a50   Section        0  stm32h7xx_it.o(.text.TIM6_DAC_IRQHandler)
    [Anonymous Symbol]                       0x08005a60   Section        0  stm32h7xx_it.o(.text.TIM7_IRQHandler)
    [Anonymous Symbol]                       0x08005a70   Section        0  stm32h7xx_hal_tim.o(.text.TIM_Base_SetConfig)
    TIM_OC1_SetConfig                        0x08005c19   Thumb Code   336  stm32h7xx_hal_tim.o(.text.TIM_OC1_SetConfig)
    [Anonymous Symbol]                       0x08005c18   Section        0  stm32h7xx_hal_tim.o(.text.TIM_OC1_SetConfig)
    [Anonymous Symbol]                       0x08005d68   Section        0  stm32h7xx_hal_tim.o(.text.TIM_OC2_SetConfig)
    TIM_OC3_SetConfig                        0x08005ed9   Thumb Code   362  stm32h7xx_hal_tim.o(.text.TIM_OC3_SetConfig)
    [Anonymous Symbol]                       0x08005ed8   Section        0  stm32h7xx_hal_tim.o(.text.TIM_OC3_SetConfig)
    TIM_OC4_SetConfig                        0x08006049   Thumb Code   218  stm32h7xx_hal_tim.o(.text.TIM_OC4_SetConfig)
    [Anonymous Symbol]                       0x08006048   Section        0  stm32h7xx_hal_tim.o(.text.TIM_OC4_SetConfig)
    TIM_OC5_SetConfig                        0x08006129   Thumb Code   208  stm32h7xx_hal_tim.o(.text.TIM_OC5_SetConfig)
    [Anonymous Symbol]                       0x08006128   Section        0  stm32h7xx_hal_tim.o(.text.TIM_OC5_SetConfig)
    TIM_OC6_SetConfig                        0x080061f9   Thumb Code   210  stm32h7xx_hal_tim.o(.text.TIM_OC6_SetConfig)
    [Anonymous Symbol]                       0x080061f8   Section        0  stm32h7xx_hal_tim.o(.text.TIM_OC6_SetConfig)
    UARTEx_SetNbDataToProcess                0x080062d1   Thumb Code   134  stm32h7xx_hal_uart_ex.o(.text.UARTEx_SetNbDataToProcess)
    [Anonymous Symbol]                       0x080062d0   Section        0  stm32h7xx_hal_uart_ex.o(.text.UARTEx_SetNbDataToProcess)
    [Anonymous Symbol]                       0x08006358   Section        0  stm32h7xx_hal_uart.o(.text.UART_AdvFeatureConfig)
    [Anonymous Symbol]                       0x080064a0   Section        0  stm32h7xx_hal_uart.o(.text.UART_CheckIdleState)
    UART_EndRxTransfer                       0x080065e9   Thumb Code   158  stm32h7xx_hal_uart.o(.text.UART_EndRxTransfer)
    [Anonymous Symbol]                       0x080065e8   Section        0  stm32h7xx_hal_uart.o(.text.UART_EndRxTransfer)
    [Anonymous Symbol]                       0x08006688   Section        0  stm32h7xx_hal_uart.o(.text.UART_SetConfig)
    [Anonymous Symbol]                       0x08006fb0   Section        0  stm32h7xx_hal_uart.o(.text.UART_WaitOnFlagUntilTimeout)
    [Anonymous Symbol]                       0x080070c0   Section        0  stm32h7xx_it.o(.text.UsageFault_Handler)
    __NVIC_EnableIRQ                         0x080070c9   Thumb Code    48  stm32h7xx_hal_cortex.o(.text.__NVIC_EnableIRQ)
    [Anonymous Symbol]                       0x080070c8   Section        0  stm32h7xx_hal_cortex.o(.text.__NVIC_EnableIRQ)
    __NVIC_GetPriorityGrouping               0x080070f9   Thumb Code    16  stm32h7xx_hal_cortex.o(.text.__NVIC_GetPriorityGrouping)
    [Anonymous Symbol]                       0x080070f8   Section        0  stm32h7xx_hal_cortex.o(.text.__NVIC_GetPriorityGrouping)
    __NVIC_SetPriority                       0x08007109   Thumb Code    66  stm32h7xx_hal_cortex.o(.text.__NVIC_SetPriority)
    [Anonymous Symbol]                       0x08007108   Section        0  stm32h7xx_hal_cortex.o(.text.__NVIC_SetPriority)
    __NVIC_SetPriorityGrouping               0x08007151   Thumb Code    60  stm32h7xx_hal_cortex.o(.text.__NVIC_SetPriorityGrouping)
    [Anonymous Symbol]                       0x08007150   Section        0  stm32h7xx_hal_cortex.o(.text.__NVIC_SetPriorityGrouping)
    [Anonymous Symbol]                       0x08007190   Section        0  main.o(.text.fputc)
    [Anonymous Symbol]                       0x080071b8   Section        0  main.o(.text.main)
    prvResetNextTaskUnblockTime              0x08007291   Thumb Code    60  tasks.o(.text.prvResetNextTaskUnblockTime)
    [Anonymous Symbol]                       0x08007290   Section        0  tasks.o(.text.prvResetNextTaskUnblockTime)
    __tagsym$$used.0                         0x080072d0   Number         0  tasks.o(.text.vTaskSwitchContext)
    [Anonymous Symbol]                       0x080072d0   Section        0  tasks.o(.text.vTaskSwitchContext)
    [Anonymous Symbol]                       0x08007408   Section        0  tasks.o(.text.xTaskIncrementTick)
    i.__0printf                              0x08007680   Section        0  printfa.o(i.__0printf)
    i.__scatterload_copy                     0x080076a0   Section       14  handlers.o(i.__scatterload_copy)
    i.__scatterload_null                     0x080076ae   Section        2  handlers.o(i.__scatterload_null)
    i.__scatterload_zeroinit                 0x080076b0   Section       14  handlers.o(i.__scatterload_zeroinit)
    _fp_digits                               0x080076c1   Thumb Code   366  printfa.o(i._fp_digits)
    i._fp_digits                             0x080076c0   Section        0  printfa.o(i._fp_digits)
    _printf_core                             0x08007845   Thumb Code  1744  printfa.o(i._printf_core)
    i._printf_core                           0x08007844   Section        0  printfa.o(i._printf_core)
    _printf_post_padding                     0x08007f21   Thumb Code    36  printfa.o(i._printf_post_padding)
    i._printf_post_padding                   0x08007f20   Section        0  printfa.o(i._printf_post_padding)
    _printf_pre_padding                      0x08007f45   Thumb Code    46  printfa.o(i._printf_pre_padding)
    i._printf_pre_padding                    0x08007f44   Section        0  printfa.o(i._printf_pre_padding)
    UARTEx_SetNbDataToProcess.denominator    0x08007f82   Data           8  stm32h7xx_hal_uart_ex.o(.rodata.UARTEx_SetNbDataToProcess.denominator)
    [Anonymous Symbol]                       0x08007f82   Section        0  stm32h7xx_hal_uart_ex.o(.rodata.UARTEx_SetNbDataToProcess.denominator)
    UARTEx_SetNbDataToProcess.numerator      0x08007f8a   Data           8  stm32h7xx_hal_uart_ex.o(.rodata.UARTEx_SetNbDataToProcess.numerator)
    [Anonymous Symbol]                       0x08007f8a   Section        0  stm32h7xx_hal_uart_ex.o(.rodata.UARTEx_SetNbDataToProcess.numerator)
    .L.str                                   0x08007faa   Data          52  main.o(.rodata.str1.1)
    .L.str.4                                 0x08007faa   Data          10  main.o(.rodata.str1.1)
    [Anonymous Symbol]                       0x08007faa   Section        0  main.o(.rodata.str1.1)
    .L.str.1                                 0x08007fde   Data          65  main.o(.rodata.str1.1)
    .L.str.2                                 0x0800801f   Data           5  main.o(.rodata.str1.1)
    .L.str.7                                 0x08008020   Data          21  main.o(.rodata.str1.1)
    .L.str.3                                 0x08008024   Data          51  main.o(.rodata.str1.1)
    .L.str.6                                 0x08008035   Data          15  main.o(.rodata.str1.1)
    .L.str.5                                 0x08008044   Data          15  main.o(.rodata.str1.1)
    .L.str.8                                 0x08008053   Data          21  main.o(.rodata.str1.1)
    .data                                    0x24000000   Section        4  stdout.o(.data)
    __tagsym$$used.1                         0x2400021c   Number         0  tasks.o(.bss.pxCurrentTCB)
    pxDelayedTaskList                        0x24000220   Data           4  tasks.o(.bss.pxDelayedTaskList)
    [Anonymous Symbol]                       0x24000220   Section        0  tasks.o(.bss.pxDelayedTaskList)
    pxOverflowDelayedTaskList                0x24000224   Data           4  tasks.o(.bss.pxOverflowDelayedTaskList)
    [Anonymous Symbol]                       0x24000224   Section        0  tasks.o(.bss.pxOverflowDelayedTaskList)
    pxReadyTasksLists                        0x24000228   Data         140  tasks.o(.bss.pxReadyTasksLists)
    [Anonymous Symbol]                       0x24000228   Section        0  tasks.o(.bss.pxReadyTasksLists)
    ulTaskSwitchedInTime                     0x240002b8   Data           4  tasks.o(.bss.ulTaskSwitchedInTime)
    [Anonymous Symbol]                       0x240002b8   Section        0  tasks.o(.bss.ulTaskSwitchedInTime)
    ulTotalRunTime                           0x240002bc   Data           4  tasks.o(.bss.ulTotalRunTime)
    [Anonymous Symbol]                       0x240002bc   Section        0  tasks.o(.bss.ulTotalRunTime)
    uxSchedulerSuspended                     0x240002c4   Data           4  tasks.o(.bss.uxSchedulerSuspended)
    [Anonymous Symbol]                       0x240002c4   Section        0  tasks.o(.bss.uxSchedulerSuspended)
    uxTopReadyPriority                       0x240002c8   Data           4  tasks.o(.bss.uxTopReadyPriority)
    [Anonymous Symbol]                       0x240002c8   Section        0  tasks.o(.bss.uxTopReadyPriority)
    xNextTaskUnblockTime                     0x240002cc   Data           4  tasks.o(.bss.xNextTaskUnblockTime)
    [Anonymous Symbol]                       0x240002cc   Section        0  tasks.o(.bss.xNextTaskUnblockTime)
    xNumOfOverflows                          0x240002d0   Data           4  tasks.o(.bss.xNumOfOverflows)
    [Anonymous Symbol]                       0x240002d0   Section        0  tasks.o(.bss.xNumOfOverflows)
    xPendedTicks                             0x240002d4   Data           4  tasks.o(.bss.xPendedTicks)
    [Anonymous Symbol]                       0x240002d4   Section        0  tasks.o(.bss.xPendedTicks)
    xTickCount                               0x240002d8   Data           4  tasks.o(.bss.xTickCount)
    [Anonymous Symbol]                       0x240002d8   Section        0  tasks.o(.bss.xTickCount)
    xYieldPendings                           0x240002dc   Data           4  tasks.o(.bss.xYieldPendings)
    [Anonymous Symbol]                       0x240002dc   Section        0  tasks.o(.bss.xYieldPendings)
    STACK                                    0x240002e0   Section     1024  startup_stm32h743xx.o(STACK)

    Global Symbols

    Symbol Name                              Value     Ov Type        Size  Object(Section)

    BuildAttributes$$THM_ISAv4$E$P$D$K$B$S$7EM$VFPv5_D16$PE$PLD8$A:L22UL41UL21$X:L11$S22US41US21$IEEE1$IW$~IW$USESV6$~STKCKD$USESV7$~SHL$OSPACE$ROPI$EBA8$MICROLIB$REQ8$PRES8$EABIv2 0x00000000   Number         0  anon$$obj.o ABSOLUTE
    __cpp_initialize__aeabi_                  - Undefined Weak Reference
    __cxa_finalize                            - Undefined Weak Reference
    __decompress                              - Undefined Weak Reference
    _clock_init                               - Undefined Weak Reference
    _microlib_exit                            - Undefined Weak Reference
    __Vectors_Size                           0x00000298   Number         0  startup_stm32h743xx.o ABSOLUTE
    __Vectors                                0x08000000   Data           4  startup_stm32h743xx.o(RESET)
    __Vectors_End                            0x08000298   Data           0  startup_stm32h743xx.o(RESET)
    __main                                   0x08000299   Thumb Code     0  entry.o(.ARM.Collect$$$$00000000)
    _main_stk                                0x08000299   Thumb Code     0  entry2.o(.ARM.Collect$$$$00000001)
    _main_scatterload                        0x0800029d   Thumb Code     0  entry5.o(.ARM.Collect$$$$00000004)
    __main_after_scatterload                 0x080002a1   Thumb Code     0  entry5.o(.ARM.Collect$$$$00000004)
    _main_clock                              0x080002a1   Thumb Code     0  entry7b.o(.ARM.Collect$$$$00000008)
    _main_cpp_init                           0x080002a1   Thumb Code     0  entry8b.o(.ARM.Collect$$$$0000000A)
    _main_init                               0x080002a1   Thumb Code     0  entry9a.o(.ARM.Collect$$$$0000000B)
    __rt_final_cpp                           0x080002a9   Thumb Code     0  entry10a.o(.ARM.Collect$$$$0000000D)
    __rt_final_exit                          0x080002a9   Thumb Code     0  entry11a.o(.ARM.Collect$$$$0000000F)
    Reset_Handler                            0x080002ad   Thumb Code    12  startup_stm32h743xx.o(.text)
    ADC3_IRQHandler                          0x080002cb   Thumb Code     0  startup_stm32h743xx.o(.text)
    ADC_IRQHandler                           0x080002cb   Thumb Code     0  startup_stm32h743xx.o(.text)
    BDMA_Channel0_IRQHandler                 0x080002cb   Thumb Code     0  startup_stm32h743xx.o(.text)
    BDMA_Channel1_IRQHandler                 0x080002cb   Thumb Code     0  startup_stm32h743xx.o(.text)
    BDMA_Channel2_IRQHandler                 0x080002cb   Thumb Code     0  startup_stm32h743xx.o(.text)
    BDMA_Channel3_IRQHandler                 0x080002cb   Thumb Code     0  startup_stm32h743xx.o(.text)
    BDMA_Channel4_IRQHandler                 0x080002cb   Thumb Code     0  startup_stm32h743xx.o(.text)
    BDMA_Channel5_IRQHandler                 0x080002cb   Thumb Code     0  startup_stm32h743xx.o(.text)
    BDMA_Channel6_IRQHandler                 0x080002cb   Thumb Code     0  startup_stm32h743xx.o(.text)
    BDMA_Channel7_IRQHandler                 0x080002cb   Thumb Code     0  startup_stm32h743xx.o(.text)
    CEC_IRQHandler                           0x080002cb   Thumb Code     0  startup_stm32h743xx.o(.text)
    COMP1_IRQHandler                         0x080002cb   Thumb Code     0  startup_stm32h743xx.o(.text)
    CRS_IRQHandler                           0x080002cb   Thumb Code     0  startup_stm32h743xx.o(.text)
    DCMI_IRQHandler                          0x080002cb   Thumb Code     0  startup_stm32h743xx.o(.text)
    DFSDM1_FLT0_IRQHandler                   0x080002cb   Thumb Code     0  startup_stm32h743xx.o(.text)
    DFSDM1_FLT1_IRQHandler                   0x080002cb   Thumb Code     0  startup_stm32h743xx.o(.text)
    DFSDM1_FLT2_IRQHandler                   0x080002cb   Thumb Code     0  startup_stm32h743xx.o(.text)
    DFSDM1_FLT3_IRQHandler                   0x080002cb   Thumb Code     0  startup_stm32h743xx.o(.text)
    DMA1_Stream0_IRQHandler                  0x080002cb   Thumb Code     0  startup_stm32h743xx.o(.text)
    DMA1_Stream1_IRQHandler                  0x080002cb   Thumb Code     0  startup_stm32h743xx.o(.text)
    DMA1_Stream2_IRQHandler                  0x080002cb   Thumb Code     0  startup_stm32h743xx.o(.text)
    DMA1_Stream3_IRQHandler                  0x080002cb   Thumb Code     0  startup_stm32h743xx.o(.text)
    DMA1_Stream4_IRQHandler                  0x080002cb   Thumb Code     0  startup_stm32h743xx.o(.text)
    DMA1_Stream5_IRQHandler                  0x080002cb   Thumb Code     0  startup_stm32h743xx.o(.text)
    DMA1_Stream6_IRQHandler                  0x080002cb   Thumb Code     0  startup_stm32h743xx.o(.text)
    DMA1_Stream7_IRQHandler                  0x080002cb   Thumb Code     0  startup_stm32h743xx.o(.text)
    DMA2D_IRQHandler                         0x080002cb   Thumb Code     0  startup_stm32h743xx.o(.text)
    DMA2_Stream0_IRQHandler                  0x080002cb   Thumb Code     0  startup_stm32h743xx.o(.text)
    DMA2_Stream1_IRQHandler                  0x080002cb   Thumb Code     0  startup_stm32h743xx.o(.text)
    DMA2_Stream2_IRQHandler                  0x080002cb   Thumb Code     0  startup_stm32h743xx.o(.text)
    DMA2_Stream3_IRQHandler                  0x080002cb   Thumb Code     0  startup_stm32h743xx.o(.text)
    DMA2_Stream4_IRQHandler                  0x080002cb   Thumb Code     0  startup_stm32h743xx.o(.text)
    DMA2_Stream5_IRQHandler                  0x080002cb   Thumb Code     0  startup_stm32h743xx.o(.text)
    DMA2_Stream6_IRQHandler                  0x080002cb   Thumb Code     0  startup_stm32h743xx.o(.text)
    DMA2_Stream7_IRQHandler                  0x080002cb   Thumb Code     0  startup_stm32h743xx.o(.text)
    DMAMUX1_OVR_IRQHandler                   0x080002cb   Thumb Code     0  startup_stm32h743xx.o(.text)
    DMAMUX2_OVR_IRQHandler                   0x080002cb   Thumb Code     0  startup_stm32h743xx.o(.text)
    ECC_IRQHandler                           0x080002cb   Thumb Code     0  startup_stm32h743xx.o(.text)
    ETH_IRQHandler                           0x080002cb   Thumb Code     0  startup_stm32h743xx.o(.text)
    ETH_WKUP_IRQHandler                      0x080002cb   Thumb Code     0  startup_stm32h743xx.o(.text)
    EXTI0_IRQHandler                         0x080002cb   Thumb Code     0  startup_stm32h743xx.o(.text)
    EXTI15_10_IRQHandler                     0x080002cb   Thumb Code     0  startup_stm32h743xx.o(.text)
    EXTI2_IRQHandler                         0x080002cb   Thumb Code     0  startup_stm32h743xx.o(.text)
    EXTI3_IRQHandler                         0x080002cb   Thumb Code     0  startup_stm32h743xx.o(.text)
    EXTI4_IRQHandler                         0x080002cb   Thumb Code     0  startup_stm32h743xx.o(.text)
    EXTI9_5_IRQHandler                       0x080002cb   Thumb Code     0  startup_stm32h743xx.o(.text)
    FDCAN1_IT0_IRQHandler                    0x080002cb   Thumb Code     0  startup_stm32h743xx.o(.text)
    FDCAN1_IT1_IRQHandler                    0x080002cb   Thumb Code     0  startup_stm32h743xx.o(.text)
    FDCAN2_IT0_IRQHandler                    0x080002cb   Thumb Code     0  startup_stm32h743xx.o(.text)
    FDCAN2_IT1_IRQHandler                    0x080002cb   Thumb Code     0  startup_stm32h743xx.o(.text)
    FDCAN_CAL_IRQHandler                     0x080002cb   Thumb Code     0  startup_stm32h743xx.o(.text)
    FLASH_IRQHandler                         0x080002cb   Thumb Code     0  startup_stm32h743xx.o(.text)
    FMC_IRQHandler                           0x080002cb   Thumb Code     0  startup_stm32h743xx.o(.text)
    FPU_IRQHandler                           0x080002cb   Thumb Code     0  startup_stm32h743xx.o(.text)
    HRTIM1_FLT_IRQHandler                    0x080002cb   Thumb Code     0  startup_stm32h743xx.o(.text)
    HRTIM1_Master_IRQHandler                 0x080002cb   Thumb Code     0  startup_stm32h743xx.o(.text)
    HRTIM1_TIMA_IRQHandler                   0x080002cb   Thumb Code     0  startup_stm32h743xx.o(.text)
    HRTIM1_TIMB_IRQHandler                   0x080002cb   Thumb Code     0  startup_stm32h743xx.o(.text)
    HRTIM1_TIMC_IRQHandler                   0x080002cb   Thumb Code     0  startup_stm32h743xx.o(.text)
    HRTIM1_TIMD_IRQHandler                   0x080002cb   Thumb Code     0  startup_stm32h743xx.o(.text)
    HRTIM1_TIME_IRQHandler                   0x080002cb   Thumb Code     0  startup_stm32h743xx.o(.text)
    HSEM1_IRQHandler                         0x080002cb   Thumb Code     0  startup_stm32h743xx.o(.text)
    I2C1_ER_IRQHandler                       0x080002cb   Thumb Code     0  startup_stm32h743xx.o(.text)
    I2C1_EV_IRQHandler                       0x080002cb   Thumb Code     0  startup_stm32h743xx.o(.text)
    I2C2_ER_IRQHandler                       0x080002cb   Thumb Code     0  startup_stm32h743xx.o(.text)
    I2C2_EV_IRQHandler                       0x080002cb   Thumb Code     0  startup_stm32h743xx.o(.text)
    I2C3_ER_IRQHandler                       0x080002cb   Thumb Code     0  startup_stm32h743xx.o(.text)
    I2C3_EV_IRQHandler                       0x080002cb   Thumb Code     0  startup_stm32h743xx.o(.text)
    I2C4_ER_IRQHandler                       0x080002cb   Thumb Code     0  startup_stm32h743xx.o(.text)
    I2C4_EV_IRQHandler                       0x080002cb   Thumb Code     0  startup_stm32h743xx.o(.text)
    JPEG_IRQHandler                          0x080002cb   Thumb Code     0  startup_stm32h743xx.o(.text)
    LPTIM1_IRQHandler                        0x080002cb   Thumb Code     0  startup_stm32h743xx.o(.text)
    LPTIM2_IRQHandler                        0x080002cb   Thumb Code     0  startup_stm32h743xx.o(.text)
    LPTIM3_IRQHandler                        0x080002cb   Thumb Code     0  startup_stm32h743xx.o(.text)
    LPTIM4_IRQHandler                        0x080002cb   Thumb Code     0  startup_stm32h743xx.o(.text)
    LPTIM5_IRQHandler                        0x080002cb   Thumb Code     0  startup_stm32h743xx.o(.text)
    LPUART1_IRQHandler                       0x080002cb   Thumb Code     0  startup_stm32h743xx.o(.text)
    LTDC_ER_IRQHandler                       0x080002cb   Thumb Code     0  startup_stm32h743xx.o(.text)
    LTDC_IRQHandler                          0x080002cb   Thumb Code     0  startup_stm32h743xx.o(.text)
    MDIOS_IRQHandler                         0x080002cb   Thumb Code     0  startup_stm32h743xx.o(.text)
    MDIOS_WKUP_IRQHandler                    0x080002cb   Thumb Code     0  startup_stm32h743xx.o(.text)
    MDMA_IRQHandler                          0x080002cb   Thumb Code     0  startup_stm32h743xx.o(.text)
    OTG_FS_EP1_IN_IRQHandler                 0x080002cb   Thumb Code     0  startup_stm32h743xx.o(.text)
    OTG_FS_EP1_OUT_IRQHandler                0x080002cb   Thumb Code     0  startup_stm32h743xx.o(.text)
    OTG_FS_IRQHandler                        0x080002cb   Thumb Code     0  startup_stm32h743xx.o(.text)
    OTG_FS_WKUP_IRQHandler                   0x080002cb   Thumb Code     0  startup_stm32h743xx.o(.text)
    OTG_HS_EP1_IN_IRQHandler                 0x080002cb   Thumb Code     0  startup_stm32h743xx.o(.text)
    OTG_HS_EP1_OUT_IRQHandler                0x080002cb   Thumb Code     0  startup_stm32h743xx.o(.text)
    OTG_HS_IRQHandler                        0x080002cb   Thumb Code     0  startup_stm32h743xx.o(.text)
    OTG_HS_WKUP_IRQHandler                   0x080002cb   Thumb Code     0  startup_stm32h743xx.o(.text)
    PVD_AVD_IRQHandler                       0x080002cb   Thumb Code     0  startup_stm32h743xx.o(.text)
    QUADSPI_IRQHandler                       0x080002cb   Thumb Code     0  startup_stm32h743xx.o(.text)
    RCC_IRQHandler                           0x080002cb   Thumb Code     0  startup_stm32h743xx.o(.text)
    RNG_IRQHandler                           0x080002cb   Thumb Code     0  startup_stm32h743xx.o(.text)
    RTC_Alarm_IRQHandler                     0x080002cb   Thumb Code     0  startup_stm32h743xx.o(.text)
    RTC_WKUP_IRQHandler                      0x080002cb   Thumb Code     0  startup_stm32h743xx.o(.text)
    SAI1_IRQHandler                          0x080002cb   Thumb Code     0  startup_stm32h743xx.o(.text)
    SAI2_IRQHandler                          0x080002cb   Thumb Code     0  startup_stm32h743xx.o(.text)
    SAI3_IRQHandler                          0x080002cb   Thumb Code     0  startup_stm32h743xx.o(.text)
    SAI4_IRQHandler                          0x080002cb   Thumb Code     0  startup_stm32h743xx.o(.text)
    SDMMC1_IRQHandler                        0x080002cb   Thumb Code     0  startup_stm32h743xx.o(.text)
    SDMMC2_IRQHandler                        0x080002cb   Thumb Code     0  startup_stm32h743xx.o(.text)
    SPDIF_RX_IRQHandler                      0x080002cb   Thumb Code     0  startup_stm32h743xx.o(.text)
    SPI1_IRQHandler                          0x080002cb   Thumb Code     0  startup_stm32h743xx.o(.text)
    SPI2_IRQHandler                          0x080002cb   Thumb Code     0  startup_stm32h743xx.o(.text)
    SPI3_IRQHandler                          0x080002cb   Thumb Code     0  startup_stm32h743xx.o(.text)
    SPI4_IRQHandler                          0x080002cb   Thumb Code     0  startup_stm32h743xx.o(.text)
    SPI5_IRQHandler                          0x080002cb   Thumb Code     0  startup_stm32h743xx.o(.text)
    SPI6_IRQHandler                          0x080002cb   Thumb Code     0  startup_stm32h743xx.o(.text)
    SWPMI1_IRQHandler                        0x080002cb   Thumb Code     0  startup_stm32h743xx.o(.text)
    TAMP_STAMP_IRQHandler                    0x080002cb   Thumb Code     0  startup_stm32h743xx.o(.text)
    TIM15_IRQHandler                         0x080002cb   Thumb Code     0  startup_stm32h743xx.o(.text)
    TIM16_IRQHandler                         0x080002cb   Thumb Code     0  startup_stm32h743xx.o(.text)
    TIM17_IRQHandler                         0x080002cb   Thumb Code     0  startup_stm32h743xx.o(.text)
    TIM1_BRK_IRQHandler                      0x080002cb   Thumb Code     0  startup_stm32h743xx.o(.text)
    TIM1_CC_IRQHandler                       0x080002cb   Thumb Code     0  startup_stm32h743xx.o(.text)
    TIM1_TRG_COM_IRQHandler                  0x080002cb   Thumb Code     0  startup_stm32h743xx.o(.text)
    TIM1_UP_IRQHandler                       0x080002cb   Thumb Code     0  startup_stm32h743xx.o(.text)
    TIM2_IRQHandler                          0x080002cb   Thumb Code     0  startup_stm32h743xx.o(.text)
    TIM3_IRQHandler                          0x080002cb   Thumb Code     0  startup_stm32h743xx.o(.text)
    TIM4_IRQHandler                          0x080002cb   Thumb Code     0  startup_stm32h743xx.o(.text)
    TIM5_IRQHandler                          0x080002cb   Thumb Code     0  startup_stm32h743xx.o(.text)
    TIM8_BRK_TIM12_IRQHandler                0x080002cb   Thumb Code     0  startup_stm32h743xx.o(.text)
    TIM8_CC_IRQHandler                       0x080002cb   Thumb Code     0  startup_stm32h743xx.o(.text)
    TIM8_TRG_COM_TIM14_IRQHandler            0x080002cb   Thumb Code     0  startup_stm32h743xx.o(.text)
    TIM8_UP_TIM13_IRQHandler                 0x080002cb   Thumb Code     0  startup_stm32h743xx.o(.text)
    UART4_IRQHandler                         0x080002cb   Thumb Code     0  startup_stm32h743xx.o(.text)
    UART5_IRQHandler                         0x080002cb   Thumb Code     0  startup_stm32h743xx.o(.text)
    UART7_IRQHandler                         0x080002cb   Thumb Code     0  startup_stm32h743xx.o(.text)
    UART8_IRQHandler                         0x080002cb   Thumb Code     0  startup_stm32h743xx.o(.text)
    USART1_IRQHandler                        0x080002cb   Thumb Code     0  startup_stm32h743xx.o(.text)
    USART2_IRQHandler                        0x080002cb   Thumb Code     0  startup_stm32h743xx.o(.text)
    USART3_IRQHandler                        0x080002cb   Thumb Code     0  startup_stm32h743xx.o(.text)
    USART6_IRQHandler                        0x080002cb   Thumb Code     0  startup_stm32h743xx.o(.text)
    WAKEUP_PIN_IRQHandler                    0x080002cb   Thumb Code     0  startup_stm32h743xx.o(.text)
    WWDG_IRQHandler                          0x080002cb   Thumb Code     0  startup_stm32h743xx.o(.text)
    __aeabi_uldivmod                         0x080002d9   Thumb Code    98  uldiv.o(.text)
    __aeabi_memset                           0x0800033b   Thumb Code    14  memseta.o(.text)
    __aeabi_memset4                          0x0800033b   Thumb Code     0  memseta.o(.text)
    __aeabi_memset8                          0x0800033b   Thumb Code     0  memseta.o(.text)
    __aeabi_memclr                           0x08000349   Thumb Code     4  memseta.o(.text)
    __aeabi_memclr4                          0x08000349   Thumb Code     0  memseta.o(.text)
    __aeabi_memclr8                          0x08000349   Thumb Code     0  memseta.o(.text)
    _memset$wrapper                          0x0800034d   Thumb Code    18  memseta.o(.text)
    __aeabi_uidiv                            0x0800035f   Thumb Code     0  uidiv.o(.text)
    __aeabi_uidivmod                         0x0800035f   Thumb Code    44  uidiv.o(.text)
    __aeabi_llsl                             0x0800038b   Thumb Code    30  llshl.o(.text)
    _ll_shift_l                              0x0800038b   Thumb Code     0  llshl.o(.text)
    __aeabi_llsr                             0x080003a9   Thumb Code    32  llushr.o(.text)
    _ll_ushift_r                             0x080003a9   Thumb Code     0  llushr.o(.text)
    __I$use$fp                               0x080003c9   Thumb Code     0  iusefp.o(.text)
    __aeabi_dadd                             0x080003c9   Thumb Code   322  dadd.o(.text)
    __aeabi_dsub                             0x0800050b   Thumb Code     6  dadd.o(.text)
    __aeabi_drsub                            0x08000511   Thumb Code     6  dadd.o(.text)
    __aeabi_dmul                             0x08000517   Thumb Code   228  dmul.o(.text)
    __aeabi_ddiv                             0x080005fb   Thumb Code   222  ddiv.o(.text)
    __aeabi_d2ulz                            0x080006d9   Thumb Code    48  dfixul.o(.text)
    __aeabi_cdrcmple                         0x08000709   Thumb Code    48  cdrcmple.o(.text)
    __scatterload                            0x08000739   Thumb Code    38  init.o(.text)
    __scatterload_rt2                        0x08000739   Thumb Code     0  init.o(.text)
    __aeabi_lasr                             0x08000769   Thumb Code    36  llsshr.o(.text)
    _ll_sshift_r                             0x08000769   Thumb Code     0  llsshr.o(.text)
    _double_round                            0x0800078d   Thumb Code    30  depilogue.o(.text)
    _double_epilogue                         0x080007ab   Thumb Code   156  depilogue.o(.text)
    BusFault_Handler                         0x08000849   Thumb Code     4  stm32h7xx_it.o(.text.BusFault_Handler)
    DebugMon_Handler                         0x08000851   Thumb Code     2  stm32h7xx_it.o(.text.DebugMon_Handler)
    EXTI1_IRQHandler                         0x08000859   Thumb Code    42  main.o(.text.EXTI1_IRQHandler)
    Error_Handler                            0x08000889   Thumb Code    14  main.o(.text.Error_Handler)
    ExitRun0Mode                             0x08000899   Thumb Code    40  system_stm32h7xx.o(.text.ExitRun0Mode)
    HAL_Delay                                0x080008c1   Thumb Code    66  stm32h7xx_hal.o(.text.HAL_Delay)
    HAL_GPIO_DeInit                          0x08000909   Thumb Code   582  stm32h7xx_hal_gpio.o(.text.HAL_GPIO_DeInit)
    HAL_GPIO_Init                            0x08000b51   Thumb Code   964  stm32h7xx_hal_gpio.o(.text.HAL_GPIO_Init)
    HAL_GPIO_TogglePin                       0x08000f19   Thumb Code    38  stm32h7xx_hal_gpio.o(.text.HAL_GPIO_TogglePin)
    HAL_GPIO_WritePin                        0x08000f41   Thumb Code    46  stm32h7xx_hal_gpio.o(.text.HAL_GPIO_WritePin)
    HAL_GetREVID                             0x08000f71   Thumb Code    14  stm32h7xx_hal.o(.text.HAL_GetREVID)
    HAL_GetTick                              0x08000f81   Thumb Code    12  stm32h7xx_hal.o(.text.HAL_GetTick)
    HAL_IncTick                              0x08000f91   Thumb Code    26  stm32h7xx_hal.o(.text.HAL_IncTick)
    HAL_Init                                 0x08000fb1   Thumb Code   122  stm32h7xx_hal.o(.text.HAL_Init)
    HAL_InitTick                             0x08001031   Thumb Code   220  stm32h7xx_hal_timebase_tim.o(.text.HAL_InitTick)
    HAL_MPU_ConfigRegion                     0x08001111   Thumb Code   128  stm32h7xx_hal_cortex.o(.text.HAL_MPU_ConfigRegion)
    HAL_MPU_Disable                          0x08001191   Thumb Code    34  stm32h7xx_hal_cortex.o(.text.HAL_MPU_Disable)
    HAL_MPU_Enable                           0x080011b9   Thumb Code    48  stm32h7xx_hal_cortex.o(.text.HAL_MPU_Enable)
    HAL_MspInit                              0x080011e9   Thumb Code    36  stm32h7xx_hal_msp.o(.text.HAL_MspInit)
    HAL_NVIC_EnableIRQ                       0x08001211   Thumb Code    20  stm32h7xx_hal_cortex.o(.text.HAL_NVIC_EnableIRQ)
    HAL_NVIC_SetPriority                     0x08001229   Thumb Code    46  stm32h7xx_hal_cortex.o(.text.HAL_NVIC_SetPriority)
    HAL_NVIC_SetPriorityGrouping             0x08001259   Thumb Code    16  stm32h7xx_hal_cortex.o(.text.HAL_NVIC_SetPriorityGrouping)
    HAL_PWREx_ConfigSupply                   0x08001269   Thumb Code   162  stm32h7xx_hal_pwr_ex.o(.text.HAL_PWREx_ConfigSupply)
    HAL_RCCEx_GetD3PCLK1Freq                 0x08001311   Thumb Code    38  stm32h7xx_hal_rcc_ex.o(.text.HAL_RCCEx_GetD3PCLK1Freq)
    HAL_RCCEx_GetPLL2ClockFreq               0x08001339   Thumb Code   648  stm32h7xx_hal_rcc_ex.o(.text.HAL_RCCEx_GetPLL2ClockFreq)
    HAL_RCCEx_GetPLL3ClockFreq               0x080015d1   Thumb Code   648  stm32h7xx_hal_rcc_ex.o(.text.HAL_RCCEx_GetPLL3ClockFreq)
    HAL_RCCEx_PeriphCLKConfig                0x08001869   Thumb Code  4256  stm32h7xx_hal_rcc_ex.o(.text.HAL_RCCEx_PeriphCLKConfig)
    HAL_RCC_ClockConfig                      0x08002909   Thumb Code  1176  stm32h7xx_hal_rcc.o(.text.HAL_RCC_ClockConfig)
    HAL_RCC_GetClockConfig                   0x08002da1   Thumb Code   136  stm32h7xx_hal_rcc.o(.text.HAL_RCC_GetClockConfig)
    HAL_RCC_GetHCLKFreq                      0x08002e29   Thumb Code    86  stm32h7xx_hal_rcc.o(.text.HAL_RCC_GetHCLKFreq)
    HAL_RCC_GetPCLK1Freq                     0x08002e81   Thumb Code    38  stm32h7xx_hal_rcc.o(.text.HAL_RCC_GetPCLK1Freq)
    HAL_RCC_GetPCLK2Freq                     0x08002ea9   Thumb Code    38  stm32h7xx_hal_rcc.o(.text.HAL_RCC_GetPCLK2Freq)
    HAL_RCC_GetSysClockFreq                  0x08002ed1   Thumb Code   748  stm32h7xx_hal_rcc.o(.text.HAL_RCC_GetSysClockFreq)
    HAL_RCC_OscConfig                        0x080031d1   Thumb Code  2904  stm32h7xx_hal_rcc.o(.text.HAL_RCC_OscConfig)
    HAL_SPI_Init                             0x08003d29   Thumb Code   658  stm32h7xx_hal_spi.o(.text.HAL_SPI_Init)
    HAL_SPI_MspInit                          0x08003fc1   Thumb Code   168  spi.o(.text.HAL_SPI_MspInit)
    HAL_SYSCFG_AnalogSwitchConfig            0x08004069   Thumb Code    30  stm32h7xx_hal.o(.text.HAL_SYSCFG_AnalogSwitchConfig)
    HAL_TIMEx_Break2Callback                 0x08004089   Thumb Code     8  stm32h7xx_hal_tim_ex.o(.text.HAL_TIMEx_Break2Callback)
    HAL_TIMEx_BreakCallback                  0x08004091   Thumb Code     8  stm32h7xx_hal_tim_ex.o(.text.HAL_TIMEx_BreakCallback)
    HAL_TIMEx_CommutCallback                 0x08004099   Thumb Code     8  stm32h7xx_hal_tim_ex.o(.text.HAL_TIMEx_CommutCallback)
    HAL_TIMEx_ConfigBreakDeadTime            0x080040a1   Thumb Code   274  stm32h7xx_hal_tim_ex.o(.text.HAL_TIMEx_ConfigBreakDeadTime)
    HAL_TIMEx_MasterConfigSynchronization    0x080041b9   Thumb Code   344  stm32h7xx_hal_tim_ex.o(.text.HAL_TIMEx_MasterConfigSynchronization)
    HAL_TIM_Base_Init                        0x08004311   Thumb Code   168  stm32h7xx_hal_tim.o(.text.HAL_TIM_Base_Init)
    HAL_TIM_Base_MspInit                     0x080043b9   Thumb Code    78  tim.o(.text.HAL_TIM_Base_MspInit)
    HAL_TIM_Base_Start_IT                    0x08004409   Thumb Code   260  stm32h7xx_hal_tim.o(.text.HAL_TIM_Base_Start_IT)
    HAL_TIM_IC_CaptureCallback               0x08004511   Thumb Code     8  stm32h7xx_hal_tim.o(.text.HAL_TIM_IC_CaptureCallback)
    HAL_TIM_IRQHandler                       0x08004519   Thumb Code   592  stm32h7xx_hal_tim.o(.text.HAL_TIM_IRQHandler)
    HAL_TIM_MspPostInit                      0x08004769   Thumb Code   102  tim.o(.text.HAL_TIM_MspPostInit)
    HAL_TIM_OC_ConfigChannel                 0x080047d1   Thumb Code   196  stm32h7xx_hal_tim.o(.text.HAL_TIM_OC_ConfigChannel)
    HAL_TIM_OC_DelayElapsedCallback          0x08004899   Thumb Code     8  stm32h7xx_hal_tim.o(.text.HAL_TIM_OC_DelayElapsedCallback)
    HAL_TIM_OC_Init                          0x080048a1   Thumb Code   168  stm32h7xx_hal_tim.o(.text.HAL_TIM_OC_Init)
    HAL_TIM_OC_MspInit                       0x08004949   Thumb Code    56  tim.o(.text.HAL_TIM_OC_MspInit)
    HAL_TIM_PWM_PulseFinishedCallback        0x08004981   Thumb Code     8  stm32h7xx_hal_tim.o(.text.HAL_TIM_PWM_PulseFinishedCallback)
    HAL_TIM_PeriodElapsedCallback            0x08004989   Thumb Code    68  main.o(.text.HAL_TIM_PeriodElapsedCallback)
    HAL_TIM_TriggerCallback                  0x080049d1   Thumb Code     8  stm32h7xx_hal_tim.o(.text.HAL_TIM_TriggerCallback)
    HAL_UARTEx_DisableFifoMode               0x080049d9   Thumb Code   124  stm32h7xx_hal_uart_ex.o(.text.HAL_UARTEx_DisableFifoMode)
    HAL_UARTEx_SetRxFifoThreshold            0x08004a59   Thumb Code   140  stm32h7xx_hal_uart_ex.o(.text.HAL_UARTEx_SetRxFifoThreshold)
    HAL_UARTEx_SetTxFifoThreshold            0x08004ae9   Thumb Code   140  stm32h7xx_hal_uart_ex.o(.text.HAL_UARTEx_SetTxFifoThreshold)
    HAL_UART_Init                            0x08004b79   Thumb Code   170  stm32h7xx_hal_uart.o(.text.HAL_UART_Init)
    HAL_UART_MspInit                         0x08004c29   Thumb Code   170  usart.o(.text.HAL_UART_MspInit)
    HAL_UART_Transmit                        0x08004cd9   Thumb Code   312  stm32h7xx_hal_uart.o(.text.HAL_UART_Transmit)
    HardFault_Handler                        0x08004e11   Thumb Code     4  stm32h7xx_it.o(.text.HardFault_Handler)
    MX_GPIO_Init                             0x08004e71   Thumb Code   270  gpio.o(.text.MX_GPIO_Init)
    MX_SPI1_Init                             0x08004f81   Thumb Code   102  spi.o(.text.MX_SPI1_Init)
    MX_TIM1_Init                             0x08004fe9   Thumb Code   234  tim.o(.text.MX_TIM1_Init)
    MX_TIM7_Init                             0x080050d9   Thumb Code    94  tim.o(.text.MX_TIM7_Init)
    MX_USART1_UART_Init                      0x08005139   Thumb Code   142  usart.o(.text.MX_USART1_UART_Init)
    MemManage_Handler                        0x080051c9   Thumb Code     4  stm32h7xx_it.o(.text.MemManage_Handler)
    NMI_Handler                              0x080051d1   Thumb Code     4  stm32h7xx_it.o(.text.NMI_Handler)
    PendSV_Handler                           0x08005251   Thumb Code   100  port.o(.text.PendSV_Handler)
    SVC_Handler                              0x08005691   Thumb Code    36  port.o(.text.SVC_Handler)
    Set_GPIO_EXTI                            0x080056b9   Thumb Code    94  main.o(.text.Set_GPIO_EXTI)
    Set_GPIO_OUTPUT                          0x08005719   Thumb Code    96  main.o(.text.Set_GPIO_OUTPUT)
    SwitchTo_EXTI                            0x08005779   Thumb Code    22  main.o(.text.SwitchTo_EXTI)
    SysTick_Handler                          0x08005791   Thumb Code    66  port.o(.text.SysTick_Handler)
    SystemClock_Config                       0x080057d9   Thumb Code   230  main.o(.text.SystemClock_Config)
    SystemInit                               0x080058c1   Thumb Code   396  system_stm32h7xx.o(.text.SystemInit)
    TIM6_DAC_IRQHandler                      0x08005a51   Thumb Code    16  stm32h7xx_it.o(.text.TIM6_DAC_IRQHandler)
    TIM7_IRQHandler                          0x08005a61   Thumb Code    16  stm32h7xx_it.o(.text.TIM7_IRQHandler)
    TIM_Base_SetConfig                       0x08005a71   Thumb Code   420  stm32h7xx_hal_tim.o(.text.TIM_Base_SetConfig)
    TIM_OC2_SetConfig                        0x08005d69   Thumb Code   364  stm32h7xx_hal_tim.o(.text.TIM_OC2_SetConfig)
    UART_AdvFeatureConfig                    0x08006359   Thumb Code   328  stm32h7xx_hal_uart.o(.text.UART_AdvFeatureConfig)
    UART_CheckIdleState                      0x080064a1   Thumb Code   326  stm32h7xx_hal_uart.o(.text.UART_CheckIdleState)
    UART_SetConfig                           0x08006689   Thumb Code  2338  stm32h7xx_hal_uart.o(.text.UART_SetConfig)
    UART_WaitOnFlagUntilTimeout              0x08006fb1   Thumb Code   268  stm32h7xx_hal_uart.o(.text.UART_WaitOnFlagUntilTimeout)
    UsageFault_Handler                       0x080070c1   Thumb Code     4  stm32h7xx_it.o(.text.UsageFault_Handler)
    fputc                                    0x08007191   Thumb Code    34  main.o(.text.fputc)
    main                                     0x080071b9   Thumb Code   214  main.o(.text.main)
    vTaskSwitchContext                       0x080072d1   Thumb Code   310  tasks.o(.text.vTaskSwitchContext)
    xTaskIncrementTick                       0x08007409   Thumb Code   632  tasks.o(.text.xTaskIncrementTick)
    __0printf                                0x08007681   Thumb Code    22  printfa.o(i.__0printf)
    __1printf                                0x08007681   Thumb Code     0  printfa.o(i.__0printf)
    __2printf                                0x08007681   Thumb Code     0  printfa.o(i.__0printf)
    __c89printf                              0x08007681   Thumb Code     0  printfa.o(i.__0printf)
    printf                                   0x08007681   Thumb Code     0  printfa.o(i.__0printf)
    __scatterload_copy                       0x080076a1   Thumb Code    14  handlers.o(i.__scatterload_copy)
    __scatterload_null                       0x080076af   Thumb Code     2  handlers.o(i.__scatterload_null)
    __scatterload_zeroinit                   0x080076b1   Thumb Code    14  handlers.o(i.__scatterload_zeroinit)
    D1CorePrescTable                         0x08007f72   Data          16  system_stm32h7xx.o(.rodata.D1CorePrescTable)
    UARTPrescTable                           0x08007f92   Data          24  stm32h7xx_hal_uart.o(.rodata.UARTPrescTable)
    Region$$Table$$Base                      0x080080ac   Number         0  anon$$obj.o(Region$$Table)
    Region$$Table$$Limit                     0x080080cc   Number         0  anon$$obj.o(Region$$Table)
    __stdout                                 0x24000000   Data           4  stdout.o(.data)
    SystemCoreClock                          0x24000004   Data           4  system_stm32h7xx.o(.data.SystemCoreClock)
    SystemD2Clock                            0x24000008   Data           4  system_stm32h7xx.o(.data.SystemD2Clock)
    uwTickFreq                               0x2400000c   Data           1  stm32h7xx_hal.o(.data.uwTickFreq)
    uwTickPrio                               0x24000010   Data           4  stm32h7xx_hal.o(.data.uwTickPrio)
    flag                                     0x24000018   Data           1  main.o(.bss.flag)
    hspi1                                    0x2400001c   Data         136  spi.o(.bss.hspi1)
    htim1                                    0x240000a4   Data          76  tim.o(.bss.htim1)
    htim6                                    0x240000f0   Data          76  stm32h7xx_hal_timebase_tim.o(.bss.htim6)
    htim7                                    0x2400013c   Data          76  tim.o(.bss.htim7)
    huart1                                   0x24000188   Data         148  usart.o(.bss.huart1)
    pxCurrentTCB                             0x2400021c   Data           4  tasks.o(.bss.pxCurrentTCB)
    ulHighFrequencyTimerTicks                0x240002b4   Data           4  main.o(.bss.ulHighFrequencyTimerTicks)
    uwTick                                   0x240002c0   Data           4  stm32h7xx_hal.o(.bss.uwTick)
    __initial_sp                             0x240006e0   Data           0  startup_stm32h743xx.o(STACK)



==============================================================================

Memory Map of the image

  Image Entry point : 0x08000299

  Load Region LR_IROM1 (Base: 0x08000000, Size: 0x000080e8, Max: 0x00200000, ABSOLUTE)

    Execution Region ER_IROM1 (Exec base: 0x08000000, Load base: 0x08000000, Size: 0x000080cc, Max: 0x00200000, ABSOLUTE)

    Exec Addr    Load Addr    Size         Type   Attr      Idx    E Section Name        Object

    0x08000000   0x08000000   0x00000298   Data   RO            3    RESET               startup_stm32h743xx.o
    0x08000298   0x08000298   0x00000000   Code   RO         2064  * .ARM.Collect$$$$00000000  mc_w.l(entry.o)
    0x08000298   0x08000298   0x00000004   Code   RO         2107    .ARM.Collect$$$$00000001  mc_w.l(entry2.o)
    0x0800029c   0x0800029c   0x00000004   Code   RO         2110    .ARM.Collect$$$$00000004  mc_w.l(entry5.o)
    0x080002a0   0x080002a0   0x00000000   Code   RO         2112    .ARM.Collect$$$$00000008  mc_w.l(entry7b.o)
    0x080002a0   0x080002a0   0x00000000   Code   RO         2114    .ARM.Collect$$$$0000000A  mc_w.l(entry8b.o)
    0x080002a0   0x080002a0   0x00000008   Code   RO         2115    .ARM.Collect$$$$0000000B  mc_w.l(entry9a.o)
    0x080002a8   0x080002a8   0x00000000   Code   RO         2117    .ARM.Collect$$$$0000000D  mc_w.l(entry10a.o)
    0x080002a8   0x080002a8   0x00000000   Code   RO         2119    .ARM.Collect$$$$0000000F  mc_w.l(entry11a.o)
    0x080002a8   0x080002a8   0x00000004   Code   RO         2108    .ARM.Collect$$$$00002712  mc_w.l(entry2.o)
    0x080002ac   0x080002ac   0x0000002c   Code   RO            4    .text               startup_stm32h743xx.o
    0x080002d8   0x080002d8   0x00000062   Code   RO         2067    .text               mc_w.l(uldiv.o)
    0x0800033a   0x0800033a   0x00000024   Code   RO         2071    .text               mc_w.l(memseta.o)
    0x0800035e   0x0800035e   0x0000002c   Code   RO         2131    .text               mc_w.l(uidiv.o)
    0x0800038a   0x0800038a   0x0000001e   Code   RO         2133    .text               mc_w.l(llshl.o)
    0x080003a8   0x080003a8   0x00000020   Code   RO         2135    .text               mc_w.l(llushr.o)
    0x080003c8   0x080003c8   0x00000000   Code   RO         2137    .text               mc_w.l(iusefp.o)
    0x080003c8   0x080003c8   0x0000014e   Code   RO         2138    .text               mf_w.l(dadd.o)
    0x08000516   0x08000516   0x000000e4   Code   RO         2140    .text               mf_w.l(dmul.o)
    0x080005fa   0x080005fa   0x000000de   Code   RO         2142    .text               mf_w.l(ddiv.o)
    0x080006d8   0x080006d8   0x00000030   Code   RO         2144    .text               mf_w.l(dfixul.o)
    0x08000708   0x08000708   0x00000030   Code   RO         2146    .text               mf_w.l(cdrcmple.o)
    0x08000738   0x08000738   0x00000030   Code   RO         2148    .text               mc_w.l(init.o)
    0x08000768   0x08000768   0x00000024   Code   RO         2150    .text               mc_w.l(llsshr.o)
    0x0800078c   0x0800078c   0x000000ba   Code   RO         2152    .text               mf_w.l(depilogue.o)
    0x08000846   0x08000846   0x00000002   PAD
    0x08000848   0x08000848   0x00000004   Code   RO          115    .text.BusFault_Handler  stm32h7xx_it.o
    0x0800084c   0x0800084c   0x00000004   PAD
    0x08000850   0x08000850   0x00000002   Code   RO          119    .text.DebugMon_Handler  stm32h7xx_it.o
    0x08000852   0x08000852   0x00000006   PAD
    0x08000858   0x08000858   0x0000002a   Code   RO           27    .text.EXTI1_IRQHandler  main.o
    0x08000882   0x08000882   0x00000006   PAD
    0x08000888   0x08000888   0x0000000e   Code   RO           35    .text.Error_Handler  main.o
    0x08000896   0x08000896   0x00000002   PAD
    0x08000898   0x08000898   0x00000028   Code   RO         1708    .text.ExitRun0Mode  system_stm32h7xx.o
    0x080008c0   0x080008c0   0x00000042   Code   RO         1092    .text.HAL_Delay     stm32h7xx_hal.o
    0x08000902   0x08000902   0x00000006   PAD
    0x08000908   0x08000908   0x00000246   Code   RO          778    .text.HAL_GPIO_DeInit  stm32h7xx_hal_gpio.o
    0x08000b4e   0x08000b4e   0x00000002   PAD
    0x08000b50   0x08000b50   0x000003c4   Code   RO          776    .text.HAL_GPIO_Init  stm32h7xx_hal_gpio.o
    0x08000f14   0x08000f14   0x00000004   PAD
    0x08000f18   0x08000f18   0x00000026   Code   RO          784    .text.HAL_GPIO_TogglePin  stm32h7xx_hal_gpio.o
    0x08000f3e   0x08000f3e   0x00000002   PAD
    0x08000f40   0x08000f40   0x0000002e   Code   RO          782    .text.HAL_GPIO_WritePin  stm32h7xx_hal_gpio.o
    0x08000f6e   0x08000f6e   0x00000002   PAD
    0x08000f70   0x08000f70   0x0000000e   Code   RO         1100    .text.HAL_GetREVID  stm32h7xx_hal.o
    0x08000f7e   0x08000f7e   0x00000002   PAD
    0x08000f80   0x08000f80   0x0000000c   Code   RO         1084    .text.HAL_GetTick   stm32h7xx_hal.o
    0x08000f8c   0x08000f8c   0x00000004   PAD
    0x08000f90   0x08000f90   0x0000001a   Code   RO         1082    .text.HAL_IncTick   stm32h7xx_hal.o
    0x08000faa   0x08000faa   0x00000006   PAD
    0x08000fb0   0x08000fb0   0x0000007a   Code   RO         1072    .text.HAL_Init      stm32h7xx_hal.o
    0x0800102a   0x0800102a   0x00000006   PAD
    0x08001030   0x08001030   0x000000dc   Code   RO          140    .text.HAL_InitTick  stm32h7xx_hal_timebase_tim.o
    0x0800110c   0x0800110c   0x00000004   PAD
    0x08001110   0x08001110   0x00000080   Code   RO          538    .text.HAL_MPU_ConfigRegion  stm32h7xx_hal_cortex.o
    0x08001190   0x08001190   0x00000022   Code   RO          530    .text.HAL_MPU_Disable  stm32h7xx_hal_cortex.o
    0x080011b2   0x080011b2   0x00000006   PAD
    0x080011b8   0x080011b8   0x00000030   Code   RO          532    .text.HAL_MPU_Enable  stm32h7xx_hal_cortex.o
    0x080011e8   0x080011e8   0x00000024   Code   RO          132    .text.HAL_MspInit   stm32h7xx_hal_msp.o
    0x0800120c   0x0800120c   0x00000004   PAD
    0x08001210   0x08001210   0x00000014   Code   RO          514    .text.HAL_NVIC_EnableIRQ  stm32h7xx_hal_cortex.o
    0x08001224   0x08001224   0x00000004   PAD
    0x08001228   0x08001228   0x0000002e   Code   RO          506    .text.HAL_NVIC_SetPriority  stm32h7xx_hal_cortex.o
    0x08001256   0x08001256   0x00000002   PAD
    0x08001258   0x08001258   0x00000010   Code   RO          502    .text.HAL_NVIC_SetPriorityGrouping  stm32h7xx_hal_cortex.o
    0x08001268   0x08001268   0x000000a2   Code   RO          985    .text.HAL_PWREx_ConfigSupply  stm32h7xx_hal_pwr_ex.o
    0x0800130a   0x0800130a   0x00000006   PAD
    0x08001310   0x08001310   0x00000026   Code   RO          630    .text.HAL_RCCEx_GetD3PCLK1Freq  stm32h7xx_hal_rcc_ex.o
    0x08001336   0x08001336   0x00000002   PAD
    0x08001338   0x08001338   0x00000298   Code   RO          626    .text.HAL_RCCEx_GetPLL2ClockFreq  stm32h7xx_hal_rcc_ex.o
    0x080015d0   0x080015d0   0x00000298   Code   RO          628    .text.HAL_RCCEx_GetPLL3ClockFreq  stm32h7xx_hal_rcc_ex.o
    0x08001868   0x08001868   0x000010a0   Code   RO          614    .text.HAL_RCCEx_PeriphCLKConfig  stm32h7xx_hal_rcc_ex.o
    0x08002908   0x08002908   0x00000498   Code   RO          583    .text.HAL_RCC_ClockConfig  stm32h7xx_hal_rcc.o
    0x08002da0   0x08002da0   0x00000088   Code   RO          601    .text.HAL_RCC_GetClockConfig  stm32h7xx_hal_rcc.o
    0x08002e28   0x08002e28   0x00000056   Code   RO          593    .text.HAL_RCC_GetHCLKFreq  stm32h7xx_hal_rcc.o
    0x08002e7e   0x08002e7e   0x00000002   PAD
    0x08002e80   0x08002e80   0x00000026   Code   RO          595    .text.HAL_RCC_GetPCLK1Freq  stm32h7xx_hal_rcc.o
    0x08002ea6   0x08002ea6   0x00000002   PAD
    0x08002ea8   0x08002ea8   0x00000026   Code   RO          597    .text.HAL_RCC_GetPCLK2Freq  stm32h7xx_hal_rcc.o
    0x08002ece   0x08002ece   0x00000002   PAD
    0x08002ed0   0x08002ed0   0x000002fc   Code   RO          585    .text.HAL_RCC_GetSysClockFreq  stm32h7xx_hal_rcc.o
    0x080031cc   0x080031cc   0x00000004   PAD
    0x080031d0   0x080031d0   0x00000b58   Code   RO          581    .text.HAL_RCC_OscConfig  stm32h7xx_hal_rcc.o
    0x08003d28   0x08003d28   0x00000292   Code   RO         1391    .text.HAL_SPI_Init  stm32h7xx_hal_spi.o
    0x08003fba   0x08003fba   0x00000006   PAD
    0x08003fc0   0x08003fc0   0x000000a8   Code   RO           60    .text.HAL_SPI_MspInit  spi.o
    0x08004068   0x08004068   0x0000001e   Code   RO         1122    .text.HAL_SYSCFG_AnalogSwitchConfig  stm32h7xx_hal.o
    0x08004086   0x08004086   0x00000002   PAD
    0x08004088   0x08004088   0x00000008   Code   RO          489    .text.HAL_TIMEx_Break2Callback  stm32h7xx_hal_tim_ex.o
    0x08004090   0x08004090   0x00000008   Code   RO          487    .text.HAL_TIMEx_BreakCallback  stm32h7xx_hal_tim_ex.o
    0x08004098   0x08004098   0x00000008   Code   RO          483    .text.HAL_TIMEx_CommutCallback  stm32h7xx_hal_tim_ex.o
    0x080040a0   0x080040a0   0x00000112   Code   RO          473    .text.HAL_TIMEx_ConfigBreakDeadTime  stm32h7xx_hal_tim_ex.o
    0x080041b2   0x080041b2   0x00000006   PAD
    0x080041b8   0x080041b8   0x00000158   Code   RO          471    .text.HAL_TIMEx_MasterConfigSynchronization  stm32h7xx_hal_tim_ex.o
    0x08004310   0x08004310   0x000000a8   Code   RO          154    .text.HAL_TIM_Base_Init  stm32h7xx_hal_tim.o
    0x080043b8   0x080043b8   0x0000004e   Code   RO           80    .text.HAL_TIM_Base_MspInit  tim.o
    0x08004406   0x08004406   0x00000002   PAD
    0x08004408   0x08004408   0x00000104   Code   RO          168    .text.HAL_TIM_Base_Start_IT  stm32h7xx_hal_tim.o
    0x0800450c   0x0800450c   0x00000004   PAD
    0x08004510   0x08004510   0x00000008   Code   RO          290    .text.HAL_TIM_IC_CaptureCallback  stm32h7xx_hal_tim.o
    0x08004518   0x08004518   0x00000250   Code   RO          288    .text.HAL_TIM_IRQHandler  stm32h7xx_hal_tim.o
    0x08004768   0x08004768   0x00000066   Code   RO           74    .text.HAL_TIM_MspPostInit  tim.o
    0x080047ce   0x080047ce   0x00000002   PAD
    0x080047d0   0x080047d0   0x000000c4   Code   RO          300    .text.HAL_TIM_OC_ConfigChannel  stm32h7xx_hal_tim.o
    0x08004894   0x08004894   0x00000004   PAD
    0x08004898   0x08004898   0x00000008   Code   RO          292    .text.HAL_TIM_OC_DelayElapsedCallback  stm32h7xx_hal_tim.o
    0x080048a0   0x080048a0   0x000000a8   Code   RO          182    .text.HAL_TIM_OC_Init  stm32h7xx_hal_tim.o
    0x08004948   0x08004948   0x00000038   Code   RO           78    .text.HAL_TIM_OC_MspInit  tim.o
    0x08004980   0x08004980   0x00000008   Code   RO          294    .text.HAL_TIM_PWM_PulseFinishedCallback  stm32h7xx_hal_tim.o
    0x08004988   0x08004988   0x00000044   Code   RO           37    .text.HAL_TIM_PeriodElapsedCallback  main.o
    0x080049cc   0x080049cc   0x00000004   PAD
    0x080049d0   0x080049d0   0x00000008   Code   RO          298    .text.HAL_TIM_TriggerCallback  stm32h7xx_hal_tim.o
    0x080049d8   0x080049d8   0x0000007c   Code   RO         1681    .text.HAL_UARTEx_DisableFifoMode  stm32h7xx_hal_uart_ex.o
    0x08004a54   0x08004a54   0x00000004   PAD
    0x08004a58   0x08004a58   0x0000008c   Code   RO         1685    .text.HAL_UARTEx_SetRxFifoThreshold  stm32h7xx_hal_uart_ex.o
    0x08004ae4   0x08004ae4   0x00000004   PAD
    0x08004ae8   0x08004ae8   0x0000008c   Code   RO         1683    .text.HAL_UARTEx_SetTxFifoThreshold  stm32h7xx_hal_uart_ex.o
    0x08004b74   0x08004b74   0x00000004   PAD
    0x08004b78   0x08004b78   0x000000aa   Code   RO         1511    .text.HAL_UART_Init  stm32h7xx_hal_uart.o
    0x08004c22   0x08004c22   0x00000006   PAD
    0x08004c28   0x08004c28   0x000000aa   Code   RO           97    .text.HAL_UART_MspInit  usart.o
    0x08004cd2   0x08004cd2   0x00000006   PAD
    0x08004cd8   0x08004cd8   0x00000138   Code   RO         1531    .text.HAL_UART_Transmit  stm32h7xx_hal_uart.o
    0x08004e10   0x08004e10   0x00000004   Code   RO          111    .text.HardFault_Handler  stm32h7xx_it.o
    0x08004e14   0x08004e14   0x00000004   PAD
    0x08004e18   0x08004e18   0x00000056   Code   RO           31    .text.MPU_Config    main.o
    0x08004e6e   0x08004e6e   0x00000002   PAD
    0x08004e70   0x08004e70   0x0000010e   Code   RO           50    .text.MX_GPIO_Init  gpio.o
    0x08004f7e   0x08004f7e   0x00000002   PAD
    0x08004f80   0x08004f80   0x00000066   Code   RO           58    .text.MX_SPI1_Init  spi.o
    0x08004fe6   0x08004fe6   0x00000002   PAD
    0x08004fe8   0x08004fe8   0x000000ea   Code   RO           72    .text.MX_TIM1_Init  tim.o
    0x080050d2   0x080050d2   0x00000006   PAD
    0x080050d8   0x080050d8   0x0000005e   Code   RO           76    .text.MX_TIM7_Init  tim.o
    0x08005136   0x08005136   0x00000002   PAD
    0x08005138   0x08005138   0x0000008e   Code   RO           95    .text.MX_USART1_UART_Init  usart.o
    0x080051c6   0x080051c6   0x00000002   PAD
    0x080051c8   0x080051c8   0x00000004   Code   RO          113    .text.MemManage_Handler  stm32h7xx_it.o
    0x080051cc   0x080051cc   0x00000004   PAD
    0x080051d0   0x080051d0   0x00000004   Code   RO          109    .text.NMI_Handler   stm32h7xx_it.o
    0x080051d4   0x080051d4   0x00000004   PAD
    0x080051d8   0x080051d8   0x0000006c   Code   RO          512    .text.NVIC_EncodePriority  stm32h7xx_hal_cortex.o
    0x08005244   0x08005244   0x0000000c   PAD
    0x08005250   0x08005250   0x00000064   Code   RO         2037    .text.PendSV_Handler  port.o
    0x080052b4   0x080052b4   0x00000004   PAD
    0x080052b8   0x080052b8   0x000001ca   Code   RO          616    .text.RCCEx_PLL2_Config  stm32h7xx_hal_rcc_ex.o
    0x08005482   0x08005482   0x00000006   PAD
    0x08005488   0x08005488   0x000001ca   Code   RO          618    .text.RCCEx_PLL3_Config  stm32h7xx_hal_rcc_ex.o
    0x08005652   0x08005652   0x00000006   PAD
    0x08005658   0x08005658   0x0000002a   Code   RO         1393    .text.SPI_GetPacketSize  stm32h7xx_hal_spi.o
    0x08005682   0x08005682   0x0000000e   PAD
    0x08005690   0x08005690   0x00000024   Code   RO         2033    .text.SVC_Handler   port.o
    0x080056b4   0x080056b4   0x00000004   PAD
    0x080056b8   0x080056b8   0x0000005e   Code   RO           19    .text.Set_GPIO_EXTI  main.o
    0x08005716   0x08005716   0x00000002   PAD
    0x08005718   0x08005718   0x00000060   Code   RO           21    .text.Set_GPIO_OUTPUT  main.o
    0x08005778   0x08005778   0x00000016   Code   RO           23    .text.SwitchTo_EXTI  main.o
    0x0800578e   0x0800578e   0x00000002   PAD
    0x08005790   0x08005790   0x00000042   Code   RO         2051    .text.SysTick_Handler  port.o
    0x080057d2   0x080057d2   0x00000006   PAD
    0x080057d8   0x080057d8   0x000000e6   Code   RO           33    .text.SystemClock_Config  main.o
    0x080058be   0x080058be   0x00000002   PAD
    0x080058c0   0x080058c0   0x0000018c   Code   RO         1704    .text.SystemInit    system_stm32h7xx.o
    0x08005a4c   0x08005a4c   0x00000004   PAD
    0x08005a50   0x08005a50   0x00000010   Code   RO          121    .text.TIM6_DAC_IRQHandler  stm32h7xx_it.o
    0x08005a60   0x08005a60   0x00000010   Code   RO          123    .text.TIM7_IRQHandler  stm32h7xx_it.o
    0x08005a70   0x08005a70   0x000001a4   Code   RO          158    .text.TIM_Base_SetConfig  stm32h7xx_hal_tim.o
    0x08005c14   0x08005c14   0x00000004   PAD
    0x08005c18   0x08005c18   0x00000150   Code   RO          302    .text.TIM_OC1_SetConfig  stm32h7xx_hal_tim.o
    0x08005d68   0x08005d68   0x0000016c   Code   RO          304    .text.TIM_OC2_SetConfig  stm32h7xx_hal_tim.o
    0x08005ed4   0x08005ed4   0x00000004   PAD
    0x08005ed8   0x08005ed8   0x0000016a   Code   RO          306    .text.TIM_OC3_SetConfig  stm32h7xx_hal_tim.o
    0x08006042   0x08006042   0x00000006   PAD
    0x08006048   0x08006048   0x000000da   Code   RO          308    .text.TIM_OC4_SetConfig  stm32h7xx_hal_tim.o
    0x08006122   0x08006122   0x00000006   PAD
    0x08006128   0x08006128   0x000000d0   Code   RO          310    .text.TIM_OC5_SetConfig  stm32h7xx_hal_tim.o
    0x080061f8   0x080061f8   0x000000d2   Code   RO          312    .text.TIM_OC6_SetConfig  stm32h7xx_hal_tim.o
    0x080062ca   0x080062ca   0x00000006   PAD
    0x080062d0   0x080062d0   0x00000086   Code   RO         1679    .text.UARTEx_SetNbDataToProcess  stm32h7xx_hal_uart_ex.o
    0x08006356   0x08006356   0x00000002   PAD
    0x08006358   0x08006358   0x00000148   Code   RO         1515    .text.UART_AdvFeatureConfig  stm32h7xx_hal_uart.o
    0x080064a0   0x080064a0   0x00000146   Code   RO         1519    .text.UART_CheckIdleState  stm32h7xx_hal_uart.o
    0x080065e6   0x080065e6   0x00000002   PAD
    0x080065e8   0x080065e8   0x0000009e   Code   RO         1571    .text.UART_EndRxTransfer  stm32h7xx_hal_uart.o
    0x08006686   0x08006686   0x00000002   PAD
    0x08006688   0x08006688   0x00000922   Code   RO         1517    .text.UART_SetConfig  stm32h7xx_hal_uart.o
    0x08006faa   0x08006faa   0x00000006   PAD
    0x08006fb0   0x08006fb0   0x0000010c   Code   RO         1533    .text.UART_WaitOnFlagUntilTimeout  stm32h7xx_hal_uart.o
    0x080070bc   0x080070bc   0x00000004   PAD
    0x080070c0   0x080070c0   0x00000004   Code   RO          117    .text.UsageFault_Handler  stm32h7xx_it.o
    0x080070c4   0x080070c4   0x00000004   PAD
    0x080070c8   0x080070c8   0x00000030   Code   RO          516    .text.__NVIC_EnableIRQ  stm32h7xx_hal_cortex.o
    0x080070f8   0x080070f8   0x00000010   Code   RO          508    .text.__NVIC_GetPriorityGrouping  stm32h7xx_hal_cortex.o
    0x08007108   0x08007108   0x00000042   Code   RO          510    .text.__NVIC_SetPriority  stm32h7xx_hal_cortex.o
    0x0800714a   0x0800714a   0x00000006   PAD
    0x08007150   0x08007150   0x0000003c   Code   RO          504    .text.__NVIC_SetPriorityGrouping  stm32h7xx_hal_cortex.o
    0x0800718c   0x0800718c   0x00000004   PAD
    0x08007190   0x08007190   0x00000022   Code   RO           11    .text.fputc         main.o
    0x080071b2   0x080071b2   0x00000006   PAD
    0x080071b8   0x080071b8   0x000000d6   Code   RO           29    .text.main          main.o
    0x0800728e   0x0800728e   0x00000002   PAD
    0x08007290   0x08007290   0x0000003c   Code   RO         1728    .text.prvResetNextTaskUnblockTime  tasks.o
    0x080072cc   0x080072cc   0x00000004   PAD
    0x080072d0   0x080072d0   0x00000136   Code   RO         1756    .text.vTaskSwitchContext  tasks.o
    0x08007406   0x08007406   0x00000002   PAD
    0x08007408   0x08007408   0x00000278   Code   RO         1772    .text.xTaskIncrementTick  tasks.o
    0x08007680   0x08007680   0x00000020   Code   RO         2080    i.__0printf         mc_w.l(printfa.o)
    0x080076a0   0x080076a0   0x0000000e   Code   RO         2156    i.__scatterload_copy  mc_w.l(handlers.o)
    0x080076ae   0x080076ae   0x00000002   Code   RO         2157    i.__scatterload_null  mc_w.l(handlers.o)
    0x080076b0   0x080076b0   0x0000000e   Code   RO         2158    i.__scatterload_zeroinit  mc_w.l(handlers.o)
    0x080076be   0x080076be   0x00000002   PAD
    0x080076c0   0x080076c0   0x00000184   Code   RO         2087    i._fp_digits        mc_w.l(printfa.o)
    0x08007844   0x08007844   0x000006dc   Code   RO         2088    i._printf_core      mc_w.l(printfa.o)
    0x08007f20   0x08007f20   0x00000024   Code   RO         2089    i._printf_post_padding  mc_w.l(printfa.o)
    0x08007f44   0x08007f44   0x0000002e   Code   RO         2090    i._printf_pre_padding  mc_w.l(printfa.o)
    0x08007f72   0x08007f72   0x00000010   Data   RO         1712    .rodata.D1CorePrescTable  system_stm32h7xx.o
    0x08007f82   0x08007f82   0x00000008   Data   RO         1696    .rodata.UARTEx_SetNbDataToProcess.denominator  stm32h7xx_hal_uart_ex.o
    0x08007f8a   0x08007f8a   0x00000008   Data   RO         1695    .rodata.UARTEx_SetNbDataToProcess.numerator  stm32h7xx_hal_uart_ex.o
    0x08007f92   0x08007f92   0x00000018   Data   RO         1651    .rodata.UARTPrescTable  stm32h7xx_hal_uart.o
    0x08007faa   0x08007faa   0x000000ff   Data   RO           40    .rodata.str1.1      main.o
    0x080080a9   0x080080a9   0x00000003   PAD
    0x080080ac   0x080080ac   0x00000020   Data   RO         2155    Region$$Table       anon$$obj.o


    Execution Region RW_IRAM1 (Exec base: 0x20000000, Load base: 0x080080cc, Size: 0x00000000, Max: 0x00020000, ABSOLUTE)

    **** No section assigned to this execution region ****


    Execution Region RW_IRAM2 (Exec base: 0x24000000, Load base: 0x080080d0, Size: 0x000006e0, Max: 0x00080000, ABSOLUTE)

    Exec Addr    Load Addr    Size         Type   Attr      Idx    E Section Name        Object

    0x24000000   0x080080d0   0x00000004   Data   RW         2121    .data               mc_w.l(stdout.o)
    0x24000004   0x080080d4   0x00000004   Data   RW         1710    .data.SystemCoreClock  system_stm32h7xx.o
    0x24000008   0x080080d8   0x00000004   Data   RW         1711    .data.SystemD2Clock  system_stm32h7xx.o
    0x2400000c   0x080080dc   0x00000001   Data   RW         1169    .data.uwTickFreq    stm32h7xx_hal.o
    0x2400000d   0x080080dd   0x00000003   PAD
    0x24000010   0x080080e0   0x00000004   Data   RW         1168    .data.uwTickPrio    stm32h7xx_hal.o
    0x24000014   0x080080e4   0x00000004   PAD
    0x24000018        -       0x00000001   Zero   RW           41    .bss.flag           main.o
    0x24000019   0x080080e4   0x00000003   PAD
    0x2400001c        -       0x00000088   Zero   RW           64    .bss.hspi1          spi.o
    0x240000a4        -       0x0000004c   Zero   RW           86    .bss.htim1          tim.o
    0x240000f0        -       0x0000004c   Zero   RW          146    .bss.htim6          stm32h7xx_hal_timebase_tim.o
    0x2400013c        -       0x0000004c   Zero   RW           87    .bss.htim7          tim.o
    0x24000188        -       0x00000094   Zero   RW          101    .bss.huart1         usart.o
    0x2400021c        -       0x00000004   Zero   RW         1862    .bss.pxCurrentTCB   tasks.o
    0x24000220        -       0x00000004   Zero   RW         1872    .bss.pxDelayedTaskList  tasks.o
    0x24000224        -       0x00000004   Zero   RW         1873    .bss.pxOverflowDelayedTaskList  tasks.o
    0x24000228        -       0x0000008c   Zero   RW         1863    .bss.pxReadyTasksLists  tasks.o
    0x240002b4        -       0x00000004   Zero   RW           39    .bss.ulHighFrequencyTimerTicks  main.o
    0x240002b8        -       0x00000004   Zero   RW         1883    .bss.ulTaskSwitchedInTime  tasks.o
    0x240002bc        -       0x00000004   Zero   RW         1882    .bss.ulTotalRunTime  tasks.o
    0x240002c0        -       0x00000004   Zero   RW         1170    .bss.uwTick         stm32h7xx_hal.o
    0x240002c4        -       0x00000004   Zero   RW         1870    .bss.uxSchedulerSuspended  tasks.o
    0x240002c8        -       0x00000004   Zero   RW         1864    .bss.uxTopReadyPriority  tasks.o
    0x240002cc        -       0x00000004   Zero   RW         1877    .bss.xNextTaskUnblockTime  tasks.o
    0x240002d0        -       0x00000004   Zero   RW         1881    .bss.xNumOfOverflows  tasks.o
    0x240002d4        -       0x00000004   Zero   RW         1880    .bss.xPendedTicks   tasks.o
    0x240002d8        -       0x00000004   Zero   RW         1871    .bss.xTickCount     tasks.o
    0x240002dc        -       0x00000004   Zero   RW         1876    .bss.xYieldPendings  tasks.o
    0x240002e0        -       0x00000400   Zero   RW            1    STACK               startup_stm32h743xx.o


==============================================================================

Image component sizes


      Code (inc. data)   RO Data    RW Data    ZI Data      Debug   Object Name

       270          0          0          0          0       2993   gpio.o
       900          0        255          0          5      14644   main.o
       202          8          0          0          0       3923   port.o
       270          0          0          0        136       8132   spi.o
        44         12        664          0       1024        840   startup_stm32h743xx.o
       270          0          0          5          4      13778   stm32h7xx_hal.o
       590          0          0          0          0      11584   stm32h7xx_hal_cortex.o
      1630          0          0          0          0       7027   stm32h7xx_hal_gpio.o
        36          0          0          0          0       2239   stm32h7xx_hal_msp.o
       162          0          0          0          0      10391   stm32h7xx_hal_pwr_ex.o
      5142         66          0          0          0      11943   stm32h7xx_hal_rcc.o
      6538         96          0          0          0      19301   stm32h7xx_hal_rcc_ex.o
       700          0          0          0          0      20811   stm32h7xx_hal_spi.o
      3534         22          0          0          0      37567   stm32h7xx_hal_tim.o
       642          0          0          0          0      17502   stm32h7xx_hal_tim_ex.o
       220          0          0          0         76       9674   stm32h7xx_hal_timebase_tim.o
      3900        258         24          0          0      29302   stm32h7xx_hal_uart.o
       538          0         16          0          0       8902   stm32h7xx_hal_uart_ex.o
        54          0          0          0          0        956   stm32h7xx_it.o
       436          0         16          8          0       6208   system_stm32h7xx.o
      1002          0          0          0        188      28889   tasks.o
       564          0          0          0        152      11180   tim.o
       312          0          0          0        148       8053   usart.o

    ----------------------------------------------------------------------
     28260        474       1010         16       1740     285839   Object Totals
         0          0         32          0          0          0   (incl. Generated)
       304         12          3          3          7          0   (incl. Padding)

    ----------------------------------------------------------------------

      Code (inc. data)   RO Data    RW Data    ZI Data      Debug   Library Member Name

         0          0          0          0          0          0   entry.o
         0          0          0          0          0          0   entry10a.o
         0          0          0          0          0          0   entry11a.o
         8          4          0          0          0          0   entry2.o
         4          0          0          0          0          0   entry5.o
         0          0          0          0          0          0   entry7b.o
         0          0          0          0          0          0   entry8b.o
         8          4          0          0          0          0   entry9a.o
        30          0          0          0          0          0   handlers.o
        48         10          0          0          0         68   init.o
         0          0          0          0          0          0   iusefp.o
        30          0          0          0          0         68   llshl.o
        36          0          0          0          0         68   llsshr.o
        32          0          0          0          0         68   llushr.o
        36          0          0          0          0        108   memseta.o
      2258         90          0          0          0        452   printfa.o
         0          0          0          4          0          0   stdout.o
        44          0          0          0          0         80   uidiv.o
        98          0          0          0          0         92   uldiv.o
        48          0          0          0          0         68   cdrcmple.o
       334          0          0          0          0        148   dadd.o
       222          0          0          0          0        100   ddiv.o
       186          0          0          0          0        176   depilogue.o
        48          0          0          0          0         68   dfixul.o
       228          0          0          0          0         96   dmul.o

    ----------------------------------------------------------------------
      3702        108          0          4          0       1660   Library Totals
         4          0          0          0          0          0   (incl. Padding)

    ----------------------------------------------------------------------

      Code (inc. data)   RO Data    RW Data    ZI Data      Debug   Library Name

      2632        108          0          4          0       1004   mc_w.l
      1066          0          0          0          0        656   mf_w.l

    ----------------------------------------------------------------------
      3702        108          0          4          0       1660   Library Totals

    ----------------------------------------------------------------------

==============================================================================


      Code (inc. data)   RO Data    RW Data    ZI Data      Debug   

     31962        582       1010         20       1740     286451   Grand Totals
     31962        582       1010         20       1740     286451   ELF Image Totals
     31962        582       1010         20          0          0   ROM Totals

==============================================================================

    Total RO  Size (Code + RO Data)                32972 (  32.20kB)
    Total RW  Size (RW Data + ZI Data)              1760 (   1.72kB)
    Total ROM Size (Code + RO Data + RW Data)      32992 (  32.22kB)

==============================================================================

